W/ContextImpl(  845): Calling a method in the system process without a qualified user: android.app.ContextImpl.sendBroadcast:1083 android.content.ContextWrapper.sendBroadcast:349 com.android.internal.policy.impl.MiuiLockPatternKeyguardView.sendKeyguardUsageAnalytics:815 com.android.internal.policy.impl.MiuiLockPatternKeyguardView.onScreenTurnedOff:784 com.android.internal.policy.impl.AbstractKeyguardViewManager.onScreenTurnedOff:248 
E/Diag_Lib(  575): [IMS_FATAL]| 2912 | 585 |ims-rtp-daemon ims_rtp_qmi_handler_thread_func waiting on select thread>
W/ContextImpl( 1134): Calling a method in the system process without a qualified user: android.app.ContextImpl.startService:1413 android.content.ContextWrapper.startService:473 android.content.ContextWrapper.startService:473 com.android.settings.AnalyticsReceiver.onReceive:23 android.app.ActivityThread.handleReceiver:2430 
D/wpa_supplicant(25698): wlan0: Control interface command 'DRIVER SETSUSPENDMODE 1'
D/LockPatternKeyguardView(  845): getUnlockMode sim1=READY sim2=READY
W/ContextImpl(  845): Calling a method in the system process without a qualified user: android.app.ContextImpl.sendBroadcast:1083 android.content.ContextWrapper.sendBroadcast:349 com.android.internal.policy.impl.MiuiLockPatternKeyguardView.sendKeyguardUsageAnalytics:815 com.android.internal.policy.impl.MiuiLockPatternKeyguardView.onScreenTurnedOff:784 com.android.internal.policy.impl.AbstractKeyguardViewManager.onScreenTurnedOff:248 
W/ContextImpl( 1134): Calling a method in the system process without a qualified user: android.app.ContextImpl.startService:1413 android.content.ContextWrapper.startService:473 android.content.ContextWrapper.startService:473 com.android.settings.AnalyticsReceiver.onReceive:23 android.app.ActivityThread.handleReceiver:2430 
I/XIAOMIANALYTICS( 1134): start session(com.android.settings)
I/XIAOMIANALYTICS( 1134): end session(com.android.settings)
V/AudioHardwareALSA(  255): virtual android::status_t android_audio_legacy::AudioHardwareALSA::setParameters(const android::String8&)() ,screen_state=off
V/AudioHardwareALSA(  255): status = 0, param.size =1
D/LightsService(  845): Excessive delay setting light: 90ms
D/SurfaceFlinger(  252): Screen released, type=0 flinger=0xb7592478
D/qdhwcomposer(  252): hwc_blank: Blanking display: 0
D/LockPatternKeyguardView(  845): getUnlockMode sim1=READY sim2=READY
W/ContextImpl( 1134): Calling a method in the system process without a qualified user: android.app.ContextImpl.startService:1413 android.content.ContextWrapper.startService:473 android.content.ContextWrapper.startService:473 com.android.settings.AnalyticsReceiver.onReceive:23 android.app.ActivityThread.handleReceiver:2430 
I/XIAOMIANALYTICS( 1134): start session(com.android.settings)
I/XIAOMIANALYTICS( 1134): end session(com.android.settings)
D/wpa_supplicant(25698): wpa_driver_nl80211_driver_cmd SETSUSPENDMODE 1 len = 0, 4096
I/XIAOMIANALYTICS( 1134): start session(com.android.settings)
V/PhoneStatusBar( 1081): setLightsOn(true)
I/XIAOMIANALYTICS( 1134): end session(com.android.settings)
D/PhoneStatusBar( 1081): disable: < expand icons alerts ticker system_info BACK* HOME* RECENT clock >
D/qdhwcomposer(  252): hwc_blank: Done blanking display: 0
D/SurfaceControl(  845): Excessive delay in blankDisplay() while turning screen off: 258ms
I/QCOM PowerHAL(  845): Got set_interactive hint
D/SizeAdaptiveLayout( 1081): com.android.internal.widget.SizeAdaptiveLayout{42a5c090 V.E..... ......ID 0,0-698,130 #7f0d00b6 app:id/adaptive}child view android.widget.FrameLayout{42c645d0 V.E..... ......ID 0,0-698,129 #1020315 android:id/status_bar_latest_event_content} measured out of bounds at 129px clamped to 130px
D/SizeAdaptiveLayout( 1081): com.android.internal.widget.SizeAdaptiveLayout{42ea0cc8 V.E..... ......ID 0,0-698,130 #7f0d00b6 app:id/adaptive}child view android.widget.FrameLayout{43e3a090 V.E..... ......ID 0,0-698,129 #1020315 android:id/status_bar_latest_event_content} measured out of bounds at 129px clamped to 130px
W/PushService( 1193): 2014-09-06 15:16:22,354 - [WARN::PushService] - Service called on timer
D/ConnectivityServiceHSM(  845): Actual State: DefaultConnectivityState, Current State: DefaultConnectivityState.processMessage what=113
D/ConnectivityServiceHSM(  845): Actual State: DefaultConnectivityState, Current State: DefaultConnectivityState.processMessage what=113
I/TrafficManageService( 1875): mina mTrafficStatsReceiver onReceive
I/TrafficManageService( 1875): mina checkNormalTrafficStatus 
D/SizeAdaptiveLayout( 1081): com.android.internal.widget.SizeAdaptiveLayout{42a5c090 V.E..... ......ID 0,0-698,130 #7f0d00b6 app:id/adaptive}child view android.widget.FrameLayout{42c645d0 V.E..... ......ID 0,0-698,129 #1020315 android:id/status_bar_latest_event_content} measured out of bounds at 129px clamped to 130px
D/SizeAdaptiveLayout( 1081): com.android.internal.widget.SizeAdaptiveLayout{42ea0cc8 V.E..... ......ID 0,0-698,130 #7f0d00b6 app:id/adaptive}child view android.widget.FrameLayout{43e3a090 V.E..... ......ID 0,0-698,129 #1020315 android:id/status_bar_latest_event_content} measured out of bounds at 129px clamped to 130px
V/wmh     (32494): ProxyTask:name=updateFolderList,startTime = 1409987855034
V/wmh     (32494): onCnnected Time = 1409987855039
V/wmh     (32494): start
W/Email   (32494): Received BYE
W/Email   (32494): Received BYE
I/XiaomiFirewall( 1875): firewall pkgName:com.android.email, result:0
I/ActivityManager(  845): Process com.miui.notes (pid 10111) has died.
V/wmh     (32494): after
V/wmh     (32494): notify
D/dalvikvm(32494): GC_CONCURRENT freed 2525K, 17% free 15081K/17972K, paused 2ms+6ms, total 50ms
D/Email   (32494): Insert: content://com.android.email.provider/message
D/dalvikvm(  845): GC_EXPLICIT freed 2116K, 18% free 25736K/31020K, paused 3ms+8ms, total 91ms

I/NotifUtils(32494): Validating Notification, mapSize: 1 getAttention: true
I/NotifUtils(32494): Showing notification with unreadCount of 1 and unseenCount of 1
D/dalvikvm(32494): GC_FOR_ALLOC freed 1199K, 19% free 14692K/18016K, paused 28ms, total 28ms
D/dalvikvm(32494): GC_FOR_ALLOC freed 12K, 19% free 14721K/18016K, paused 23ms, total 23ms
I/dalvikvm-heap(32494): Grow heap (frag case) to 16.505MB for 41632-byte allocation
D/webviewglue(32494): OnTrimMemory with EGL Context 0x0
D/dalvikvm(32494): GC_FOR_ALLOC freed 54K, 19% free 14714K/18060K, paused 24ms, total 24ms
D/dalvikvm(32494): GC_FOR_ALLOC freed 33K, 19% free 14722K/18060K, paused 24ms, total 24ms
I/dalvikvm-heap(32494): Grow heap (frag case) to 16.505MB for 41632-byte allocation
D/dalvikvm(32494): GC_FOR_ALLOC freed 2K, 19% free 14763K/18104K, paused 24ms, total 24ms
I/dalvikvm-heap(32494): Grow heap (frag case) to 16.545MB for 41632-byte allocation
D/dalvikvm(32494): GC_FOR_ALLOC freed 1K, 19% free 14803K/18148K, paused 23ms, total 23ms
I/dalvikvm-heap(32494): Grow heap (frag case) to 16.585MB for 41632-byte allocation
D/dalvikvm(32494): GC_FOR_ALLOC freed 3K, 19% free 14845K/18192K, paused 23ms, total 23ms
I/dalvikvm-heap(32494): Grow heap (frag case) to 16.625MB for 40016-byte allocation

I/NotifUtils(32494): Account: -519145170 vibrate: false
I/NotifUtils(32494): New email in -519145170 vibrateWhen: false, playing notification: content://settings/system/notification_sound
D/dalvikvm(32494): GC_FOR_ALLOC freed 434K, 20% free 14637K/18232K, paused 24ms, total 25ms
D/PhoneStatusBar( 1081): addNotification pkg=com.android.email;targetpkg=com.android.email;id=1943704881
D/AwesomePlayer(  255): Before reset_l
D/AwesomePlayer(  255): printFileName fd(39) -> /data/system/ringtones/notification.mp3
D/QCUtils (  255): extended extractor not needed, return default
I/AudioService(  845):  AudioFocus  requestAudioFocus() from android.media.AudioManager@4276e4b0
I/OMXNodeInstance(  255): OMX_FreeBuffer for buffer header 0xb713da58 successful

I/OMXNodeInstance(  255): OMX_FreeBuffer for buffer header 0xb7135b38 successful
I/OMXNodeInstance(  255): OMX_FreeBuffer for buffer header 0xb7135c78 successful
I/OMXNodeInstance(  255): OMX_FreeBuffer for buffer header 0xb7135da0 successful
D/AudioPolicyManagerALSA(  255): isStreamActive: 0
V/EffectDiracSound(  255): DiracSound_command() start, cmdCode=9
V/EffectDiracSound(  255): DiracSound_Command EFFECT_CMD_SET_DEVICE: 0x00000002
E/ALSAStreamOps(  255): setParameters(): keyRouting with device2 0x2

D/AudioHardwareALSA(  255): device = 0x2,mCurDevice 0x2
I/AudioHardwareALSA(  255): Device and mCurDevice is the same, no need to routing
I/AudioFlinger(  255): setAppName(), name=[com.android.systemui], active=[1]
V/EffectDiracSound(  255): DiracSound_command() start, cmdCode=22
V/EffectDiracSound(  255): DiracSound_Command EFFECT_CMD_SET_APP_NAME: +com.android.systemui
I/OMXNodeInstance(  255): OMX_FreeBuffer for buffer header 0xb7350160 successful
I/OMXNodeInstance(  255): OMX_FreeBuffer for buffer header 0xb73500a8 successful
I/OMXNodeInstance(  255): OMX_FreeBuffer for buffer header 0xb734ffd8 successful

I/OMXNodeInstance(  255): OMX_FreeBuffer for buffer header 0xb734fe98 successful
I/OMXNodeInstance(  255): OMX_FreeBuffer for buffer header 0xb7351ae0 successful
I/OMXNodeInstance(  255): OMX_FreeBuffer for buffer header 0xb73519b8 successful
I/OMXNodeInstance(  255): OMX_FreeBuffer for buffer header 0xb7351878 successful
I/OMXNodeInstance(  255): OMX_FreeBuffer for buffer header 0xb73517a0 successful
W/AudioFlinger(  255): session id 134 not found for pid 1081

D/ALSADevice(  255): route: devices 0x2 in mode 0
D/ALSADevice(  255): setEndpDevice: device 2
D/ALSADevice(  255): setMixerControl:: name DS1 DAP Endpoint count 1
D/ALSADevice(  255): DMID value: 0
D/ALSADevice(  255): setMixerControl:: name DS1 Security count 1
D/ALSADevice(  255): switchDevice: device 0x2 mode:0
D/ALSADevice(  255): getUCMDevice for output device: devices:2 is input device:0
D/ALSADevice(  255): switchDevice: rxDevice Speaker devices:0x2
D/ALSADevice(  255): getUCMDevice for input device: devices:0 is input device:1

D/ALSADevice(  255): No valid input device: 0
D/ALSADevice(  255): switchDevice: txDevice:(null) devices:0x2
D/alsa_ucm(  255): snd_use_case_set(): uc_mgr 0xb6ffd380 identifier _enadev value Speaker
D/ALSADevice(  255): switchDevice: mCurTxUCMDevice DMIC Endfire mCurRxDevDevice Speaker
D/ALSADevice(  255): rx_ACDB_id=14, tx_ACDB_id=41
D/alsa_ucm(  255): snd_use_case_set(): uc_mgr 0xb6ffd380 identifier _verb value HiFi
D/alsa_ucm(  255): Set mixer controls for Speaker enable 1
D/alsa_ucm(  255): acdb_id 14 cap 1 enable 1
D/ACDB-LOADER(  255): ACDB -> send_audio_cal, acdb_id = 14, path =  0

D/ACDB-LOADER(  255): ACDB -> send_adm_topology
D/ACDB-LOADER(  255): ACDB -> ACDB_CMD_GET_AUDPROC_COMMON_TOPOLOGY_ID
D/ACDB-LOADER(  255): ACDB -> send_audtable
D/ACDB-LOADER(  255): ACDB -> ACDB_CMD_GET_AUDPROC_COMMON_TABLE
D/ACDB-LOADER(  255): ACDB -> AUDIO_SET_AUDPROC_CAL
D/ACDB-LOADER(  255): ACDB -> send_audvoltable
D/ACDB-LOADER(  255): ACDB -> ACDB_CMD_GET_AUDPROC_GAIN_DEP_STEP_TABLE

D/ACDB-LOADER(  255): ACDB -> AUDIO_SET_AUDPROC_VOL_CAL
D/ACDB-LOADER(  255): ACDB -> AUDIO_SET_AFE_CAL
D/alsa_ucm(  255): Setting mixer control: SLIM RX1 MUX, value: AIF1_PB
D/alsa_ucm(  255): Setting mixer control: SLIM_0_RX Channels, value: One
D/alsa_ucm(  255): Setting mixer control: RX4 MIX1 INP1, value: RX1
D/alsa_ucm(  255): Setting mixer control: RX4 Digital Volume, value: 70
D/alsa_ucm(  255): Setting mixer control: SPK DAC Switch, value: 1
D/alsa_ucm(  255): Setting mixer control: COMP0 Switch, value: 1

D/alsa_ucm(  255): Set mixer controls for HiFi enable 1
D/alsa_ucm(  255): Setting mixer control: SLIMBUS_0_RX Audio Mixer MultiMedia1, value: 1
D/ALSADevice(  255): close: handle 0xb70dfb50 h 0x0
D/ALSADevice(  255): open: handle 0xb70dfb50, format 0x2
D/ALSADevice(  255): Music case
D/ALSADevice(  255): Device value returned is hw:0,0
D/ALSADevice(  255): flags 0, devName hw:0,0

D/ALSADevice(  255): handle->format: 0x2
D/ALSADevice(  255): setHardwareParams: reqBuffSize 2048 channels 2 sampleRate 48000
D/ALSADevice(  255): setHardwareParams: buffer_size 16384, period_size 2048, period_cnt 8
I/ActivityManager(  845): Process com.google.android.gms (pid 10644) has died.
I/NotifUtils(32494): Validating Notification, mapSize: 1 getAttention: true
D/Email   (32494): Insert: content://com.android.email.provider/body
D/dalvikvm( 1081): GC_CONCURRENT freed 3303K, 40% free 18739K/30944K, paused 4ms+5ms, total 41ms
D/dalvikvm( 1355): GC_FOR_ALLOC freed 2138K, 21% free 34609K/43444K, paused 51ms, total 51ms
I/dalvikvm-heap( 1355): Grow heap (frag case) to 36.035MB for 155152-byte allocation

I/NotifUtils(32494): validateNotifications - cancelling account -519145170 / folder -1425292080
D/dalvikvm( 1355): GC_FOR_ALLOC freed 172K, 21% free 34590K/43596K, paused 39ms, total 39ms
I/dalvikvm-heap( 1355): Grow heap (frag case) to 36.015MB for 155152-byte allocation
D/dalvikvm( 1355): GC_FOR_ALLOC freed 311K, 22% free 34432K/43748K, paused 36ms, total 36ms
I/dalvikvm-heap( 1355): Grow heap (frag case) to 35.862MB for 155152-byte allocation
I/NotifUtils(32494): Validating Notification, mapSize: 1 getAttention: true
D/dalvikvm( 1355): GC_FOR_ALLOC freed 281K, 22% free 34304K/43900K, paused 36ms, total 36ms
I/dalvikvm-heap( 1355): Grow heap (frag case) to 35.736MB for 155152-byte allocation

I/NotifUtils(32494): validateNotifications - cancelling account -519145170 / folder -1812635783
D/dalvikvm( 1355): GC_FOR_ALLOC freed 947K, 24% free 33510K/44052K, paused 33ms, total 33ms
I/dalvikvm-heap( 1355): Grow heap (frag case) to 34.960MB for 155152-byte allocation
D/dalvikvm( 1355): GC_FOR_ALLOC freed 973K, 27% free 32689K/44204K, paused 25ms, total 26ms
I/dalvikvm-heap( 1355): Grow heap (frag case) to 34.160MB for 155152-byte allocation
D/dalvikvm( 1355): GC_FOR_ALLOC freed 895K, 28% free 31948K/44356K, paused 21ms, total 21ms
I/dalvikvm-heap( 1355): Grow heap (frag case) to 33.435MB for 155152-byte allocation

D/dalvikvm( 1355): GC_FOR_ALLOC freed 1K, 28% free 32099K/44508K, paused 18ms, total 19ms
I/dalvikvm-heap( 1355): Grow heap (frag case) to 33.583MB for 155152-byte allocation
D/dalvikvm( 1355): GC_FOR_ALLOC freed 72K, 28% free 32273K/44660K, paused 18ms, total 18ms
I/dalvikvm-heap( 1355): Grow heap (frag case) to 33.781MB for 184336-byte allocation
I/ActivityManager(  845): Process com.miui.gallery (pid 10880) has died.
D/wpa_supplicant(25698): wlan0: BSS: Remove id 633 BSSID 38:83:45:7f:c0:e4 SSID 'TP-LINK_PocketAP_7FC0E4' due to wpa_bss_flush_by_age
D/wpa_supplicant(25698): wlan0: BSS: Remove id 634 BSSID 08:10:76:a5:8d:3e SSID 'ip' due to wpa_bss_flush_by_age
D/wpa_supplicant(25698): wlan0: BSS: Remove id 635 BSSID f4:ec:38:4e:85:68 SSID 'TP-LINK_4E8568' due to wpa_bss_flush_by_age

D/wpa_supplicant(25698): wlan0: BSS: Remove id 636 BSSID c8:3a:35:0a:3b:c8 SSID 'Tenda_0A3BC8' due to wpa_bss_flush_by_age
D/wpa_supplicant(25698): wlan0: BSS: Remove id 637 BSSID 0c:72:2c:30:62:06 SSID 'tydic2014' due to wpa_bss_flush_by_age
D/wpa_supplicant(25698): wlan0: BSS: Remove id 638 BSSID 00:25:86:1f:1f:ae SSID 'TP-LINK_Eric' due to wpa_bss_flush_by_age
I/AudioService(  845):  AudioFocus  abandonAudioFocus() from android.media.AudioManager@4276e4b0
I/AudioFlinger(  255): setAppName(), name=[/system/bin/mediaserver], active=[0]
V/EffectDiracSound(  255): DiracSound_command() start, cmdCode=22
V/EffectDiracSound(  255): DiracSound_Command EFFECT_CMD_SET_APP_NAME: -/system/bin/mediaserver
I/ActivityManager(  845): Process com.miui.cloudservice (pid 10040) has died.

D/ALSADevice(  255): standby: handle 0xb70dfb50 h 0x0
D/ALSADevice(  255): standby handle h 0xb7148d40
D/alsa_ucm(  255): snd_use_case_set(): uc_mgr 0xb6ffd380 identifier _verb value Inactive
D/alsa_ucm(  255): Set mixer controls for HiFi enable 0
D/alsa_ucm(  255): Setting mixer control: SLIMBUS_0_RX Audio Mixer MultiMedia1, value: 0
D/ALSADevice(  255): usecase_type is 0
D/alsa_ucm(  255): snd_use_case_set(): uc_mgr 0xb6ffd380 identifier _disdev value DMIC Endfire
D/alsa_ucm(  255): disdev: device DMIC Endfire not enabled, no need to disable

D/alsa_ucm(  255): snd_use_case_set(): uc_mgr 0xb6ffd380 identifier _disdev value Speaker
D/alsa_ucm(  255): Set mixer controls for Speaker enable 0
D/alsa_ucm(  255): Setting mixer control: SLIM RX1 MUX, value: ZERO
D/alsa_ucm(  255): Setting mixer control: RX4 MIX1 INP1, value: ZERO
D/alsa_ucm(  255): Setting mixer control: SPK DAC Switch, value: 0
D/alsa_ucm(  255): Setting mixer control: COMP0 Switch, value: 0
D/AudioHardwareALSA(  255): closeUsbPlaybackIfNothingActive, musbPlaybackState: 0
V/AudioHardwareALSA(  255): getExtOutActiveUseCases_l: mExtOutActiveUseCases = 0

D/AudioUsbALSA(  255): exitPlaybackThread, mproxypfdPlayback: -1
D/AudioUsbALSA(  255): closeDevice handle 0x0
D/AudioUsbALSA(  255): closeDevice handle 0x0
V/EffectDiracSound(  255): DiracSound_command() start, cmdCode=21
V/EffectDiracSound(  255): DiracSound_Command EFFECT_CMD_SET_AUDIO_STANDBY, current mode = 0
D/SizeAdaptiveLayout( 1081): com.android.internal.widget.SizeAdaptiveLayout{42a5c090 V.E..... ......ID 0,0-698,130 #7f0d00b6 app:id/adaptive}child view android.widget.FrameLayout{42c645d0 V.E..... ......ID 0,0-698,129 #1020315 android:id/status_bar_latest_event_content} measured out of bounds at 129px clamped to 130px

D/SizeAdaptiveLayout( 1081): com.android.internal.widget.SizeAdaptiveLayout{42ea0cc8 V.E..... ......ID 0,0-698,130 #7f0d00b6 app:id/adaptive}child view android.widget.FrameLayout{43e3a090 V.E..... ......ID 0,0-698,129 #1020315 android:id/status_bar_latest_event_content} measured out of bounds at 129px clamped to 130px
D/webviewglue(32494): OnTrimMemory with EGL Context 0x0
D/SizeAdaptiveLayout( 1081): com.android.internal.widget.SizeAdaptiveLayout{42a5c090 V.E..... ......ID 0,0-698,130 #7f0d00b6 app:id/adaptive}child view android.widget.FrameLayout{42c645d0 V.E..... ......ID 0,0-698,129 #1020315 android:id/status_bar_latest_event_content} measured out of bounds at 129px clamped to 130px
D/SizeAdaptiveLayout( 1081): com.android.internal.widget.SizeAdaptiveLayout{42ea0cc8 V.E..... ......ID 0,0-698,130 #7f0d00b6 app:id/adaptive}child view android.widget.FrameLayout{43e3a090 V.E..... ......ID 0,0-698,129 #1020315 android:id/status_bar_latest_event_content} measured out of bounds at 129px clamped to 130px
I/ActivityManager(  845): Start proc com.google.android.gms for broadcast com.google.android.gms/.playlog.uploader.UploaderAlarmReceiver: pid=11366 uid=10077 gids={50077, 3003, 1007, 1028, 1015, 3002, 3001, 2001, 3006}
D/dalvikvm(11366): Trying to load lib /data/data/com.lbe.security.miui/app_hips/liblbeclient.so 0x4272f4a0
D/dalvikvm(11366): Added shared lib /data/data/com.lbe.security.miui/app_hips/liblbeclient.so 0x4272f4a0
I/MultiDex(11366): install
I/MultiDex(11366): MultiDexExtractor.load(/data/app/com.google.android.gms-2.apk, false)

I/MultiDex(11366): loading existing secondary dex files
I/MultiDex(11366): load found 1 secondary dex files
I/MultiDex(11366): install done
D/SizeAdaptiveLayout( 1081): com.android.internal.widget.SizeAdaptiveLayout{42a5c090 V.E..... ......ID 0,0-698,130 #7f0d00b6 app:id/adaptive}child view android.widget.FrameLayout{42c645d0 V.E..... ......ID 0,0-698,129 #1020315 android:id/status_bar_latest_event_content} measured out of bounds at 129px clamped to 130px
D/SizeAdaptiveLayout( 1081): com.android.internal.widget.SizeAdaptiveLayout{42ea0cc8 V.E..... ......ID 0,0-698,130 #7f0d00b6 app:id/adaptive}child view android.widget.FrameLayout{43e3a090 V.E..... ......ID 0,0-698,129 #1020315 android:id/status_bar_latest_event_content} measured out of bounds at 129px clamped to 130px
I/ProviderInstaller(11366): Insert disabled by gate 'gms:security:enable_conscrypt_in_gms_application'

W/PushService( 1193): 2014-09-06 15:21:22,591 - [WARN::PushService] - Service called on timer
I/dalvikvm(11366): Could not find method android.app.AppOpsManager.checkPackage, referenced from method cbf.a
W/dalvikvm(11366): VFY: unable to resolve virtual method 1279: Landroid/app/AppOpsManager;.checkPackage (ILjava/lang/String;)V
D/dalvikvm(11366): VFY: replacing opcode 0x6e at 0x0010
W/GLSUser ( 4681): GoogleAccountDataService.getToken()
I/XiaomiFirewall( 1875): firewall pkgName:com.google.android.gms, result:0
D/SizeAdaptiveLayout( 1081): com.android.internal.widget.SizeAdaptiveLayout{42a5c090 V.E..... ......ID 0,0-698,130 #7f0d00b6 app:id/adaptive}child view android.widget.FrameLayout{42c645d0 V.E..... ......ID 0,0-698,129 #1020315 android:id/status_bar_latest_event_content} measured out of bounds at 129px clamped to 130px
D/SizeAdaptiveLayout( 1081): com.android.internal.widget.SizeAdaptiveLayout{42ea0cc8 V.E..... ......ID 0,0-698,130 #7f0d00b6 app:id/adaptive}child view android.widget.FrameLayout{43e3a090 V.E..... ......ID 0,0-698,129 #1020315 android:id/status_bar_latest_event_content} measured out of bounds at 129px clamped to 130px
D/SizeAdaptiveLayout( 1081): com.android.internal.widget.SizeAdaptiveLayout{42a5c090 V.E..... ......ID 0,0-698,130 #7f0d00b6 app:id/adaptive}child view android.widget.FrameLayout{42c645d0 V.E..... ......ID 0,0-698,129 #1020315 android:id/status_bar_latest_event_content} measured out of bounds at 129px clamped to 130px

D/SizeAdaptiveLayout( 1081): com.android.internal.widget.SizeAdaptiveLayout{42ea0cc8 V.E..... ......ID 0,0-698,130 #7f0d00b6 app:id/adaptive}child view android.widget.FrameLayout{43e3a090 V.E..... ......ID 0,0-698,129 #1020315 android:id/status_bar_latest_event_content} measured out of bounds at 129px clamped to 130px
W/PushService( 1193): 2014-09-06 15:26:22,365 - [WARN::PushService] - Service called on timer
D/StatusBar.NetworkControllerGemini( 1081): PhoneStateListener:onSignalStrengthsChanged, sim1 before.
D/StatusBar.NetworkControllerGemini( 1081): PhoneStateListener:onSignalStrengthsChanged, signalStrength=3
V/ExtraGmTelephonyManager( 1081): phone type for sim 0: 1
V/ExtraGmTelephonyManager( 1081): phone type for sim 1: 1
D/StatusBar.NetworkControllerGemini( 1081): mNetworkName, sim1Inserted is true, sim2Inserted is true.networkname[0]=联通 3G;networkname[1]=移动
D/StatusBar.NetworkControllerGemini( 1081): PhoneStateListener:onSignalStrengthsChanged, sim1 after.

E/Parcel  (  306): Reading a NULL string not supported here.
E/Parcel  (  306): Reading a NULL string not supported here.
I/MSimTelephonyRegistry(  845): notifyServiceState: 1 1 home null null null  Unknown Unknown CSS not supported -1 -1 RoamInd=-1 DefRoamInd=-1 EmergOnly=true
D/BluetoothPhoneService( 1253): handleMessage: 1
V/MSimPhoneGlobals( 1253): Action intent recieved:android.intent.action.SERVICE_STATE
V/ExtraGmTelephonyManager( 1081): phone type for sim 0: 1
D/StatusBar.NetworkControllerGemini( 1081): updateNetworkName showSpn=false spn= showPlmn=true plmn=只能拨打紧急呼救电话 slotId=0
V/ExtraGmTelephonyManager( 1081): phone type for sim 1: 1
D/StatusBar.NetworkControllerGemini( 1081): mNetworkName, sim1Inserted is true, sim2Inserted is true.networkname[0]=只能拨打紧急呼救电话;networkname[1]=移动
D/StatusBar.NetworkControllerGemini( 1081): PhoneStateListener:onServiceStateChanged, sim1 before.

D/StatusBar.NetworkControllerGemini( 1081): PhoneStateListener:onServiceStateChanged, state=1
D/StatusBar.NetworkControllerGemini( 1081): PhoneStateListener:onServiceStateChanged sim1 mDataNetType= [I@42766330
V/ExtraGmTelephonyManager( 1081): phone type for sim 0: 1
D/MSimTelephonyRegistry(  845): Notify data connection state changed on sub: 0
V/ExtraGmTelephonyManager( 1081): phone type for sim 1: 1
V/Mms     ( 2070): [1] MmsSystemEventReceiver.java(166): Intent received: Intent { act=android.intent.action.ANY_DATA_STATE flg=0x10 (has extras) }
V/Mms     ( 2070): [1] MmsSystemEventReceiver.java(166): Intent received: Intent { act=android.intent.action.ANY_DATA_STATE flg=0x10 (has extras) }
D/MobileDataStateTracker(  845): fota: subscription=0, dds=0
D/MobileDataStateTracker(  845): dun: subscription=0, dds=0
V/Mms     ( 2070): [1] MmsSystemEventReceiver.java(166): Intent received: Intent { act=android.intent.action.ANY_DATA_STATE flg=0x10 (has extras) }
D/MobileDataStateTracker(  845): supl: subscription=0, dds=0

V/Mms     ( 2070): [1] MmsSystemEventReceiver.java(166): Intent received: Intent { act=android.intent.action.ANY_DATA_STATE flg=0x10 (has extras) }
V/Mms     ( 2070): [1] MmsSystemEventReceiver.java(166): Intent received: Intent { act=android.intent.action.ANY_DATA_STATE flg=0x10 (has extras) }
D/MobileDataStateTracker(  845): hipri: subscription=0, dds=0
D/MobileDataStateTracker(  845): ims: subscription=0, dds=0
V/Mms     ( 2070): [1] MmsSystemEventReceiver.java(166): Intent received: Intent { act=android.intent.action.ANY_DATA_STATE flg=0x10 (has extras) }
E/Parcel  (  306): Reading a NULL string not supported here.
E/Parcel  (  306): Reading a NULL string not supported here.
V/Mms     ( 2070): [1] MmsSystemEventReceiver.java(166): Intent received: Intent { act=android.intent.action.ANY_DATA_STATE flg=0x10 (has extras) }
E/Parcel  (  306): Reading a NULL string not supported here.
D/MobileDataStateTracker(  845): default: subscription=0, dds=0
D/MobileDataStateTracker(  845): mms: subscription=0, dds=0
V/Mms     ( 2070): [1] MmsSystemEventReceiver.java(166): Intent received: Intent { act=android.intent.action.ANY_DATA_STATE flg=0x10 (has extras) }

V/ExtraGmTelephonyManager( 1081): phone type for sim 0: 1
V/ExtraGmTelephonyManager( 1081): phone type for sim 1: 1
V/Mms     ( 2070): [1] MmsSystemEventReceiver.java(166): Intent received: Intent { act=android.intent.action.ANY_DATA_STATE flg=0x10 (has extras) }
D/StatusBar.NetworkControllerGemini( 1081): mNetworkName, sim1Inserted is true, sim2Inserted is true.networkname[0]=只能拨打紧急呼救电话;networkname[1]=移动
D/StatusBar.NetworkControllerGemini( 1081): PhoneStateListener:onServiceStateChanged, sim1 after.
V/Mms     ( 2070): [1] MmsSystemEventReceiver.java(166): Intent received: Intent { act=android.intent.action.ANY_DATA_STATE flg=0x10 (has extras) }
V/Mms     ( 2070): [1] MmsSystemEventReceiver.java(166): Intent received: Intent { act=android.intent.action.ANY_DATA_STATE flg=0x10 (has extras) }
D/MobileDataStateTracker(  845): cbs: subscription=0, dds=0
D/MobileDataStateTracker(  845): fota: subscription=0, dds=0

V/Mms     ( 2070): [1] MmsSystemEventReceiver.java(166): Intent received: Intent { act=android.intent.action.ANY_DATA_STATE flg=0x10 (has extras) }
D/StatusBar.NetworkControllerGemini( 1081): PhoneStateListener:onDataConnectionStateChanged, sim1 before.
D/StatusBar.NetworkControllerGemini( 1081): PhoneStateListener:onDataConnectionStateChanged, state=0 type=0
V/Mms     ( 2070): [1] MmsSystemEventReceiver.java(166): Intent received: Intent { act=android.intent.action.ANY_DATA_STATE flg=0x10 (has extras) }
V/ExtraGmTelephonyManager( 1081): phone type for sim 0: 1
D/MobileDataStateTracker(  845): dun: subscription=0, dds=0
D/MobileDataStateTracker(  845): supl: subscription=0, dds=0
D/MobileDataStateTracker(  845): hipri: subscription=0, dds=0
V/ExtraGmTelephonyManager( 1081): phone type for sim 1: 1
V/Mms     ( 2070): [1] MmsSystemEventReceiver.java(166): Intent received: Intent { act=android.intent.action.ANY_DATA_STATE flg=0x10 (has extras) }

D/StatusBar.NetworkControllerGemini( 1081): mNetworkName, sim1Inserted is true, sim2Inserted is true.networkname[0]=只能拨打紧急呼救电话;networkname[1]=移动
D/StatusBar.NetworkControllerGemini( 1081): PhoneStateListener:onDataConnectionStateChanged, sim1 after.
V/Mms     ( 2070): [1] MmsSystemEventReceiver.java(166): Intent received: Intent { act=android.intent.action.ANY_DATA_STATE flg=0x10 (has extras) }
V/MSimPhoneGlobals( 1253): Action intent recieved:android.intent.action.ANY_DATA_STATE
D/PhoneApp( 1253): mReceiver: ACTION_ANY_DATA_CONNECTION_STATE_CHANGED
D/PhoneApp( 1253): - state: DISCONNECTED
D/PhoneApp( 1253): - reason: dataDetached
V/MSimPhoneGlobals( 1253): Action intent recieved:android.intent.action.ANY_DATA_STATE

D/PhoneApp( 1253): mReceiver: ACTION_ANY_DATA_CONNECTION_STATE_CHANGED
D/PhoneApp( 1253): - state: DISCONNECTED
D/PhoneApp( 1253): - reason: dataDetached
V/Mms     ( 2070): [1] MmsSystemEventReceiver.java(166): Intent received: Intent { act=android.intent.action.ANY_DATA_STATE flg=0x10 (has extras) }
V/MSimPhoneGlobals( 1253): Action intent recieved:android.intent.action.ANY_DATA_STATE
D/PhoneApp( 1253): mReceiver: ACTION_ANY_DATA_CONNECTION_STATE_CHANGED
D/PhoneApp( 1253): - state: DISCONNECTED

D/PhoneApp( 1253): - reason: dataDetached
E/Parcel  (  306): Reading a NULL string not supported here.
E/Parcel  (  306): Reading a NULL string not supported here.
E/Parcel  (  306): Reading a NULL string not supported here.
V/MSimPhoneGlobals( 1253): Action intent recieved:android.intent.action.ANY_DATA_STATE
D/PhoneApp( 1253): mReceiver: ACTION_ANY_DATA_CONNECTION_STATE_CHANGED
D/PhoneApp( 1253): - state: DISCONNECTED

D/PhoneApp( 1253): - reason: dataDetached
V/MSimPhoneGlobals( 1253): Action intent recieved:android.intent.action.ANY_DATA_STATE
D/PhoneApp( 1253): mReceiver: ACTION_ANY_DATA_CONNECTION_STATE_CHANGED
D/PhoneApp( 1253): - state: DISCONNECTED
D/PhoneApp( 1253): - reason: dataDetached
V/MSimPhoneGlobals( 1253): Action intent recieved:android.intent.action.ANY_DATA_STATE
D/PhoneApp( 1253): mReceiver: ACTION_ANY_DATA_CONNECTION_STATE_CHANGED
D/PhoneApp( 1253): - state: DISCONNECTED

D/PhoneApp( 1253): - reason: dataDetached
V/MSimPhoneGlobals( 1253): Action intent recieved:android.intent.action.ANY_DATA_STATE
D/PhoneApp( 1253): mReceiver: ACTION_ANY_DATA_CONNECTION_STATE_CHANGED
D/PhoneApp( 1253): - state: DISCONNECTED
D/PhoneApp( 1253): - reason: dataDetached
V/MSimPhoneGlobals( 1253): Action intent recieved:android.intent.action.ANY_DATA_STATE
D/PhoneApp( 1253): mReceiver: ACTION_ANY_DATA_CONNECTION_STATE_CHANGED
D/PhoneApp( 1253): - state: DISCONNECTED

D/PhoneApp( 1253): - reason: dataDetached
V/MSimPhoneGlobals( 1253): Action intent recieved:android.intent.action.ANY_DATA_STATE
D/PhoneApp( 1253): mReceiver: ACTION_ANY_DATA_CONNECTION_STATE_CHANGED
D/PhoneApp( 1253): - state: DISCONNECTED
D/PhoneApp( 1253): - reason: dataDetached
V/MSimPhoneGlobals( 1253): Action intent recieved:android.intent.action.ANY_DATA_STATE
D/PhoneApp( 1253): mReceiver: ACTION_ANY_DATA_CONNECTION_STATE_CHANGED

D/PhoneApp( 1253): - state: DISCONNECTED
D/PhoneApp( 1253): - reason: dataDetached
V/MSimPhoneGlobals( 1253): Action intent recieved:android.intent.action.ANY_DATA_STATE
D/PhoneApp( 1253): mReceiver: ACTION_ANY_DATA_CONNECTION_STATE_CHANGED
D/PhoneApp( 1253): - state: DISCONNECTED
D/PhoneApp( 1253): - reason: dataDetached
V/MSimPhoneGlobals( 1253): Action intent recieved:android.intent.action.ANY_DATA_STATE
D/PhoneApp( 1253): mReceiver: ACTION_ANY_DATA_CONNECTION_STATE_CHANGED
D/PhoneApp( 1253): - state: DISCONNECTED
D/PhoneApp( 1253): - reason: dataDetached
V/MSimPhoneGlobals( 1253): Action intent recieved:android.intent.action.ANY_DATA_STATE
D/PhoneApp( 1253): mReceiver: ACTION_ANY_DATA_CONNECTION_STATE_CHANGED
D/PhoneApp( 1253): - state: DISCONNECTED

D/PhoneApp( 1253): - reason: dataDetached
D/MobileDataStateTracker(  845): ims: subscription=0, dds=0
D/MobileDataStateTracker(  845): default: subscription=0, dds=0
D/MobileDataStateTracker(  845): mms: subscription=0, dds=0
V/MSimPhoneGlobals( 1253): Action intent recieved:android.intent.action.ANY_DATA_STATE
D/PhoneApp( 1253): mReceiver: ACTION_ANY_DATA_CONNECTION_STATE_CHANGED
D/PhoneApp( 1253): - state: DISCONNECTED
D/PhoneApp( 1253): - reason: dataDetached
V/MSimPhoneGlobals( 1253): Action intent recieved:android.intent.action.ANY_DATA_STATE
D/PhoneApp( 1253): mReceiver: ACTION_ANY_DATA_CONNECTION_STATE_CHANGED
D/PhoneApp( 1253): - state: DISCONNECTED

D/PhoneApp( 1253): - reason: dataDetached
V/MSimPhoneGlobals( 1253): Action intent recieved:android.intent.action.ANY_DATA_STATE
D/PhoneApp( 1253): mReceiver: ACTION_ANY_DATA_CONNECTION_STATE_CHANGED
D/PhoneApp( 1253): - state: DISCONNECTED
D/PhoneApp( 1253): - reason: dataDetached
W/System.err( 3320): java.lang.NumberFormatException: Invalid int: "n"
D/SizeAdaptiveLayout( 1081): com.android.internal.widget.SizeAdaptiveLayout{42a5c090 V.E..... ......ID 0,0-698,130 #7f0d00b6 app:id/adaptive}child view android.widget.FrameLayout{42c645d0 V.E..... ......ID 0,0-698,129 #1020315 android:id/status_bar_latest_event_content} measured out of bounds at 129px clamped to 130px
W/System.err( 3320): 	at java.lang.Integer.parseInt(Integer.java:332)

W/System.err( 3320): 	at java.lang.Integer.valueOf(Integer.java:490)
W/System.err( 3320): 	at com.baidu.location.c.a(Unknown Source)
W/System.err( 3320): 	at com.baidu.location.c.a(Unknown Source)
W/System.err( 3320): 	at com.baidu.location.c$b.onCellLocationChanged(Unknown Source)
W/System.err( 3320): 	at android.telephony.PhoneStateListener$2.handleMessage(PhoneStateListener.java:393)
W/System.err( 3320): 	at android.os.Handler.dispatchMessage(Handler.java:99)
W/System.err( 3320): 	at android.os.Looper.loop(Looper.java:137)

W/System.err( 3320): 	at android.app.ActivityThread.main(ActivityThread.java:5155)
W/System.err( 3320): 	at java.lang.reflect.Method.invokeNative(Native Method)
W/System.err( 3320): 	at java.lang.reflect.Method.invoke(Method.java:525)
W/System.err( 3320): 	at com.android.internal.os.ZygoteInit$MethodAndArgsCaller.run(ZygoteInit.java:756)
W/System.err( 3320): 	at com.android.internal.os.ZygoteInit.main(ZygoteInit.java:572)

W/System.err( 3320): 	at miui.dexspy.DexspyInstaller.main(DexspyInstaller.java:171)
W/System.err( 3320): 	at dalvik.system.NativeStart.main(Native Method)
D/MobileDataStateTracker(  845): cbs: subscription=0, dds=0
D/SizeAdaptiveLayout( 1081): com.android.internal.widget.SizeAdaptiveLayout{42ea0cc8 V.E..... ......ID 0,0-698,130 #7f0d00b6 app:id/adaptive}child view android.widget.FrameLayout{43e3a090 V.E..... ......ID 0,0-698,129 #1020315 android:id/status_bar_latest_event_content} measured out of bounds at 129px clamped to 130px
W/PushService( 1193): 2014-09-06 15:29:51,506 - [WARN::PushService] - JOB: check the ping-pong.
D/StatusBar.NetworkControllerGemini( 1081): PhoneStateListener:onSignalStrengthsChanged, sim1 before.

D/StatusBar.NetworkControllerGemini( 1081): PhoneStateListener:onSignalStrengthsChanged, signalStrength=2
E/Parcel  (  306): Reading a NULL string not supported here.
E/Parcel  (  306): Reading a NULL string not supported here.
V/ExtraGmTelephonyManager( 1081): phone type for sim 0: 1
V/ExtraGmTelephonyManager( 1081): phone type for sim 1: 1
D/StatusBar.NetworkControllerGemini( 1081): mNetworkName, sim1Inserted is true, sim2Inserted is true.networkname[0]=只能拨打紧急呼救电话;networkname[1]=移动
D/StatusBar.NetworkControllerGemini( 1081): PhoneStateListener:onSignalStrengthsChanged, sim1 after.
E/Parcel  (  306): Reading a NULL string not supported here.

E/Parcel  (  306): Reading a NULL string not supported here.
D/StatusBar.NetworkControllerGemini( 1081): PhoneStateListener:onSignalStrengthsChanged, sim1 before.
D/StatusBar.NetworkControllerGemini( 1081): PhoneStateListener:onSignalStrengthsChanged, signalStrength=2
V/ExtraGmTelephonyManager( 1081): phone type for sim 0: 1
V/ExtraGmTelephonyManager( 1081): phone type for sim 1: 1
D/StatusBar.NetworkControllerGemini( 1081): mNetworkName, sim1Inserted is true, sim2Inserted is true.networkname[0]=只能拨打紧急呼救电话;networkname[1]=移动
D/StatusBar.NetworkControllerGemini( 1081): PhoneStateListener:onSignalStrengthsChanged, sim1 after.

D/AlarmManagerService(  845): Kernel timezone updated to -480 minutes west of GMT
D/AlarmManagerService(  845): Kernel timezone updated to -480 minutes west of GMT
I/MSimTelephonyRegistry(  845): notifyServiceState: 0 0 home CHN-UNICOM UNICOM 46001  UMTS UMTS CSS not supported -1 -1 RoamInd=-1 DefRoamInd=-1 EmergOnly=false
D/BluetoothPhoneService( 1253): handleMessage: 1
V/MSimPhoneGlobals( 1253): Action intent recieved:android.intent.action.SERVICE_STATE
V/ExtraGmTelephonyManager( 1081): phone type for sim 0: 1
V/ExtraGmTelephonyManager( 1081): phone type for sim 1: 1
D/StatusBar.NetworkControllerGemini( 1081): mNetworkName, sim1Inserted is true, sim2Inserted is true.networkname[0]=联通 3G;networkname[1]=移动
D/StatusBar.NetworkControllerGemini( 1081): PhoneStateListener:onServiceStateChanged, sim1 before.

D/StatusBar.NetworkControllerGemini( 1081): PhoneStateListener:onServiceStateChanged, state=0
D/StatusBar.NetworkControllerGemini( 1081): PhoneStateListener:onServiceStateChanged sim1 mDataNetType= [I@42766330
V/Mms     ( 2070): [1] MmsSystemEventReceiver.java(166): Intent received: Intent { act=android.intent.action.ANY_DATA_STATE flg=0x10 (has extras) }
V/ExtraGmTelephonyManager( 1081): phone type for sim 0: 1
D/StatusBar.NetworkControllerGemini( 1081): updateNetworkName showSpn=false spn=中国联通 3G showPlmn=true plmn=中国联通 3G slotId=0
D/MSimTelephonyRegistry(  845): Notify data connection state changed on sub: 0
D/MobileDataStateTracker(  845): fota: subscription=0, dds=0
V/ExtraGmTelephonyManager( 1081): phone type for sim 1: 1
V/Mms     ( 2070): [1] MmsSystemEventReceiver.java(166): Intent received: Intent { act=android.intent.action.ANY_DATA_STATE flg=0x10 (has extras) }
V/Mms     ( 2070): [1] MmsSystemEventReceiver.java(166): Intent received: Intent { act=android.intent.action.ANY_DATA_STATE flg=0x10 (has extras) }

V/Mms     ( 2070): [1] MmsSystemEventReceiver.java(166): Intent received: Intent { act=android.intent.action.ANY_DATA_STATE flg=0x10 (has extras) }
D/MobileDataStateTracker(  845): dun: subscription=0, dds=0
D/MobileDataStateTracker(  845): supl: subscription=0, dds=0
D/MobileDataStateTracker(  845): hipri: subscription=0, dds=0
V/Mms     ( 2070): [1] MmsSystemEventReceiver.java(166): Intent received: Intent { act=android.intent.action.ANY_DATA_STATE flg=0x10 (has extras) }
V/Mms     ( 2070): [1] MmsSystemEventReceiver.java(166): Intent received: Intent { act=android.intent.action.ANY_DATA_STATE flg=0x10 (has extras) }
D/MobileDataStateTracker(  845): ims: subscription=0, dds=0
D/MobileDataStateTracker(  845): default: subscription=0, dds=0
E/Parcel  (  306): Reading a NULL string not supported here.
E/Parcel  (  306): Reading a NULL string not supported here.

E/Parcel  (  306): Reading a NULL string not supported here.
V/Mms     ( 2070): [1] MmsSystemEventReceiver.java(166): Intent received: Intent { act=android.intent.action.ANY_DATA_STATE flg=0x10 (has extras) }
V/Mms     ( 2070): [1] MmsSystemEventReceiver.java(166): Intent received: Intent { act=android.intent.action.ANY_DATA_STATE flg=0x10 (has extras) }
D/MobileDataStateTracker(  845): mms: subscription=0, dds=0
D/MobileDataStateTracker(  845): cbs: subscription=0, dds=0
D/MobileDataStateTracker(  845): fota: subscription=0, dds=0
V/Mms     ( 2070): [1] MmsSystemEventReceiver.java(166): Intent received: Intent { act=android.intent.action.ANY_DATA_STATE flg=0x10 (has extras) }
V/ExtraGmTelephonyManager( 1081): phone type for sim 0: 1
V/Mms     ( 2070): [1] MmsSystemEventReceiver.java(166): Intent received: Intent { act=android.intent.action.ANY_DATA_STATE flg=0x10 (has extras) }
V/Mms     ( 2070): [1] MmsSystemEventReceiver.java(166): Intent received: Intent { act=android.intent.action.ANY_DATA_STATE flg=0x10 (has extras) }

V/ExtraGmTelephonyManager( 1081): phone type for sim 1: 1
V/Mms     ( 2070): [1] MmsSystemEventReceiver.java(166): Intent received: Intent { act=android.intent.action.ANY_DATA_STATE flg=0x10 (has extras) }
D/MobileDataStateTracker(  845): dun: subscription=0, dds=0
D/StatusBar.NetworkControllerGemini( 1081): mNetworkName, sim1Inserted is true, sim2Inserted is true.networkname[0]=联通 3G;networkname[1]=移动
D/StatusBar.NetworkControllerGemini( 1081): PhoneStateListener:onServiceStateChanged, sim1 after.
D/StatusBar.NetworkControllerGemini( 1081): PhoneStateListener:onDataConnectionStateChanged, sim1 before.
D/StatusBar.NetworkControllerGemini( 1081): PhoneStateListener:onDataConnectionStateChanged, state=0 type=3
V/Mms     ( 2070): [1] MmsSystemEventReceiver.java(166): Intent received: Intent { act=android.intent.action.ANY_DATA_STATE flg=0x10 (has extras) }
V/ExtraGmTelephonyManager( 1081): phone type for sim 0: 1
V/Mms     ( 2070): [1] MmsSystemEventReceiver.java(166): Intent received: Intent { act=android.intent.action.ANY_DATA_STATE flg=0x10 (has extras) }

V/ExtraGmTelephonyManager( 1081): phone type for sim 1: 1
V/Mms     ( 2070): [1] MmsSystemEventReceiver.java(166): Intent received: Intent { act=android.intent.action.ANY_DATA_STATE flg=0x10 (has extras) }
D/MobileDataStateTracker(  845): supl: subscription=0, dds=0
D/MobileDataStateTracker(  845): hipri: subscription=0, dds=0
D/MobileDataStateTracker(  845): ims: subscription=0, dds=0
V/MSimPhoneGlobals( 1253): Action intent recieved:android.intent.action.ANY_DATA_STATE
D/PhoneApp( 1253): mReceiver: ACTION_ANY_DATA_CONNECTION_STATE_CHANGED
D/PhoneApp( 1253): - state: DISCONNECTED
D/PhoneApp( 1253): - reason: dataAttached
V/MSimPhoneGlobals( 1253): Action intent recieved:android.intent.action.ANY_DATA_STATE

D/PhoneApp( 1253): mReceiver: ACTION_ANY_DATA_CONNECTION_STATE_CHANGED
D/PhoneApp( 1253): - state: DISCONNECTED
D/PhoneApp( 1253): - reason: dataAttached
V/MSimPhoneGlobals( 1253): Action intent recieved:android.intent.action.ANY_DATA_STATE
D/StatusBar.NetworkControllerGemini( 1081): mNetworkName, sim1Inserted is true, sim2Inserted is true.networkname[0]=联通 3G;networkname[1]=移动
D/PhoneApp( 1253): mReceiver: ACTION_ANY_DATA_CONNECTION_STATE_CHANGED
D/PhoneApp( 1253): - state: DISCONNECTED

D/PhoneApp( 1253): - reason: dataAttached
V/MSimPhoneGlobals( 1253): Action intent recieved:android.intent.action.ANY_DATA_STATE
D/PhoneApp( 1253): mReceiver: ACTION_ANY_DATA_CONNECTION_STATE_CHANGED
D/PhoneApp( 1253): - state: DISCONNECTED
D/PhoneApp( 1253): - reason: dataAttached
V/MSimPhoneGlobals( 1253): Action intent recieved:android.intent.action.ANY_DATA_STATE
D/PhoneApp( 1253): mReceiver: ACTION_ANY_DATA_CONNECTION_STATE_CHANGED
D/PhoneApp( 1253): - state: DISCONNECTED

D/PhoneApp( 1253): - reason: dataAttached
V/MSimPhoneGlobals( 1253): Action intent recieved:android.intent.action.ANY_DATA_STATE
V/Mms     ( 2070): [1] MmsSystemEventReceiver.java(166): Intent received: Intent { act=android.intent.action.ANY_DATA_STATE flg=0x10 (has extras) }
D/PhoneApp( 1253): mReceiver: ACTION_ANY_DATA_CONNECTION_STATE_CHANGED
D/PhoneApp( 1253): - state: DISCONNECTED
D/PhoneApp( 1253): - reason: dataAttached
D/StatusBar.NetworkControllerGemini( 1081): PhoneStateListener:onDataConnectionStateChanged, sim1 after.

V/MSimPhoneGlobals( 1253): Action intent recieved:android.intent.action.ANY_DATA_STATE
D/PhoneApp( 1253): mReceiver: ACTION_ANY_DATA_CONNECTION_STATE_CHANGED
D/PhoneApp( 1253): - state: DISCONNECTED
D/PhoneApp( 1253): - reason: dataAttached
V/MSimPhoneGlobals( 1253): Action intent recieved:android.intent.action.ANY_DATA_STATE
D/PhoneApp( 1253): mReceiver: ACTION_ANY_DATA_CONNECTION_STATE_CHANGED
D/PhoneApp( 1253): - state: DISCONNECTED

D/PhoneApp( 1253): - reason: dataAttached
V/MSimPhoneGlobals( 1253): Action intent recieved:android.intent.action.ANY_DATA_STATE
D/PhoneApp( 1253): mReceiver: ACTION_ANY_DATA_CONNECTION_STATE_CHANGED
D/PhoneApp( 1253): - state: DISCONNECTED
D/PhoneApp( 1253): - reason: dataAttached
V/MSimPhoneGlobals( 1253): Action intent recieved:android.intent.action.ANY_DATA_STATE
D/PhoneApp( 1253): mReceiver: ACTION_ANY_DATA_CONNECTION_STATE_CHANGED
D/PhoneApp( 1253): - state: DISCONNECTED

D/PhoneApp( 1253): - reason: dataAttached
V/MSimPhoneGlobals( 1253): Action intent recieved:android.intent.action.ANY_DATA_STATE
D/PhoneApp( 1253): mReceiver: ACTION_ANY_DATA_CONNECTION_STATE_CHANGED
D/PhoneApp( 1253): - state: DISCONNECTED
D/PhoneApp( 1253): - reason: dataAttached
V/MSimPhoneGlobals( 1253): Action intent recieved:android.intent.action.ANY_DATA_STATE
D/PhoneApp( 1253): mReceiver: ACTION_ANY_DATA_CONNECTION_STATE_CHANGED
D/PhoneApp( 1253): - state: DISCONNECTED

D/PhoneApp( 1253): - reason: dataAttached
V/MSimPhoneGlobals( 1253): Action intent recieved:android.intent.action.ANY_DATA_STATE
D/PhoneApp( 1253): mReceiver: ACTION_ANY_DATA_CONNECTION_STATE_CHANGED
D/PhoneApp( 1253): - state: DISCONNECTED
D/PhoneApp( 1253): - reason: dataAttached
V/MSimPhoneGlobals( 1253): Action intent recieved:android.intent.action.ANY_DATA_STATE
D/PhoneApp( 1253): mReceiver: ACTION_ANY_DATA_CONNECTION_STATE_CHANGED

D/PhoneApp( 1253): - state: DISCONNECTED
D/PhoneApp( 1253): - reason: dataAttached
V/MSimPhoneGlobals( 1253): Action intent recieved:android.intent.action.ANY_DATA_STATE
D/PhoneApp( 1253): mReceiver: ACTION_ANY_DATA_CONNECTION_STATE_CHANGED
D/PhoneApp( 1253): - state: DISCONNECTED
D/PhoneApp( 1253): - reason: dataAttached
V/MSimPhoneGlobals( 1253): Action intent recieved:android.intent.action.ANY_DATA_STATE

D/PhoneApp( 1253): mReceiver: ACTION_ANY_DATA_CONNECTION_STATE_CHANGED
D/PhoneApp( 1253): - state: DISCONNECTED
D/PhoneApp( 1253): - reason: dataAttached
E/Parcel  (  306): Reading a NULL string not supported here.
E/Parcel  (  306): Reading a NULL string not supported here.
E/Parcel  (  306): Reading a NULL string not supported here.
D/MobileDataStateTracker(  845): default: subscription=0, dds=0
D/MobileDataStateTracker(  845): mms: subscription=0, dds=0
D/MobileDataStateTracker(  845): cbs: subscription=0, dds=0

D/SizeAdaptiveLayout( 1081): com.android.internal.widget.SizeAdaptiveLayout{42a5c090 V.E..... ......ID 0,0-698,130 #7f0d00b6 app:id/adaptive}child view android.widget.FrameLayout{42c645d0 V.E..... ......ID 0,0-698,129 #1020315 android:id/status_bar_latest_event_content} measured out of bounds at 129px clamped to 130px
D/SizeAdaptiveLayout( 1081): com.android.internal.widget.SizeAdaptiveLayout{42ea0cc8 V.E..... ......ID 0,0-698,130 #7f0d00b6 app:id/adaptive}child view android.widget.FrameLayout{43e3a090 V.E..... ......ID 0,0-698,129 #1020315 android:id/status_bar_latest_event_content} measured out of bounds at 129px clamped to 130px
D/dalvikvm(  845): GC_EXPLICIT freed 3080K, 20% free 24940K/31020K, paused 4ms+17ms, total 151ms
I/NotifUtils(32494): Validating Notification, mapSize: 1 getAttention: true
D/SizeAdaptiveLayout( 1081): com.android.internal.widget.SizeAdaptiveLayout{42a5c090 V.E..... ......ID 0,0-698,130 #7f0d00b6 app:id/adaptive}child view android.widget.FrameLayout{42c645d0 V.E..... ......ID 0,0-698,129 #1020315 android:id/status_bar_latest_event_content} measured out of bounds at 129px clamped to 130px
I/NotifUtils(32494): Showing notification with unreadCount of 1 and unseenCount of 1
D/SizeAdaptiveLayout( 1081): com.android.internal.widget.SizeAdaptiveLayout{42ea0cc8 V.E..... ......ID 0,0-698,130 #7f0d00b6 app:id/adaptive}child view android.widget.FrameLayout{43e3a090 V.E..... ......ID 0,0-698,129 #1020315 android:id/status_bar_latest_event_content} measured out of bounds at 129px clamped to 130px

D/dalvikvm(32494): GC_FOR_ALLOC freed 721K, 18% free 15044K/18216K, paused 26ms, total 26ms
D/dalvikvm(32494): GC_FOR_ALLOC freed 3K, 18% free 15081K/18216K, paused 25ms, total 25ms
I/dalvikvm-heap(32494): Grow heap (frag case) to 16.857MB for 41632-byte allocation
D/dalvikvm(32494): GC_FOR_ALLOC freed 143K, 18% free 14980K/18260K, paused 24ms, total 24ms
D/dalvikvm(32494): GC_FOR_ALLOC freed 63K, 19% free 14957K/18260K, paused 23ms, total 24ms
I/dalvikvm-heap(32494): Grow heap (frag case) to 16.736MB for 41632-byte allocation
D/dalvikvm(32494): GC_FOR_ALLOC freed 71K, 19% free 14927K/18304K, paused 24ms, total 24ms
D/dalvikvm(32494): GC_FOR_ALLOC freed <1K, 19% free 14967K/18304K, paused 23ms, total 23ms
I/dalvikvm-heap(32494): Grow heap (frag case) to 16.746MB for 41632-byte allocation

W/PushService( 1193): 2014-09-06 15:31:22,354 - [WARN::PushService] - Service called on timer
D/dalvikvm(32494): GC_FOR_ALLOC freed <1K, 19% free 15008K/18348K, paused 24ms, total 24ms
I/dalvikvm-heap(32494): Grow heap (frag case) to 16.786MB for 41632-byte allocation
D/dalvikvm(32494): GC_FOR_ALLOC freed 631K, 20% free 14769K/18392K, paused 25ms, total 25ms
I/NotifUtils(32494): Account: -519145170 vibrate: false
I/NotifUtils(32494): New email in -519145170 vibrateWhen: false, playing notification: content://settings/system/notification_sound
D/PhoneStatusBar( 1081): updateNotification pkg=com.android.email;id=1943704881

I/NotifUtils(32494): Validating Notification, mapSize: 1 getAttention: true
I/NotifUtils(32494): validateNotifications - cancelling account -519145170 / folder -1425292080
I/NotifUtils(32494): Validating Notification, mapSize: 1 getAttention: true
D/SizeAdaptiveLayout( 1081): com.android.internal.widget.SizeAdaptiveLayout{42e05558 V.E..... ......ID 0,0-698,272 #7f0d00b6 app:id/adaptive}child view android.widget.FrameLayout{4282f4d8 V.E..... ......ID 0,0-698,272 #1020315 android:id/status_bar_latest_event_content} measured out of bounds at 538px clamped to 526px
I/NotifUtils(32494): validateNotifications - cancelling account -519145170 / folder -1812635783
W/PushService( 1193): 2014-09-06 15:31:28,942 - [WARN::PushService] - Service called on timer
I/drm     (  845): check theme drm event received
I/drm     (  845): validate theme in /data/system/theme/

I/drm     (  845): validate theme in /data/local/bootanimation.zip
D/SizeAdaptiveLayout( 1081): com.android.internal.widget.SizeAdaptiveLayout{42a5c090 V.E..... ......ID 0,0-698,130 #7f0d00b6 app:id/adaptive}child view android.widget.FrameLayout{42c645d0 V.E..... ......ID 0,0-698,129 #1020315 android:id/status_bar_latest_event_content} measured out of bounds at 129px clamped to 130px
D/SizeAdaptiveLayout( 1081): com.android.internal.widget.SizeAdaptiveLayout{42ea0cc8 V.E..... ......ID 0,0-698,130 #7f0d00b6 app:id/adaptive}child view android.widget.FrameLayout{43e3a090 V.E..... ......ID 0,0-698,129 #1020315 android:id/status_bar_latest_event_content} measured out of bounds at 129px clamped to 130px
W/ProcessStats(  845): Skipping unknown process pid 11597
W/ProcessStats(  845): Skipping unknown process pid 11598
W/ProcessStats(  845): Skipping unknown process pid 11599
