W/ProcessStats(  845): Skipping unknown process pid 11600
W/ProcessStats(  845): Skipping unknown process pid 11601
V/wmh     (32494): ProxyTask:name=updateFolderList,startTime = 1409988755042
V/wmh     (32494): onCnnected Time = 1409988755048
V/wmh     (32494): start

W/Email   (32494): Received BYE
W/Email   (32494): Received BYE
I/XiaomiFirewall( 1875): firewall pkgName:com.android.email, result:0
V/wmh     (32494): after
V/wmh     (32494): notify
D/webviewglue(32494): OnTrimMemory with EGL Context 0x0
D/BatteryInfoReceiver( 1205): 现有电量：90

D/BatteryInfoReceiver( 1205): BatteryInfoReceiver.updateBatteryInfo(...).
D/SizeAdaptiveLayout( 1081): com.android.internal.widget.SizeAdaptiveLayout{42a5c090 V.E..... ......ID 0,0-698,130 #7f0d00b6 app:id/adaptive}child view android.widget.FrameLayout{42c645d0 V.E..... ......ID 0,0-698,129 #1020315 android:id/status_bar_latest_event_content} measured out of bounds at 129px clamped to 130px
D/SizeAdaptiveLayout( 1081): com.android.internal.widget.SizeAdaptiveLayout{42ea0cc8 V.E..... ......ID 0,0-698,130 #7f0d00b6 app:id/adaptive}child view android.widget.FrameLayout{43e3a090 V.E..... ......ID 0,0-698,129 #1020315 android:id/status_bar_latest_event_content} measured out of bounds at 129px clamped to 130px
D/webviewglue(32494): OnTrimMemory with EGL Context 0x0
D/SizeAdaptiveLayout( 1081): com.android.internal.widget.SizeAdaptiveLayout{42a5c090 V.E..... ......ID 0,0-698,130 #7f0d00b6 app:id/adaptive}child view android.widget.FrameLayout{42c645d0 V.E..... ......ID 0,0-698,129 #1020315 android:id/status_bar_latest_event_content} measured out of bounds at 129px clamped to 130px
D/SizeAdaptiveLayout( 1081): com.android.internal.widget.SizeAdaptiveLayout{42ea0cc8 V.E..... ......ID 0,0-698,130 #7f0d00b6 app:id/adaptive}child view android.widget.FrameLayout{43e3a090 V.E..... ......ID 0,0-698,129 #1020315 android:id/status_bar_latest_event_content} measured out of bounds at 129px clamped to 130px
D/StatusBar.NetworkControllerGemini( 1081): PhoneStateListener:onSignalStrengthsChanged, sim1 before.
D/StatusBar.NetworkControllerGemini( 1081): PhoneStateListener:onSignalStrengthsChanged, signalStrength=3
V/ExtraGmTelephonyManager( 1081): phone type for sim 0: 1

V/ExtraGmTelephonyManager( 1081): phone type for sim 1: 1
E/Parcel  (  306): Reading a NULL string not supported here.
E/Parcel  (  306): Reading a NULL string not supported here.
I/MSimTelephonyRegistry(  845): notifyServiceState: 1 1 home null null null  Unknown Unknown CSS not supported -1 -1 RoamInd=-1 DefRoamInd=-1 EmergOnly=true
D/BluetoothPhoneService( 1253): handleMessage: 1
V/MSimPhoneGlobals( 1253): Action intent recieved:android.intent.action.SERVICE_STATE
V/Mms     ( 2070): [1] MmsSystemEventReceiver.java(166): Intent received: Intent { act=android.intent.action.ANY_DATA_STATE flg=0x10 (has extras) }
D/MSimTelephonyRegistry(  845): Notify data connection state changed on sub: 0
D/MobileDataStateTracker(  845): fota: subscription=0, dds=0

V/ExtraGmTelephonyManager( 1081): phone type for sim 0: 1
V/Mms     ( 2070): [1] MmsSystemEventReceiver.java(166): Intent received: Intent { act=android.intent.action.ANY_DATA_STATE flg=0x10 (has extras) }
V/ExtraGmTelephonyManager( 1081): phone type for sim 1: 1
D/StatusBar.NetworkControllerGemini( 1081): mNetworkName, sim1Inserted is true, sim2Inserted is true.networkname[0]=联通 3G;networkname[1]=移动
D/StatusBar.NetworkControllerGemini( 1081): PhoneStateListener:onSignalStrengthsChanged, sim1 after.
D/MobileDataStateTracker(  845): dun: subscription=0, dds=0
D/StatusBar.NetworkControllerGemini( 1081): updateNetworkName showSpn=false spn= showPlmn=true plmn=只能拨打紧急呼救电话 slotId=0
V/Mms     ( 2070): [1] MmsSystemEventReceiver.java(166): Intent received: Intent { act=android.intent.action.ANY_DATA_STATE flg=0x10 (has extras) }
V/ExtraGmTelephonyManager( 1081): phone type for sim 0: 1
V/ExtraGmTelephonyManager( 1081): phone type for sim 1: 1
V/Mms     ( 2070): [1] MmsSystemEventReceiver.java(166): Intent received: Intent { act=android.intent.action.ANY_DATA_STATE flg=0x10 (has extras) }
D/MobileDataStateTracker(  845): supl: subscription=0, dds=0
D/MobileDataStateTracker(  845): hipri: subscription=0, dds=0
D/StatusBar.NetworkControllerGemini( 1081): mNetworkName, sim1Inserted is true, sim2Inserted is true.networkname[0]=只能拨打紧急呼救电话;networkname[1]=移动
D/StatusBar.NetworkControllerGemini( 1081): PhoneStateListener:onServiceStateChanged, sim1 before.
D/StatusBar.NetworkControllerGemini( 1081): PhoneStateListener:onServiceStateChanged, state=1
V/Mms     ( 2070): [1] MmsSystemEventReceiver.java(166): Intent received: Intent { act=android.intent.action.ANY_DATA_STATE flg=0x10 (has extras) }
D/StatusBar.NetworkControllerGemini( 1081): PhoneStateListener:onServiceStateChanged sim1 mDataNetType= [I@42766330

V/Mms     ( 2070): [1] MmsSystemEventReceiver.java(166): Intent received: Intent { act=android.intent.action.ANY_DATA_STATE flg=0x10 (has extras) }
V/ExtraGmTelephonyManager( 1081): phone type for sim 0: 1
D/MobileDataStateTracker(  845): ims: subscription=0, dds=0
D/MobileDataStateTracker(  845): default: subscription=0, dds=0
V/Mms     ( 2070): [1] MmsSystemEventReceiver.java(166): Intent received: Intent { act=android.intent.action.ANY_DATA_STATE flg=0x10 (has extras) }
E/Parcel  (  306): Reading a NULL string not supported here.
E/Parcel  (  306): Reading a NULL string not supported here.
E/Parcel  (  306): Reading a NULL string not supported here.
V/ExtraGmTelephonyManager( 1081): phone type for sim 1: 1

V/Mms     ( 2070): [1] MmsSystemEventReceiver.java(166): Intent received: Intent { act=android.intent.action.ANY_DATA_STATE flg=0x10 (has extras) }
V/Mms     ( 2070): [1] MmsSystemEventReceiver.java(166): Intent received: Intent { act=android.intent.action.ANY_DATA_STATE flg=0x10 (has extras) }
D/MobileDataStateTracker(  845): mms: subscription=0, dds=0
D/MobileDataStateTracker(  845): cbs: subscription=0, dds=0
V/Mms     ( 2070): [1] MmsSystemEventReceiver.java(166): Intent received: Intent { act=android.intent.action.ANY_DATA_STATE flg=0x10 (has extras) }
V/Mms     ( 2070): [1] MmsSystemEventReceiver.java(166): Intent received: Intent { act=android.intent.action.ANY_DATA_STATE flg=0x10 (has extras) }
D/MobileDataStateTracker(  845): fota: subscription=0, dds=0
D/MobileDataStateTracker(  845): dun: subscription=0, dds=0
D/MobileDataStateTracker(  845): supl: subscription=0, dds=0
V/Mms     ( 2070): [1] MmsSystemEventReceiver.java(166): Intent received: Intent { act=android.intent.action.ANY_DATA_STATE flg=0x10 (has extras) }
V/Mms     ( 2070): [1] MmsSystemEventReceiver.java(166): Intent received: Intent { act=android.intent.action.ANY_DATA_STATE flg=0x10 (has extras) }
V/Mms     ( 2070): [1] MmsSystemEventReceiver.java(166): Intent received: Intent { act=android.intent.action.ANY_DATA_STATE flg=0x10 (has extras) }
V/Mms     ( 2070): [1] MmsSystemEventReceiver.java(166): Intent received: Intent { act=android.intent.action.ANY_DATA_STATE flg=0x10 (has extras) }
E/Parcel  (  306): Reading a NULL string not supported here.
E/Parcel  (  306): Reading a NULL string not supported here.
E/Parcel  (  306): Reading a NULL string not supported here.
D/MobileDataStateTracker(  845): hipri: subscription=0, dds=0
D/MobileDataStateTracker(  845): ims: subscription=0, dds=0
D/MobileDataStateTracker(  845): default: subscription=0, dds=0
V/MSimPhoneGlobals( 1253): Action intent recieved:android.intent.action.ANY_DATA_STATE
D/PhoneApp( 1253): mReceiver: ACTION_ANY_DATA_CONNECTION_STATE_CHANGED
D/PhoneApp( 1253): - state: DISCONNECTED
D/PhoneApp( 1253): - reason: dataDetached
V/MSimPhoneGlobals( 1253): Action intent recieved:android.intent.action.ANY_DATA_STATE
D/PhoneApp( 1253): mReceiver: ACTION_ANY_DATA_CONNECTION_STATE_CHANGED
D/PhoneApp( 1253): - state: DISCONNECTED
D/PhoneApp( 1253): - reason: dataDetached
V/MSimPhoneGlobals( 1253): Action intent recieved:android.intent.action.ANY_DATA_STATE
D/PhoneApp( 1253): mReceiver: ACTION_ANY_DATA_CONNECTION_STATE_CHANGED
D/PhoneApp( 1253): - state: DISCONNECTED
D/PhoneApp( 1253): - reason: dataDetached
V/MSimPhoneGlobals( 1253): Action intent recieved:android.intent.action.ANY_DATA_STATE
D/PhoneApp( 1253): mReceiver: ACTION_ANY_DATA_CONNECTION_STATE_CHANGED
D/PhoneApp( 1253): - state: DISCONNECTED
D/PhoneApp( 1253): - reason: dataDetached
V/MSimPhoneGlobals( 1253): Action intent recieved:android.intent.action.ANY_DATA_STATE

D/PhoneApp( 1253): mReceiver: ACTION_ANY_DATA_CONNECTION_STATE_CHANGED
D/PhoneApp( 1253): - state: DISCONNECTED
D/PhoneApp( 1253): - reason: dataDetached
V/MSimPhoneGlobals( 1253): Action intent recieved:android.intent.action.ANY_DATA_STATE
V/Mms     ( 2070): [1] MmsSystemEventReceiver.java(166): Intent received: Intent { act=android.intent.action.ANY_DATA_STATE flg=0x10 (has extras) }
D/PhoneApp( 1253): mReceiver: ACTION_ANY_DATA_CONNECTION_STATE_CHANGED
D/PhoneApp( 1253): - state: DISCONNECTED
D/PhoneApp( 1253): - reason: dataDetached

V/MSimPhoneGlobals( 1253): Action intent recieved:android.intent.action.ANY_DATA_STATE
V/ExtraGmTelephonyManager( 1081): phone type for sim 0: 1
D/PhoneApp( 1253): mReceiver: ACTION_ANY_DATA_CONNECTION_STATE_CHANGED
D/PhoneApp( 1253): - state: DISCONNECTED
D/PhoneApp( 1253): - reason: dataDetached
V/ExtraGmTelephonyManager( 1081): phone type for sim 1: 1

V/MSimPhoneGlobals( 1253): Action intent recieved:android.intent.action.ANY_DATA_STATE
D/StatusBar.NetworkControllerGemini( 1081): mNetworkName, sim1Inserted is true, sim2Inserted is true.networkname[0]=只能拨打紧急呼救电话;networkname[1]=移动
D/StatusBar.NetworkControllerGemini( 1081): PhoneStateListener:onServiceStateChanged, sim1 after.
D/StatusBar.NetworkControllerGemini( 1081): PhoneStateListener:onDataConnectionStateChanged, sim1 before.
D/StatusBar.NetworkControllerGemini( 1081): PhoneStateListener:onDataConnectionStateChanged, state=0 type=0
D/PhoneApp( 1253): mReceiver: ACTION_ANY_DATA_CONNECTION_STATE_CHANGED
D/PhoneApp( 1253): - state: DISCONNECTED
D/PhoneApp( 1253): - reason: dataDetached

V/ExtraGmTelephonyManager( 1081): phone type for sim 0: 1
V/ExtraGmTelephonyManager( 1081): phone type for sim 1: 1
V/MSimPhoneGlobals( 1253): Action intent recieved:android.intent.action.ANY_DATA_STATE
D/StatusBar.NetworkControllerGemini( 1081): mNetworkName, sim1Inserted is true, sim2Inserted is true.networkname[0]=只能拨打紧急呼救电话;networkname[1]=移动
D/StatusBar.NetworkControllerGemini( 1081): PhoneStateListener:onDataConnectionStateChanged, sim1 after.
W/System.err( 3320): java.lang.NumberFormatException: Invalid int: "n"

W/System.err( 3320): 	at java.lang.Integer.parseInt(Integer.java:332)
W/System.err( 3320): 	at java.lang.Integer.valueOf(Integer.java:490)
W/System.err( 3320): 	at com.baidu.location.c.a(Unknown Source)
W/System.err( 3320): 	at com.baidu.location.c.a(Unknown Source)
W/System.err( 3320): 	at com.baidu.location.c$b.onCellLocationChanged(Unknown Source)
W/System.err( 3320): 	at android.telephony.PhoneStateListener$2.handleMessage(PhoneStateListener.java:393)

W/System.err( 3320): 	at android.os.Handler.dispatchMessage(Handler.java:99)
W/System.err( 3320): 	at android.os.Looper.loop(Looper.java:137)
W/System.err( 3320): 	at android.app.ActivityThread.main(ActivityThread.java:5155)
W/System.err( 3320): 	at java.lang.reflect.Method.invokeNative(Native Method)
W/System.err( 3320): 	at java.lang.reflect.Method.invoke(Method.java:525)

W/System.err( 3320): 	at com.android.internal.os.ZygoteInit$MethodAndArgsCaller.run(ZygoteInit.java:756)
W/System.err( 3320): 	at com.android.internal.os.ZygoteInit.main(ZygoteInit.java:572)
W/System.err( 3320): 	at miui.dexspy.DexspyInstaller.main(DexspyInstaller.java:171)
W/System.err( 3320): 	at dalvik.system.NativeStart.main(Native Method)
D/MobileDataStateTracker(  845): mms: subscription=0, dds=0
D/MobileDataStateTracker(  845): cbs: subscription=0, dds=0

D/PhoneApp( 1253): mReceiver: ACTION_ANY_DATA_CONNECTION_STATE_CHANGED
D/PhoneApp( 1253): - state: DISCONNECTED
D/PhoneApp( 1253): - reason: dataDetached
V/MSimPhoneGlobals( 1253): Action intent recieved:android.intent.action.ANY_DATA_STATE
D/PhoneApp( 1253): mReceiver: ACTION_ANY_DATA_CONNECTION_STATE_CHANGED
D/PhoneApp( 1253): - state: DISCONNECTED
D/PhoneApp( 1253): - reason: dataDetached
V/MSimPhoneGlobals( 1253): Action intent recieved:android.intent.action.ANY_DATA_STATE
D/PhoneApp( 1253): mReceiver: ACTION_ANY_DATA_CONNECTION_STATE_CHANGED
D/PhoneApp( 1253): - state: DISCONNECTED
D/PhoneApp( 1253): - reason: dataDetached
V/MSimPhoneGlobals( 1253): Action intent recieved:android.intent.action.ANY_DATA_STATE

D/PhoneApp( 1253): mReceiver: ACTION_ANY_DATA_CONNECTION_STATE_CHANGED
D/PhoneApp( 1253): - state: DISCONNECTED
D/PhoneApp( 1253): - reason: dataDetached
V/MSimPhoneGlobals( 1253): Action intent recieved:android.intent.action.ANY_DATA_STATE
D/PhoneApp( 1253): mReceiver: ACTION_ANY_DATA_CONNECTION_STATE_CHANGED
D/PhoneApp( 1253): - state: DISCONNECTED
D/PhoneApp( 1253): - reason: dataDetached
V/MSimPhoneGlobals( 1253): Action intent recieved:android.intent.action.ANY_DATA_STATE

D/PhoneApp( 1253): mReceiver: ACTION_ANY_DATA_CONNECTION_STATE_CHANGED
D/PhoneApp( 1253): - state: DISCONNECTED
D/PhoneApp( 1253): - reason: dataDetached
V/MSimPhoneGlobals( 1253): Action intent recieved:android.intent.action.ANY_DATA_STATE
D/PhoneApp( 1253): mReceiver: ACTION_ANY_DATA_CONNECTION_STATE_CHANGED
D/PhoneApp( 1253): - state: DISCONNECTED
D/PhoneApp( 1253): - reason: dataDetached
V/MSimPhoneGlobals( 1253): Action intent recieved:android.intent.action.ANY_DATA_STATE

D/PhoneApp( 1253): mReceiver: ACTION_ANY_DATA_CONNECTION_STATE_CHANGED
D/PhoneApp( 1253): - state: DISCONNECTED
D/PhoneApp( 1253): - reason: dataDetached
D/StatusBar.NetworkControllerGemini( 1081): PhoneStateListener:onSignalStrengthsChanged, sim1 before.
D/StatusBar.NetworkControllerGemini( 1081): PhoneStateListener:onSignalStrengthsChanged, signalStrength=2
V/ExtraGmTelephonyManager( 1081): phone type for sim 0: 1
E/Parcel  (  306): Reading a NULL string not supported here.

E/Parcel  (  306): Reading a NULL string not supported here.
V/ExtraGmTelephonyManager( 1081): phone type for sim 1: 1
D/StatusBar.NetworkControllerGemini( 1081): mNetworkName, sim1Inserted is true, sim2Inserted is true.networkname[0]=只能拨打紧急呼救电话;networkname[1]=移动
D/StatusBar.NetworkControllerGemini( 1081): PhoneStateListener:onSignalStrengthsChanged, sim1 after.
E/Parcel  (  306): Reading a NULL string not supported here.
E/Parcel  (  306): Reading a NULL string not supported here.
D/StatusBar.NetworkControllerGemini( 1081): PhoneStateListener:onSignalStrengthsChanged, sim1 before.
D/StatusBar.NetworkControllerGemini( 1081): PhoneStateListener:onSignalStrengthsChanged, signalStrength=2

V/ExtraGmTelephonyManager( 1081): phone type for sim 0: 1
V/ExtraGmTelephonyManager( 1081): phone type for sim 1: 1
D/StatusBar.NetworkControllerGemini( 1081): mNetworkName, sim1Inserted is true, sim2Inserted is true.networkname[0]=只能拨打紧急呼救电话;networkname[1]=移动
D/StatusBar.NetworkControllerGemini( 1081): PhoneStateListener:onSignalStrengthsChanged, sim1 after.
D/AlarmManagerService(  845): Kernel timezone updated to -480 minutes west of GMT
D/AlarmManagerService(  845): Kernel timezone updated to -480 minutes west of GMT
W/PushService( 1193): 2014-09-06 15:34:12,667 - [WARN::PushService] - try send mi push message. packagename:com.xiaomi.o2o action:Command
D/StatusBar.NetworkControllerGemini( 1081): updateNetworkName showSpn=false spn=中国联通 3G showPlmn=true plmn=中国联通 3G slotId=0

V/ExtraGmTelephonyManager( 1081): phone type for sim 0: 1
V/ExtraGmTelephonyManager( 1081): phone type for sim 1: 1
D/StatusBar.NetworkControllerGemini( 1081): mNetworkName, sim1Inserted is true, sim2Inserted is true.networkname[0]=联通 3G;networkname[1]=移动
D/StatusBar.NetworkControllerGemini( 1081): PhoneStateListener:onServiceStateChanged, sim1 before.
D/StatusBar.NetworkControllerGemini( 1081): PhoneStateListener:onServiceStateChanged, state=0
D/StatusBar.NetworkControllerGemini( 1081): PhoneStateListener:onServiceStateChanged sim1 mDataNetType= [I@42766330
V/ExtraGmTelephonyManager( 1081): phone type for sim 0: 1
D/BluetoothPhoneService( 1253): handleMessage: 1

V/MSimPhoneGlobals( 1253): Action intent recieved:android.intent.action.SERVICE_STATE
V/ExtraGmTelephonyManager( 1081): phone type for sim 1: 1
I/MSimTelephonyRegistry(  845): notifyServiceState: 0 0 home CHN-UNICOM UNICOM 46001  UMTS UMTS CSS not supported -1 -1 RoamInd=-1 DefRoamInd=-1 EmergOnly=false
D/MSimTelephonyRegistry(  845): Notify data connection state changed on sub: 0
V/Mms     ( 2070): [1] MmsSystemEventReceiver.java(166): Intent received: Intent { act=android.intent.action.ANY_DATA_STATE flg=0x10 (has extras) }
V/Mms     ( 2070): [1] MmsSystemEventReceiver.java(166): Intent received: Intent { act=android.intent.action.ANY_DATA_STATE flg=0x10 (has extras) }
V/Mms     ( 2070): [1] MmsSystemEventReceiver.java(166): Intent received: Intent { act=android.intent.action.ANY_DATA_STATE flg=0x10 (has extras) }
D/MobileDataStateTracker(  845): fota: subscription=0, dds=0
D/MobileDataStateTracker(  845): dun: subscription=0, dds=0
V/Mms     ( 2070): [1] MmsSystemEventReceiver.java(166): Intent received: Intent { act=android.intent.action.ANY_DATA_STATE flg=0x10 (has extras) }

V/Mms     ( 2070): [1] MmsSystemEventReceiver.java(166): Intent received: Intent { act=android.intent.action.ANY_DATA_STATE flg=0x10 (has extras) }
V/Mms     ( 2070): [1] MmsSystemEventReceiver.java(166): Intent received: Intent { act=android.intent.action.ANY_DATA_STATE flg=0x10 (has extras) }
D/MobileDataStateTracker(  845): supl: subscription=0, dds=0
D/MobileDataStateTracker(  845): hipri: subscription=0, dds=0
D/MobileDataStateTracker(  845): ims: subscription=0, dds=0
V/Mms     ( 2070): [1] MmsSystemEventReceiver.java(166): Intent received: Intent { act=android.intent.action.ANY_DATA_STATE flg=0x10 (has extras) }
V/ExtraGmTelephonyManager( 1081): phone type for sim 0: 1
V/ExtraGmTelephonyManager( 1081): phone type for sim 1: 1
E/Parcel  (  306): Reading a NULL string not supported here.

E/Parcel  (  306): Reading a NULL string not supported here.
D/StatusBar.NetworkControllerGemini( 1081): mNetworkName, sim1Inserted is true, sim2Inserted is true.networkname[0]=联通 3G;networkname[1]=移动
D/StatusBar.NetworkControllerGemini( 1081): PhoneStateListener:onServiceStateChanged, sim1 after.
E/Parcel  (  306): Reading a NULL string not supported here.
V/Mms     ( 2070): [1] MmsSystemEventReceiver.java(166): Intent received: Intent { act=android.intent.action.ANY_DATA_STATE flg=0x10 (has extras) }
V/Mms     ( 2070): [1] MmsSystemEventReceiver.java(166): Intent received: Intent { act=android.intent.action.ANY_DATA_STATE flg=0x10 (has extras) }
V/Mms     ( 2070): [1] MmsSystemEventReceiver.java(166): Intent received: Intent { act=android.intent.action.ANY_DATA_STATE flg=0x10 (has extras) }
D/MobileDataStateTracker(  845): default: subscription=0, dds=0
D/MobileDataStateTracker(  845): mms: subscription=0, dds=0

D/MobileDataStateTracker(  845): cbs: subscription=0, dds=0
D/StatusBar.NetworkControllerGemini( 1081): PhoneStateListener:onDataConnectionStateChanged, sim1 before.
D/StatusBar.NetworkControllerGemini( 1081): PhoneStateListener:onDataConnectionStateChanged, state=0 type=3
V/ExtraGmTelephonyManager( 1081): phone type for sim 0: 1
V/ExtraGmTelephonyManager( 1081): phone type for sim 1: 1
D/StatusBar.NetworkControllerGemini( 1081): mNetworkName, sim1Inserted is true, sim2Inserted is true.networkname[0]=联通 3G;networkname[1]=移动
D/StatusBar.NetworkControllerGemini( 1081): PhoneStateListener:onDataConnectionStateChanged, sim1 after.
D/MobileDataStateTracker(  845): fota: subscription=0, dds=0
D/MobileDataStateTracker(  845): dun: subscription=0, dds=0
V/MSimPhoneGlobals( 1253): Action intent recieved:android.intent.action.ANY_DATA_STATE

D/PhoneApp( 1253): mReceiver: ACTION_ANY_DATA_CONNECTION_STATE_CHANGED
D/PhoneApp( 1253): - state: DISCONNECTED
D/PhoneApp( 1253): - reason: dataAttached
V/MSimPhoneGlobals( 1253): Action intent recieved:android.intent.action.ANY_DATA_STATE
D/PhoneApp( 1253): mReceiver: ACTION_ANY_DATA_CONNECTION_STATE_CHANGED
D/PhoneApp( 1253): - state: DISCONNECTED
D/PhoneApp( 1253): - reason: dataAttached

V/MSimPhoneGlobals( 1253): Action intent recieved:android.intent.action.ANY_DATA_STATE
D/PhoneApp( 1253): mReceiver: ACTION_ANY_DATA_CONNECTION_STATE_CHANGED
D/PhoneApp( 1253): - state: DISCONNECTED
D/PhoneApp( 1253): - reason: dataAttached
V/MSimPhoneGlobals( 1253): Action intent recieved:android.intent.action.ANY_DATA_STATE
D/PhoneApp( 1253): mReceiver: ACTION_ANY_DATA_CONNECTION_STATE_CHANGED
D/PhoneApp( 1253): - state: DISCONNECTED

D/PhoneApp( 1253): - reason: dataAttached
V/MSimPhoneGlobals( 1253): Action intent recieved:android.intent.action.ANY_DATA_STATE
D/PhoneApp( 1253): mReceiver: ACTION_ANY_DATA_CONNECTION_STATE_CHANGED
D/PhoneApp( 1253): - state: DISCONNECTED
D/PhoneApp( 1253): - reason: dataAttached
V/MSimPhoneGlobals( 1253): Action intent recieved:android.intent.action.ANY_DATA_STATE
D/PhoneApp( 1253): mReceiver: ACTION_ANY_DATA_CONNECTION_STATE_CHANGED

D/PhoneApp( 1253): - state: DISCONNECTED
D/PhoneApp( 1253): - reason: dataAttached
V/MSimPhoneGlobals( 1253): Action intent recieved:android.intent.action.ANY_DATA_STATE
D/PhoneApp( 1253): mReceiver: ACTION_ANY_DATA_CONNECTION_STATE_CHANGED
D/PhoneApp( 1253): - state: DISCONNECTED
D/PhoneApp( 1253): - reason: dataAttached
V/MSimPhoneGlobals( 1253): Action intent recieved:android.intent.action.ANY_DATA_STATE
D/PhoneApp( 1253): mReceiver: ACTION_ANY_DATA_CONNECTION_STATE_CHANGED
D/PhoneApp( 1253): - state: DISCONNECTED
D/PhoneApp( 1253): - reason: dataAttached

V/MSimPhoneGlobals( 1253): Action intent recieved:android.intent.action.ANY_DATA_STATE
D/PhoneApp( 1253): mReceiver: ACTION_ANY_DATA_CONNECTION_STATE_CHANGED
D/PhoneApp( 1253): - state: DISCONNECTED
D/PhoneApp( 1253): - reason: dataAttached
V/MSimPhoneGlobals( 1253): Action intent recieved:android.intent.action.ANY_DATA_STATE
D/PhoneApp( 1253): mReceiver: ACTION_ANY_DATA_CONNECTION_STATE_CHANGED
D/PhoneApp( 1253): - state: DISCONNECTED
D/PhoneApp( 1253): - reason: dataAttached
V/Mms     ( 2070): [1] MmsSystemEventReceiver.java(166): Intent received: Intent { act=android.intent.action.ANY_DATA_STATE flg=0x10 (has extras) }
V/MSimPhoneGlobals( 1253): Action intent recieved:android.intent.action.ANY_DATA_STATE
D/PhoneApp( 1253): mReceiver: ACTION_ANY_DATA_CONNECTION_STATE_CHANGED
D/PhoneApp( 1253): - state: DISCONNECTED

D/PhoneApp( 1253): - reason: dataAttached
V/MSimPhoneGlobals( 1253): Action intent recieved:android.intent.action.ANY_DATA_STATE
D/MobileDataStateTracker(  845): supl: subscription=0, dds=0
D/MobileDataStateTracker(  845): hipri: subscription=0, dds=0
D/PhoneApp( 1253): mReceiver: ACTION_ANY_DATA_CONNECTION_STATE_CHANGED
D/PhoneApp( 1253): - state: DISCONNECTED
D/PhoneApp( 1253): - reason: dataAttached
V/Mms     ( 2070): [1] MmsSystemEventReceiver.java(166): Intent received: Intent { act=android.intent.action.ANY_DATA_STATE flg=0x10 (has extras) }
V/MSimPhoneGlobals( 1253): Action intent recieved:android.intent.action.ANY_DATA_STATE
D/PhoneApp( 1253): mReceiver: ACTION_ANY_DATA_CONNECTION_STATE_CHANGED
D/PhoneApp( 1253): - state: DISCONNECTED
D/PhoneApp( 1253): - reason: dataAttached
V/Mms     ( 2070): [1] MmsSystemEventReceiver.java(166): Intent received: Intent { act=android.intent.action.ANY_DATA_STATE flg=0x10 (has extras) }
V/MSimPhoneGlobals( 1253): Action intent recieved:android.intent.action.ANY_DATA_STATE

D/PhoneApp( 1253): mReceiver: ACTION_ANY_DATA_CONNECTION_STATE_CHANGED
D/PhoneApp( 1253): - state: DISCONNECTED
D/PhoneApp( 1253): - reason: dataAttached
V/Mms     ( 2070): [1] MmsSystemEventReceiver.java(166): Intent received: Intent { act=android.intent.action.ANY_DATA_STATE flg=0x10 (has extras) }
V/MSimPhoneGlobals( 1253): Action intent recieved:android.intent.action.ANY_DATA_STATE
D/PhoneApp( 1253): mReceiver: ACTION_ANY_DATA_CONNECTION_STATE_CHANGED
D/PhoneApp( 1253): - state: DISCONNECTED
D/PhoneApp( 1253): - reason: dataAttached
V/Mms     ( 2070): [1] MmsSystemEventReceiver.java(166): Intent received: Intent { act=android.intent.action.ANY_DATA_STATE flg=0x10 (has extras) }
E/Parcel  (  306): Reading a NULL string not supported here.
E/Parcel  (  306): Reading a NULL string not supported here.
V/MSimPhoneGlobals( 1253): Action intent recieved:android.intent.action.ANY_DATA_STATE
E/Parcel  (  306): Reading a NULL string not supported here.
V/Mms     ( 2070): [1] MmsSystemEventReceiver.java(166): Intent received: Intent { act=android.intent.action.ANY_DATA_STATE flg=0x10 (has extras) }

D/PhoneApp( 1253): mReceiver: ACTION_ANY_DATA_CONNECTION_STATE_CHANGED
D/PhoneApp( 1253): - state: DISCONNECTED
D/PhoneApp( 1253): - reason: dataAttached
D/MobileDataStateTracker(  845): ims: subscription=0, dds=0
D/MobileDataStateTracker(  845): default: subscription=0, dds=0
D/MobileDataStateTracker(  845): mms: subscription=0, dds=0
D/MobileDataStateTracker(  845): cbs: subscription=0, dds=0
D/StatusBar.NetworkControllerGemini( 1081): PhoneStateListener:onSignalStrengthsChanged, sim1 before.
D/StatusBar.NetworkControllerGemini( 1081): PhoneStateListener:onSignalStrengthsChanged, signalStrength=3
V/ExtraGmTelephonyManager( 1081): phone type for sim 0: 1
V/ExtraGmTelephonyManager( 1081): phone type for sim 1: 1
E/Parcel  (  306): Reading a NULL string not supported here.
E/Parcel  (  306): Reading a NULL string not supported here.
I/MSimTelephonyRegistry(  845): notifyServiceState: 1 1 home null null null  Unknown Unknown CSS not supported -1 -1 RoamInd=-1 DefRoamInd=-1 EmergOnly=true

D/BluetoothPhoneService( 1253): handleMessage: 1
V/MSimPhoneGlobals( 1253): Action intent recieved:android.intent.action.SERVICE_STATE
V/Mms     ( 2070): [1] MmsSystemEventReceiver.java(166): Intent received: Intent { act=android.intent.action.ANY_DATA_STATE flg=0x10 (has extras) }
V/Mms     ( 2070): [1] MmsSystemEventReceiver.java(166): Intent received: Intent { act=android.intent.action.ANY_DATA_STATE flg=0x10 (has extras) }
V/ExtraGmTelephonyManager( 1081): phone type for sim 0: 1
D/MSimTelephonyRegistry(  845): Notify data connection state changed on sub: 0
D/MobileDataStateTracker(  845): fota: subscription=0, dds=0
D/MobileDataStateTracker(  845): dun: subscription=0, dds=0
V/ExtraGmTelephonyManager( 1081): phone type for sim 1: 1
D/StatusBar.NetworkControllerGemini( 1081): mNetworkName, sim1Inserted is true, sim2Inserted is true.networkname[0]=联通 3G;networkname[1]=移动
D/StatusBar.NetworkControllerGemini( 1081): PhoneStateListener:onSignalStrengthsChanged, sim1 after.
V/Mms     ( 2070): [1] MmsSystemEventReceiver.java(166): Intent received: Intent { act=android.intent.action.ANY_DATA_STATE flg=0x10 (has extras) }
V/Mms     ( 2070): [1] MmsSystemEventReceiver.java(166): Intent received: Intent { act=android.intent.action.ANY_DATA_STATE flg=0x10 (has extras) }
D/StatusBar.NetworkControllerGemini( 1081): updateNetworkName showSpn=false spn= showPlmn=true plmn=只能拨打紧急呼救电话 slotId=0
D/MobileDataStateTracker(  845): supl: subscription=0, dds=0
D/MobileDataStateTracker(  845): hipri: subscription=0, dds=0
V/Mms     ( 2070): [1] MmsSystemEventReceiver.java(166): Intent received: Intent { act=android.intent.action.ANY_DATA_STATE flg=0x10 (has extras) }
V/Mms     ( 2070): [1] MmsSystemEventReceiver.java(166): Intent received: Intent { act=android.intent.action.ANY_DATA_STATE flg=0x10 (has extras) }
E/Parcel  (  306): Reading a NULL string not supported here.
E/Parcel  (  306): Reading a NULL string not supported here.

D/MobileDataStateTracker(  845): ims: subscription=0, dds=0
D/MobileDataStateTracker(  845): default: subscription=0, dds=0
E/Parcel  (  306): Reading a NULL string not supported here.
V/Mms     ( 2070): [1] MmsSystemEventReceiver.java(166): Intent received: Intent { act=android.intent.action.ANY_DATA_STATE flg=0x10 (has extras) }
V/Mms     ( 2070): [1] MmsSystemEventReceiver.java(166): Intent received: Intent { act=android.intent.action.ANY_DATA_STATE flg=0x10 (has extras) }
D/MobileDataStateTracker(  845): mms: subscription=0, dds=0
D/MobileDataStateTracker(  845): cbs: subscription=0, dds=0
V/Mms     ( 2070): [1] MmsSystemEventReceiver.java(166): Intent received: Intent { act=android.intent.action.ANY_DATA_STATE flg=0x10 (has extras) }
V/ExtraGmTelephonyManager( 1081): phone type for sim 0: 1
V/ExtraGmTelephonyManager( 1081): phone type for sim 1: 1
V/Mms     ( 2070): [1] MmsSystemEventReceiver.java(166): Intent received: Intent { act=android.intent.action.ANY_DATA_STATE flg=0x10 (has extras) }
D/StatusBar.NetworkControllerGemini( 1081): mNetworkName, sim1Inserted is true, sim2Inserted is true.networkname[0]=只能拨打紧急呼救电话;networkname[1]=移动
D/StatusBar.NetworkControllerGemini( 1081): PhoneStateListener:onServiceStateChanged, sim1 before.
D/StatusBar.NetworkControllerGemini( 1081): PhoneStateListener:onServiceStateChanged, state=1
D/StatusBar.NetworkControllerGemini( 1081): PhoneStateListener:onServiceStateChanged sim1 mDataNetType= [I@42766330

V/ExtraGmTelephonyManager( 1081): phone type for sim 0: 1
D/MobileDataStateTracker(  845): fota: subscription=0, dds=0
D/MobileDataStateTracker(  845): dun: subscription=0, dds=0
V/Mms     ( 2070): [1] MmsSystemEventReceiver.java(166): Intent received: Intent { act=android.intent.action.ANY_DATA_STATE flg=0x10 (has extras) }
V/Mms     ( 2070): [1] MmsSystemEventReceiver.java(166): Intent received: Intent { act=android.intent.action.ANY_DATA_STATE flg=0x10 (has extras) }
V/ExtraGmTelephonyManager( 1081): phone type for sim 1: 1
V/Mms     ( 2070): [1] MmsSystemEventReceiver.java(166): Intent received: Intent { act=android.intent.action.ANY_DATA_STATE flg=0x10 (has extras) }
D/MobileDataStateTracker(  845): supl: subscription=0, dds=0
D/MobileDataStateTracker(  845): hipri: subscription=0, dds=0
D/MobileDataStateTracker(  845): ims: subscription=0, dds=0
V/Mms     ( 2070): [1] MmsSystemEventReceiver.java(166): Intent received: Intent { act=android.intent.action.ANY_DATA_STATE flg=0x10 (has extras) }
V/Mms     ( 2070): [1] MmsSystemEventReceiver.java(166): Intent received: Intent { act=android.intent.action.ANY_DATA_STATE flg=0x10 (has extras) }
V/Mms     ( 2070): [1] MmsSystemEventReceiver.java(166): Intent received: Intent { act=android.intent.action.ANY_DATA_STATE flg=0x10 (has extras) }
E/Parcel  (  306): Reading a NULL string not supported here.
E/Parcel  (  306): Reading a NULL string not supported here.
E/Parcel  (  306): Reading a NULL string not supported here.
V/MSimPhoneGlobals( 1253): Action intent recieved:android.intent.action.ANY_DATA_STATE
D/PhoneApp( 1253): mReceiver: ACTION_ANY_DATA_CONNECTION_STATE_CHANGED
D/PhoneApp( 1253): - state: DISCONNECTED
D/PhoneApp( 1253): - reason: dataDetached
V/MSimPhoneGlobals( 1253): Action intent recieved:android.intent.action.ANY_DATA_STATE
D/PhoneApp( 1253): mReceiver: ACTION_ANY_DATA_CONNECTION_STATE_CHANGED

D/PhoneApp( 1253): - state: DISCONNECTED
D/PhoneApp( 1253): - reason: dataDetached
V/MSimPhoneGlobals( 1253): Action intent recieved:android.intent.action.ANY_DATA_STATE
D/PhoneApp( 1253): mReceiver: ACTION_ANY_DATA_CONNECTION_STATE_CHANGED
D/PhoneApp( 1253): - state: DISCONNECTED
D/PhoneApp( 1253): - reason: dataDetached
V/MSimPhoneGlobals( 1253): Action intent recieved:android.intent.action.ANY_DATA_STATE
D/PhoneApp( 1253): mReceiver: ACTION_ANY_DATA_CONNECTION_STATE_CHANGED
D/PhoneApp( 1253): - state: DISCONNECTED
D/PhoneApp( 1253): - reason: dataDetached
V/MSimPhoneGlobals( 1253): Action intent recieved:android.intent.action.ANY_DATA_STATE
D/PhoneApp( 1253): mReceiver: ACTION_ANY_DATA_CONNECTION_STATE_CHANGED
D/PhoneApp( 1253): - state: DISCONNECTED

D/PhoneApp( 1253): - reason: dataDetached
V/MSimPhoneGlobals( 1253): Action intent recieved:android.intent.action.ANY_DATA_STATE
D/PhoneApp( 1253): mReceiver: ACTION_ANY_DATA_CONNECTION_STATE_CHANGED
D/PhoneApp( 1253): - state: DISCONNECTED
D/PhoneApp( 1253): - reason: dataDetached
V/MSimPhoneGlobals( 1253): Action intent recieved:android.intent.action.ANY_DATA_STATE
D/PhoneApp( 1253): mReceiver: ACTION_ANY_DATA_CONNECTION_STATE_CHANGED
D/PhoneApp( 1253): - state: DISCONNECTED
D/PhoneApp( 1253): - reason: dataDetached
V/MSimPhoneGlobals( 1253): Action intent recieved:android.intent.action.ANY_DATA_STATE
D/PhoneApp( 1253): mReceiver: ACTION_ANY_DATA_CONNECTION_STATE_CHANGED
D/PhoneApp( 1253): - state: DISCONNECTED
D/PhoneApp( 1253): - reason: dataDetached

V/MSimPhoneGlobals( 1253): Action intent recieved:android.intent.action.ANY_DATA_STATE
D/PhoneApp( 1253): mReceiver: ACTION_ANY_DATA_CONNECTION_STATE_CHANGED
D/PhoneApp( 1253): - state: DISCONNECTED
D/PhoneApp( 1253): - reason: dataDetached
V/MSimPhoneGlobals( 1253): Action intent recieved:android.intent.action.ANY_DATA_STATE
D/MobileDataStateTracker(  845): default: subscription=0, dds=0
D/MobileDataStateTracker(  845): mms: subscription=0, dds=0
D/PhoneApp( 1253): mReceiver: ACTION_ANY_DATA_CONNECTION_STATE_CHANGED
D/PhoneApp( 1253): - state: DISCONNECTED
D/PhoneApp( 1253): - reason: dataDetached
V/MSimPhoneGlobals( 1253): Action intent recieved:android.intent.action.ANY_DATA_STATE
D/PhoneApp( 1253): mReceiver: ACTION_ANY_DATA_CONNECTION_STATE_CHANGED
D/PhoneApp( 1253): - state: DISCONNECTED
D/PhoneApp( 1253): - reason: dataDetached
V/MSimPhoneGlobals( 1253): Action intent recieved:android.intent.action.ANY_DATA_STATE
D/PhoneApp( 1253): mReceiver: ACTION_ANY_DATA_CONNECTION_STATE_CHANGED
D/PhoneApp( 1253): - state: DISCONNECTED
D/PhoneApp( 1253): - reason: dataDetached
V/MSimPhoneGlobals( 1253): Action intent recieved:android.intent.action.ANY_DATA_STATE
D/PhoneApp( 1253): mReceiver: ACTION_ANY_DATA_CONNECTION_STATE_CHANGED
D/PhoneApp( 1253): - state: DISCONNECTED
D/PhoneApp( 1253): - reason: dataDetached
V/MSimPhoneGlobals( 1253): Action intent recieved:android.intent.action.ANY_DATA_STATE
D/PhoneApp( 1253): mReceiver: ACTION_ANY_DATA_CONNECTION_STATE_CHANGED
D/PhoneApp( 1253): - state: DISCONNECTED
D/PhoneApp( 1253): - reason: dataDetached
W/System.err( 3320): java.lang.NumberFormatException: Invalid int: "n"
W/System.err( 3320): 	at java.lang.Integer.parseInt(Integer.java:332)
W/System.err( 3320): 	at java.lang.Integer.valueOf(Integer.java:490)
W/System.err( 3320): 	at com.baidu.location.c.a(Unknown Source)
W/System.err( 3320): 	at com.baidu.location.c.a(Unknown Source)
W/System.err( 3320): 	at com.baidu.location.c$b.onCellLocationChanged(Unknown Source)
V/MSimPhoneGlobals( 1253): Action intent recieved:android.intent.action.ANY_DATA_STATE
W/System.err( 3320): 	at android.telephony.PhoneStateListener$2.handleMessage(PhoneStateListener.java:393)
W/System.err( 3320): 	at android.os.Handler.dispatchMessage(Handler.java:99)
D/PhoneApp( 1253): mReceiver: ACTION_ANY_DATA_CONNECTION_STATE_CHANGED
D/PhoneApp( 1253): - state: DISCONNECTED

D/PhoneApp( 1253): - reason: dataDetached
V/MSimPhoneGlobals( 1253): Action intent recieved:android.intent.action.ANY_DATA_STATE
W/System.err( 3320): 	at android.os.Looper.loop(Looper.java:137)
W/System.err( 3320): 	at android.app.ActivityThread.main(ActivityThread.java:5155)
D/PhoneApp( 1253): mReceiver: ACTION_ANY_DATA_CONNECTION_STATE_CHANGED
W/System.err( 3320): 	at java.lang.reflect.Method.invokeNative(Native Method)
D/PhoneApp( 1253): - state: DISCONNECTED
D/PhoneApp( 1253): - reason: dataDetached
W/System.err( 3320): 	at java.lang.reflect.Method.invoke(Method.java:525)
W/System.err( 3320): 	at com.android.internal.os.ZygoteInit$MethodAndArgsCaller.run(ZygoteInit.java:756)
W/System.err( 3320): 	at com.android.internal.os.ZygoteInit.main(ZygoteInit.java:572)

W/System.err( 3320): 	at miui.dexspy.DexspyInstaller.main(DexspyInstaller.java:171)
W/System.err( 3320): 	at dalvik.system.NativeStart.main(Native Method)
V/ExtraGmTelephonyManager( 1081): phone type for sim 0: 1
V/ExtraGmTelephonyManager( 1081): phone type for sim 1: 1
D/StatusBar.NetworkControllerGemini( 1081): mNetworkName, sim1Inserted is true, sim2Inserted is true.networkname[0]=只能拨打紧急呼救电话;networkname[1]=移动
D/StatusBar.NetworkControllerGemini( 1081): PhoneStateListener:onServiceStateChanged, sim1 after.
D/StatusBar.NetworkControllerGemini( 1081): PhoneStateListener:onDataConnectionStateChanged, sim1 before.
D/StatusBar.NetworkControllerGemini( 1081): PhoneStateListener:onDataConnectionStateChanged, state=0 type=0
V/ExtraGmTelephonyManager( 1081): phone type for sim 0: 1
V/ExtraGmTelephonyManager( 1081): phone type for sim 1: 1
W/PushService( 1193): 2014-09-06 15:34:18,938 - [WARN::PushService] - JOB: check the ping-pong.
D/StatusBar.NetworkControllerGemini( 1081): mNetworkName, sim1Inserted is true, sim2Inserted is true.networkname[0]=只能拨打紧急呼救电话;networkname[1]=移动

D/StatusBar.NetworkControllerGemini( 1081): PhoneStateListener:onDataConnectionStateChanged, sim1 after.
D/MobileDataStateTracker(  845): cbs: subscription=0, dds=0
D/StatusBar.NetworkControllerGemini( 1081): PhoneStateListener:onSignalStrengthsChanged, sim1 before.
D/StatusBar.NetworkControllerGemini( 1081): PhoneStateListener:onSignalStrengthsChanged, signalStrength=2
E/Parcel  (  306): Reading a NULL string not supported here.
E/Parcel  (  306): Reading a NULL string not supported here.
V/ExtraGmTelephonyManager( 1081): phone type for sim 0: 1
V/ExtraGmTelephonyManager( 1081): phone type for sim 1: 1
D/StatusBar.NetworkControllerGemini( 1081): mNetworkName, sim1Inserted is true, sim2Inserted is true.networkname[0]=只能拨打紧急呼救电话;networkname[1]=移动
D/StatusBar.NetworkControllerGemini( 1081): PhoneStateListener:onSignalStrengthsChanged, sim1 after.
E/Parcel  (  306): Reading a NULL string not supported here.
E/Parcel  (  306): Reading a NULL string not supported here.
D/StatusBar.NetworkControllerGemini( 1081): PhoneStateListener:onSignalStrengthsChanged, sim1 before.
D/StatusBar.NetworkControllerGemini( 1081): PhoneStateListener:onSignalStrengthsChanged, signalStrength=2

V/ExtraGmTelephonyManager( 1081): phone type for sim 0: 1
V/ExtraGmTelephonyManager( 1081): phone type for sim 1: 1
D/StatusBar.NetworkControllerGemini( 1081): mNetworkName, sim1Inserted is true, sim2Inserted is true.networkname[0]=只能拨打紧急呼救电话;networkname[1]=移动
D/StatusBar.NetworkControllerGemini( 1081): PhoneStateListener:onSignalStrengthsChanged, sim1 after.
D/AlarmManagerService(  845): Kernel timezone updated to -480 minutes west of GMT
D/AlarmManagerService(  845): Kernel timezone updated to -480 minutes west of GMT
I/MSimTelephonyRegistry(  845): notifyServiceState: 0 0 home CHN-UNICOM UNICOM 46001  UMTS UMTS CSS not supported -1 -1 RoamInd=-1 DefRoamInd=-1 EmergOnly=false
D/BluetoothPhoneService( 1253): handleMessage: 1
V/MSimPhoneGlobals( 1253): Action intent recieved:android.intent.action.SERVICE_STATE
V/Mms     ( 2070): [1] MmsSystemEventReceiver.java(166): Intent received: Intent { act=android.intent.action.ANY_DATA_STATE flg=0x10 (has extras) }
V/Mms     ( 2070): [1] MmsSystemEventReceiver.java(166): Intent received: Intent { act=android.intent.action.ANY_DATA_STATE flg=0x10 (has extras) }
D/MSimTelephonyRegistry(  845): Notify data connection state changed on sub: 0
D/MobileDataStateTracker(  845): fota: subscription=0, dds=0
D/MobileDataStateTracker(  845): dun: subscription=0, dds=0
V/Mms     ( 2070): [1] MmsSystemEventReceiver.java(166): Intent received: Intent { act=android.intent.action.ANY_DATA_STATE flg=0x10 (has extras) }

V/ExtraGmTelephonyManager( 1081): phone type for sim 0: 1
V/ExtraGmTelephonyManager( 1081): phone type for sim 1: 1
V/Mms     ( 2070): [1] MmsSystemEventReceiver.java(166): Intent received: Intent { act=android.intent.action.ANY_DATA_STATE flg=0x10 (has extras) }
D/StatusBar.NetworkControllerGemini( 1081): mNetworkName, sim1Inserted is true, sim2Inserted is true.networkname[0]=联通 3G;networkname[1]=移动
D/StatusBar.NetworkControllerGemini( 1081): PhoneStateListener:onServiceStateChanged, sim1 before.
D/StatusBar.NetworkControllerGemini( 1081): PhoneStateListener:onServiceStateChanged, state=0
D/StatusBar.NetworkControllerGemini( 1081): PhoneStateListener:onServiceStateChanged sim1 mDataNetType= [I@42766330
V/Mms     ( 2070): [1] MmsSystemEventReceiver.java(166): Intent received: Intent { act=android.intent.action.ANY_DATA_STATE flg=0x10 (has extras) }
V/ExtraGmTelephonyManager( 1081): phone type for sim 0: 1
D/StatusBar.NetworkControllerGemini( 1081): updateNetworkName showSpn=false spn=中国联通 3G showPlmn=true plmn=中国联通 3G slotId=0
D/MobileDataStateTracker(  845): supl: subscription=0, dds=0
D/MobileDataStateTracker(  845): hipri: subscription=0, dds=0
D/MobileDataStateTracker(  845): ims: subscription=0, dds=0
V/ExtraGmTelephonyManager( 1081): phone type for sim 1: 1

V/Mms     ( 2070): [1] MmsSystemEventReceiver.java(166): Intent received: Intent { act=android.intent.action.ANY_DATA_STATE flg=0x10 (has extras) }
E/Parcel  (  306): Reading a NULL string not supported here.
E/Parcel  (  306): Reading a NULL string not supported here.
E/Parcel  (  306): Reading a NULL string not supported here.
V/Mms     ( 2070): [1] MmsSystemEventReceiver.java(166): Intent received: Intent { act=android.intent.action.ANY_DATA_STATE flg=0x10 (has extras) }
D/MobileDataStateTracker(  845): default: subscription=0, dds=0
D/MobileDataStateTracker(  845): mms: subscription=0, dds=0
V/Mms     ( 2070): [1] MmsSystemEventReceiver.java(166): Intent received: Intent { act=android.intent.action.ANY_DATA_STATE flg=0x10 (has extras) }
V/Mms     ( 2070): [1] MmsSystemEventReceiver.java(166): Intent received: Intent { act=android.intent.action.ANY_DATA_STATE flg=0x10 (has extras) }
V/Mms     ( 2070): [1] MmsSystemEventReceiver.java(166): Intent received: Intent { act=android.intent.action.ANY_DATA_STATE flg=0x10 (has extras) }
D/MobileDataStateTracker(  845): cbs: subscription=0, dds=0
D/MobileDataStateTracker(  845): fota: subscription=0, dds=0
V/Mms     ( 2070): [1] MmsSystemEventReceiver.java(166): Intent received: Intent { act=android.intent.action.ANY_DATA_STATE flg=0x10 (has extras) }

V/Mms     ( 2070): [1] MmsSystemEventReceiver.java(166): Intent received: Intent { act=android.intent.action.ANY_DATA_STATE flg=0x10 (has extras) }
V/Mms     ( 2070): [1] MmsSystemEventReceiver.java(166): Intent received: Intent { act=android.intent.action.ANY_DATA_STATE flg=0x10 (has extras) }
D/MobileDataStateTracker(  845): dun: subscription=0, dds=0
D/MobileDataStateTracker(  845): supl: subscription=0, dds=0
D/MobileDataStateTracker(  845): hipri: subscription=0, dds=0
V/Mms     ( 2070): [1] MmsSystemEventReceiver.java(166): Intent received: Intent { act=android.intent.action.ANY_DATA_STATE flg=0x10 (has extras) }
V/ExtraGmTelephonyManager( 1081): phone type for sim 0: 1
V/Mms     ( 2070): [1] MmsSystemEventReceiver.java(166): Intent received: Intent { act=android.intent.action.ANY_DATA_STATE flg=0x10 (has extras) }
V/ExtraGmTelephonyManager( 1081): phone type for sim 1: 1
D/StatusBar.NetworkControllerGemini( 1081): mNetworkName, sim1Inserted is true, sim2Inserted is true.networkname[0]=联通 3G;networkname[1]=移动
D/StatusBar.NetworkControllerGemini( 1081): PhoneStateListener:onServiceStateChanged, sim1 after.
V/MSimPhoneGlobals( 1253): Action intent recieved:android.intent.action.ANY_DATA_STATE
D/StatusBar.NetworkControllerGemini( 1081): PhoneStateListener:onDataConnectionStateChanged, sim1 before.
D/StatusBar.NetworkControllerGemini( 1081): PhoneStateListener:onDataConnectionStateChanged, state=0 type=3
D/PhoneApp( 1253): mReceiver: ACTION_ANY_DATA_CONNECTION_STATE_CHANGED
D/PhoneApp( 1253): - state: DISCONNECTED

D/PhoneApp( 1253): - reason: dataAttached
V/MSimPhoneGlobals( 1253): Action intent recieved:android.intent.action.ANY_DATA_STATE
D/PhoneApp( 1253): mReceiver: ACTION_ANY_DATA_CONNECTION_STATE_CHANGED
D/PhoneApp( 1253): - state: DISCONNECTED
D/PhoneApp( 1253): - reason: dataAttached
V/MSimPhoneGlobals( 1253): Action intent recieved:android.intent.action.ANY_DATA_STATE
D/PhoneApp( 1253): mReceiver: ACTION_ANY_DATA_CONNECTION_STATE_CHANGED
D/PhoneApp( 1253): - state: DISCONNECTED
D/PhoneApp( 1253): - reason: dataAttached
V/MSimPhoneGlobals( 1253): Action intent recieved:android.intent.action.ANY_DATA_STATE
D/PhoneApp( 1253): mReceiver: ACTION_ANY_DATA_CONNECTION_STATE_CHANGED
D/PhoneApp( 1253): - state: DISCONNECTED

D/PhoneApp( 1253): - reason: dataAttached
E/Parcel  (  306): Reading a NULL string not supported here.
E/Parcel  (  306): Reading a NULL string not supported here.
V/MSimPhoneGlobals( 1253): Action intent recieved:android.intent.action.ANY_DATA_STATE
D/PhoneApp( 1253): mReceiver: ACTION_ANY_DATA_CONNECTION_STATE_CHANGED
D/PhoneApp( 1253): - state: DISCONNECTED
D/PhoneApp( 1253): - reason: dataAttached
V/MSimPhoneGlobals( 1253): Action intent recieved:android.intent.action.ANY_DATA_STATE
E/Parcel  (  306): Reading a NULL string not supported here.
D/PhoneApp( 1253): mReceiver: ACTION_ANY_DATA_CONNECTION_STATE_CHANGED
D/PhoneApp( 1253): - state: DISCONNECTED
D/PhoneApp( 1253): - reason: dataAttached
V/MSimPhoneGlobals( 1253): Action intent recieved:android.intent.action.ANY_DATA_STATE
D/PhoneApp( 1253): mReceiver: ACTION_ANY_DATA_CONNECTION_STATE_CHANGED

D/PhoneApp( 1253): - state: DISCONNECTED
D/PhoneApp( 1253): - reason: dataAttached
V/MSimPhoneGlobals( 1253): Action intent recieved:android.intent.action.ANY_DATA_STATE
D/PhoneApp( 1253): mReceiver: ACTION_ANY_DATA_CONNECTION_STATE_CHANGED
D/PhoneApp( 1253): - state: DISCONNECTED
D/PhoneApp( 1253): - reason: dataAttached
V/MSimPhoneGlobals( 1253): Action intent recieved:android.intent.action.ANY_DATA_STATE
D/PhoneApp( 1253): mReceiver: ACTION_ANY_DATA_CONNECTION_STATE_CHANGED
D/PhoneApp( 1253): - state: DISCONNECTED
D/PhoneApp( 1253): - reason: dataAttached
V/MSimPhoneGlobals( 1253): Action intent recieved:android.intent.action.ANY_DATA_STATE
D/PhoneApp( 1253): mReceiver: ACTION_ANY_DATA_CONNECTION_STATE_CHANGED
V/ExtraGmTelephonyManager( 1081): phone type for sim 0: 1

D/PhoneApp( 1253): - state: DISCONNECTED
D/PhoneApp( 1253): - reason: dataAttached
V/MSimPhoneGlobals( 1253): Action intent recieved:android.intent.action.ANY_DATA_STATE
D/PhoneApp( 1253): mReceiver: ACTION_ANY_DATA_CONNECTION_STATE_CHANGED
D/PhoneApp( 1253): - state: DISCONNECTED
D/PhoneApp( 1253): - reason: dataAttached
V/MSimPhoneGlobals( 1253): Action intent recieved:android.intent.action.ANY_DATA_STATE
D/PhoneApp( 1253): mReceiver: ACTION_ANY_DATA_CONNECTION_STATE_CHANGED
V/Mms     ( 2070): [1] MmsSystemEventReceiver.java(166): Intent received: Intent { act=android.intent.action.ANY_DATA_STATE flg=0x10 (has extras) }
D/PhoneApp( 1253): - state: DISCONNECTED
D/MobileDataStateTracker(  845): ims: subscription=0, dds=0
D/MobileDataStateTracker(  845): default: subscription=0, dds=0
D/MobileDataStateTracker(  845): mms: subscription=0, dds=0
D/PhoneApp( 1253): - reason: dataAttached
V/MSimPhoneGlobals( 1253): Action intent recieved:android.intent.action.ANY_DATA_STATE

D/PhoneApp( 1253): mReceiver: ACTION_ANY_DATA_CONNECTION_STATE_CHANGED
D/PhoneApp( 1253): - state: DISCONNECTED
D/PhoneApp( 1253): - reason: dataAttached
V/MSimPhoneGlobals( 1253): Action intent recieved:android.intent.action.ANY_DATA_STATE
D/PhoneApp( 1253): mReceiver: ACTION_ANY_DATA_CONNECTION_STATE_CHANGED
D/PhoneApp( 1253): - state: DISCONNECTED
D/PhoneApp( 1253): - reason: dataAttached
V/ExtraGmTelephonyManager( 1081): phone type for sim 1: 1
V/MSimPhoneGlobals( 1253): Action intent recieved:android.intent.action.ANY_DATA_STATE
D/PhoneApp( 1253): mReceiver: ACTION_ANY_DATA_CONNECTION_STATE_CHANGED
D/PhoneApp( 1253): - state: DISCONNECTED
D/PhoneApp( 1253): - reason: dataAttached
V/MSimPhoneGlobals( 1253): Action intent recieved:android.intent.action.ANY_DATA_STATE

D/PhoneApp( 1253): mReceiver: ACTION_ANY_DATA_CONNECTION_STATE_CHANGED
D/PhoneApp( 1253): - state: DISCONNECTED
D/PhoneApp( 1253): - reason: dataAttached
D/StatusBar.NetworkControllerGemini( 1081): mNetworkName, sim1Inserted is true, sim2Inserted is true.networkname[0]=联通 3G;networkname[1]=移动
D/StatusBar.NetworkControllerGemini( 1081): PhoneStateListener:onDataConnectionStateChanged, sim1 after.
D/MobileDataStateTracker(  845): cbs: subscription=0, dds=0
D/StatusBar.NetworkControllerGemini( 1081): PhoneStateListener:onSignalStrengthsChanged, sim1 before.
D/StatusBar.NetworkControllerGemini( 1081): PhoneStateListener:onSignalStrengthsChanged, signalStrength=4
E/Parcel  (  306): Reading a NULL string not supported here.
E/Parcel  (  306): Reading a NULL string not supported here.
V/ExtraGmTelephonyManager( 1081): phone type for sim 0: 1

V/ExtraGmTelephonyManager( 1081): phone type for sim 1: 1
I/MSimTelephonyRegistry(  845): notifyServiceState: 1 1 home null null null  Unknown Unknown CSS not supported -1 -1 RoamInd=-1 DefRoamInd=-1 EmergOnly=true
V/ExtraGmTelephonyManager( 1081): phone type for sim 0: 1
V/ExtraGmTelephonyManager( 1081): phone type for sim 1: 1
D/BluetoothPhoneService( 1253): handleMessage: 1
V/MSimPhoneGlobals( 1253): Action intent recieved:android.intent.action.SERVICE_STATE
D/StatusBar.NetworkControllerGemini( 1081): mNetworkName, sim1Inserted is true, sim2Inserted is true.networkname[0]=联通 3G;networkname[1]=移动
D/StatusBar.NetworkControllerGemini( 1081): PhoneStateListener:onSignalStrengthsChanged, sim1 after.
D/StatusBar.NetworkControllerGemini( 1081): updateNetworkName showSpn=false spn= showPlmn=true plmn=只能拨打紧急呼救电话 slotId=0
V/ExtraGmTelephonyManager( 1081): phone type for sim 0: 1
V/ExtraGmTelephonyManager( 1081): phone type for sim 1: 1
V/Mms     ( 2070): [1] MmsSystemEventReceiver.java(166): Intent received: Intent { act=android.intent.action.ANY_DATA_STATE flg=0x10 (has extras) }
D/StatusBar.NetworkControllerGemini( 1081): mNetworkName, sim1Inserted is true, sim2Inserted is true.networkname[0]=只能拨打紧急呼救电话;networkname[1]=移动
V/Mms     ( 2070): [1] MmsSystemEventReceiver.java(166): Intent received: Intent { act=android.intent.action.ANY_DATA_STATE flg=0x10 (has extras) }

