D/StatusBar.NetworkControllerGemini( 1081): PhoneStateListener:onServiceStateChanged, state=0
D/StatusBar.NetworkControllerGemini( 1081): PhoneStateListener:onServiceStateChanged sim1 mDataNetType= [I@42766330
V/Mms     ( 2070): [1] MmsSystemEventReceiver.java(166): Intent received: Intent { act=android.intent.action.ANY_DATA_STATE flg=0x10 (has extras) }
V/Mms     ( 2070): [1] MmsSystemEventReceiver.java(166): Intent received: Intent { act=android.intent.action.ANY_DATA_STATE flg=0x10 (has extras) }
V/ExtraGmTelephonyManager( 1081): phone type for sim 0: 1
V/Mms     ( 2070): [1] MmsSystemEventReceiver.java(166): Intent received: Intent { act=android.intent.action.ANY_DATA_STATE flg=0x10 (has extras) }
D/MSimTelephonyRegistry(  845): Notify data connection state changed on sub: 0
D/MobileDataStateTracker(  845): fota: subscription=0, dds=0
D/MobileDataStateTracker(  845): dun: subscription=0, dds=0
V/ExtraGmTelephonyManager( 1081): phone type for sim 1: 1
V/Mms     ( 2070): [1] MmsSystemEventReceiver.java(166): Intent received: Intent { act=android.intent.action.ANY_DATA_STATE flg=0x10 (has extras) }
V/Mms     ( 2070): [1] MmsSystemEventReceiver.java(166): Intent received: Intent { act=android.intent.action.ANY_DATA_STATE flg=0x10 (has extras) }
V/Mms     ( 2070): [1] MmsSystemEventReceiver.java(166): Intent received: Intent { act=android.intent.action.ANY_DATA_STATE flg=0x10 (has extras) }
V/Mms     ( 2070): [1] MmsSystemEventReceiver.java(166): Intent received: Intent { act=android.intent.action.ANY_DATA_STATE flg=0x10 (has extras) }
D/MobileDataStateTracker(  845): supl: subscription=0, dds=0
D/MobileDataStateTracker(  845): hipri: subscription=0, dds=0
D/MobileDataStateTracker(  845): ims: subscription=0, dds=0
E/Parcel  (  306): Reading a NULL string not supported here.
E/Parcel  (  306): Reading a NULL string not supported here.
V/Mms     ( 2070): [1] MmsSystemEventReceiver.java(166): Intent received: Intent { act=android.intent.action.ANY_DATA_STATE flg=0x10 (has extras) }
E/Parcel  (  306): Reading a NULL string not supported here.
D/MobileDataStateTracker(  845): default: subscription=0, dds=0
D/MobileDataStateTracker(  845): mms: subscription=0, dds=0
D/MobileDataStateTracker(  845): cbs: subscription=0, dds=0
V/Mms     ( 2070): [1] MmsSystemEventReceiver.java(166): Intent received: Intent { act=android.intent.action.ANY_DATA_STATE flg=0x10 (has extras) }
V/Mms     ( 2070): [1] MmsSystemEventReceiver.java(166): Intent received: Intent { act=android.intent.action.ANY_DATA_STATE flg=0x10 (has extras) }
V/ExtraGmTelephonyManager( 1081): phone type for sim 0: 1
V/Mms     ( 2070): [1] MmsSystemEventReceiver.java(166): Intent received: Intent { act=android.intent.action.ANY_DATA_STATE flg=0x10 (has extras) }
D/MobileDataStateTracker(  845): fota: subscription=0, dds=0
D/MobileDataStateTracker(  845): dun: subscription=0, dds=0
V/ExtraGmTelephonyManager( 1081): phone type for sim 1: 1
V/Mms     ( 2070): [1] MmsSystemEventReceiver.java(166): Intent received: Intent { act=android.intent.action.ANY_DATA_STATE flg=0x10 (has extras) }
V/Mms     ( 2070): [1] MmsSystemEventReceiver.java(166): Intent received: Intent { act=android.intent.action.ANY_DATA_STATE flg=0x10 (has extras) }
D/StatusBar.NetworkControllerGemini( 1081): mNetworkName, sim1Inserted is true, sim2Inserted is true.networkname[0]=联通 3G;networkname[1]=移动
D/StatusBar.NetworkControllerGemini( 1081): PhoneStateListener:onServiceStateChanged, sim1 after.
V/Mms     ( 2070): [1] MmsSystemEventReceiver.java(166): Intent received: Intent { act=android.intent.action.ANY_DATA_STATE flg=0x10 (has extras) }
D/StatusBar.NetworkControllerGemini( 1081): PhoneStateListener:onDataConnectionStateChanged, sim1 before.
D/StatusBar.NetworkControllerGemini( 1081): PhoneStateListener:onDataConnectionStateChanged, state=0 type=3
D/MobileDataStateTracker(  845): supl: subscription=0, dds=0
V/Mms     ( 2070): [1] MmsSystemEventReceiver.java(166): Intent received: Intent { act=android.intent.action.ANY_DATA_STATE flg=0x10 (has extras) }
D/BrowserPushProvider(30424): call BrowserPushProvider, context package namecom.android.browser
V/MSimPhoneGlobals( 1253): Action intent recieved:android.intent.action.ANY_DATA_STATE
D/PhoneApp( 1253): mReceiver: ACTION_ANY_DATA_CONNECTION_STATE_CHANGED
D/PhoneApp( 1253): - state: DISCONNECTED
D/PhoneApp( 1253): - reason: dataAttached
V/MSimPhoneGlobals( 1253): Action intent recieved:android.intent.action.ANY_DATA_STATE
V/Mms     ( 2070): [1] MmsSystemEventReceiver.java(166): Intent received: Intent { act=android.intent.action.ANY_DATA_STATE flg=0x10 (has extras) }
D/PhoneApp( 1253): mReceiver: ACTION_ANY_DATA_CONNECTION_STATE_CHANGED
D/PhoneApp( 1253): - state: DISCONNECTED
D/PhoneApp( 1253): - reason: dataAttached
V/MSimPhoneGlobals( 1253): Action intent recieved:android.intent.action.ANY_DATA_STATE
D/PhoneApp( 1253): mReceiver: ACTION_ANY_DATA_CONNECTION_STATE_CHANGED
D/PhoneApp( 1253): - state: DISCONNECTED
D/PhoneApp( 1253): - reason: dataAttached
V/MSimPhoneGlobals( 1253): Action intent recieved:android.intent.action.ANY_DATA_STATE
D/PhoneApp( 1253): mReceiver: ACTION_ANY_DATA_CONNECTION_STATE_CHANGED
D/PhoneApp( 1253): - state: DISCONNECTED
D/PhoneApp( 1253): - reason: dataAttached
V/MSimPhoneGlobals( 1253): Action intent recieved:android.intent.action.ANY_DATA_STATE
D/PhoneApp( 1253): mReceiver: ACTION_ANY_DATA_CONNECTION_STATE_CHANGED
D/PhoneApp( 1253): - state: DISCONNECTED
D/PhoneApp( 1253): - reason: dataAttached
V/MSimPhoneGlobals( 1253): Action intent recieved:android.intent.action.ANY_DATA_STATE
D/PhoneApp( 1253): mReceiver: ACTION_ANY_DATA_CONNECTION_STATE_CHANGED
D/PhoneApp( 1253): - state: DISCONNECTED
D/PhoneApp( 1253): - reason: dataAttached
V/MSimPhoneGlobals( 1253): Action intent recieved:android.intent.action.ANY_DATA_STATE
D/PhoneApp( 1253): mReceiver: ACTION_ANY_DATA_CONNECTION_STATE_CHANGED
D/PhoneApp( 1253): - state: DISCONNECTED
D/PhoneApp( 1253): - reason: dataAttached
V/MSimPhoneGlobals( 1253): Action intent recieved:android.intent.action.ANY_DATA_STATE
V/ExtraGmTelephonyManager( 1081): phone type for sim 0: 1
D/PhoneApp( 1253): mReceiver: ACTION_ANY_DATA_CONNECTION_STATE_CHANGED
D/PhoneApp( 1253): - state: DISCONNECTED
D/PhoneApp( 1253): - reason: dataAttached
V/MSimPhoneGlobals( 1253): Action intent recieved:android.intent.action.ANY_DATA_STATE
D/PhoneApp( 1253): mReceiver: ACTION_ANY_DATA_CONNECTION_STATE_CHANGED
D/PhoneApp( 1253): - state: DISCONNECTED
D/PhoneApp( 1253): - reason: dataAttached
V/MSimPhoneGlobals( 1253): Action intent recieved:android.intent.action.ANY_DATA_STATE
D/PhoneApp( 1253): mReceiver: ACTION_ANY_DATA_CONNECTION_STATE_CHANGED
D/PhoneApp( 1253): - state: DISCONNECTED
D/PhoneApp( 1253): - reason: dataAttached
V/MSimPhoneGlobals( 1253): Action intent recieved:android.intent.action.ANY_DATA_STATE
D/PhoneApp( 1253): mReceiver: ACTION_ANY_DATA_CONNECTION_STATE_CHANGED
D/PhoneApp( 1253): - state: DISCONNECTED
D/PhoneApp( 1253): - reason: dataAttached
V/MSimPhoneGlobals( 1253): Action intent recieved:android.intent.action.ANY_DATA_STATE
V/ExtraGmTelephonyManager( 1081): phone type for sim 1: 1
D/PhoneApp( 1253): mReceiver: ACTION_ANY_DATA_CONNECTION_STATE_CHANGED
D/PhoneApp( 1253): - state: DISCONNECTED
D/PhoneApp( 1253): - reason: dataAttached
V/MSimPhoneGlobals( 1253): Action intent recieved:android.intent.action.ANY_DATA_STATE
D/PhoneApp( 1253): mReceiver: ACTION_ANY_DATA_CONNECTION_STATE_CHANGED
D/PhoneApp( 1253): - state: DISCONNECTED
D/PhoneApp( 1253): - reason: dataAttached
V/MSimPhoneGlobals( 1253): Action intent recieved:android.intent.action.ANY_DATA_STATE
D/PhoneApp( 1253): mReceiver: ACTION_ANY_DATA_CONNECTION_STATE_CHANGED
D/PhoneApp( 1253): - state: DISCONNECTED
D/PhoneApp( 1253): - reason: dataAttached
D/StatusBar.NetworkControllerGemini( 1081): mNetworkName, sim1Inserted is true, sim2Inserted is true.networkname[0]=联通 3G;networkname[1]=移动
V/MSimPhoneGlobals( 1253): Action intent recieved:android.intent.action.ANY_DATA_STATE
D/PhoneApp( 1253): mReceiver: ACTION_ANY_DATA_CONNECTION_STATE_CHANGED
D/PhoneApp( 1253): - state: DISCONNECTED
D/PhoneApp( 1253): - reason: dataAttached
V/MSimPhoneGlobals( 1253): Action intent recieved:android.intent.action.ANY_DATA_STATE
D/StatusBar.NetworkControllerGemini( 1081): PhoneStateListener:onDataConnectionStateChanged, sim1 after.
D/PhoneApp( 1253): mReceiver: ACTION_ANY_DATA_CONNECTION_STATE_CHANGED
D/PhoneApp( 1253): - state: DISCONNECTED
D/PhoneApp( 1253): - reason: dataAttached
E/Parcel  (  306): Reading a NULL string not supported here.
E/Parcel  (  306): Reading a NULL string not supported here.
E/Parcel  (  306): Reading a NULL string not supported here.
D/MobileDataStateTracker(  845): hipri: subscription=0, dds=0
D/MobileDataStateTracker(  845): ims: subscription=0, dds=0
D/MobileDataStateTracker(  845): default: subscription=0, dds=0
D/MobileDataStateTracker(  845): mms: subscription=0, dds=0
D/MobileDataStateTracker(  845): cbs: subscription=0, dds=0
I/ActivityManager(  845): Start proc com.miui.notes for content provider com.miui.notes/.data.NotesProvider: pid=12601 uid=10043 gids={50043, 1015, 3003, 1028}
D/dalvikvm(12601): Trying to load lib /data/data/com.lbe.security.miui/app_hips/liblbeclient.so 0x4272f0f8
D/dalvikvm(12601): Added shared lib /data/data/com.lbe.security.miui/app_hips/liblbeclient.so 0x4272f0f8
D/SizeAdaptiveLayout( 1081): com.android.internal.widget.SizeAdaptiveLayout{42a5c090 V.E..... ......ID 0,0-698,130 #7f0d00b6 app:id/adaptive}child view android.widget.FrameLayout{42c645d0 V.E..... ......ID 0,0-698,129 #1020315 android:id/status_bar_latest_event_content} measured out of bounds at 129px clamped to 130px
D/SizeAdaptiveLayout( 1081): com.android.internal.widget.SizeAdaptiveLayout{42ea0cc8 V.E..... ......ID 0,0-698,130 #7f0d00b6 app:id/adaptive}child view android.widget.FrameLayout{43e3a090 V.E..... ......ID 0,0-698,129 #1020315 android:id/status_bar_latest_event_content} measured out of bounds at 129px clamped to 130px
W/ResourceType(12601): Failure getting entry for 0x7f080000 (t=7 e=0) in package 0 (error -75)
I/ActivityManager(  845): Start proc com.miui.gallery for content provider com.miui.gallery/.provider.GalleryCloudPushProvider: pid=12617 uid=10036 gids={50036, 3003, 1028, 1015, 1023}
D/dalvikvm(12617): Trying to load lib /data/data/com.lbe.security.miui/app_hips/liblbeclient.so 0x427323b8
D/dalvikvm(12617): Added shared lib /data/data/com.lbe.security.miui/app_hips/liblbeclient.so 0x427323b8
D/AttachmentUtils(12601): verifyAttachmentFile consume time: 29
D/dalvikvm(12617): No JNI_OnLoad found in /system/lib/libMiuiGalleryJNI.so 0x42764788, skipping init
D/dalvikvm(  845): GC_CONCURRENT freed 4465K, 19% free 25297K/31020K, paused 4ms+8ms, total 97ms
W/ResourceType(12617): Failure getting entry for 0x7f090004 (t=8 e=4) in package 0 (error -75)
D/ApplicationHelper(12617): Create ApplicationHelper successfully, class=com.miui.gallery.util.deviceprovider.PhoneApplicationHelper@4280c2f8
D/MicloudPushService(12303): micloudPushType=MicloudPushType {packageName=com.android.browser, contentAuthority=com.android.browser.push, pushType=watermark, pushName=miui.browser.navigation, watermarkType=s, watermark=12}
D/MicloudPushService(12303): micloudPushType=MicloudPushType {packageName=com.android.browser, contentAuthority=com.android.browser.cloudPush, pushType=watermark, pushName=micloud.browser.history.sync, watermarkType=p, watermark=0}
D/MicloudPushService(12303): micloudPushType=MicloudPushType {packageName=com.android.browser, contentAuthority=com.android.browser.cloudPush, pushType=watermark, pushName=micloud.browser.tab.sync, watermarkType=p, watermark=0}
D/MicloudPushService(12303): micloudPushType=MicloudPushType {packageName=com.android.browser, contentAuthority=com.android.browser.cloudPush, pushType=watermark, pushName=micloud.browser.novel.sync, watermarkType=p, watermark=0}
D/MicloudPushService(12303): micloudPushType=MicloudPushType {packageName=com.android.browser, contentAuthority=com.android.browser.cloudPush, pushType=watermark, pushName=micloud.browser.webapp.sync, watermarkType=p, watermark=0}
D/MicloudPushService(12303): micloudPushType=MicloudPushType {packageName=com.miui.cloudservice, contentAuthority=com.miui.cloudservice, pushType=cmd, pushName=micloud.find.cmd, watermarkType=p, watermark=0}
D/MicloudPushService(12303): micloudPushType=MicloudPushType {packageName=com.miui.cloudservice, contentAuthority=com.miui.cloudservice, pushType=cmd, pushName=micloud.sms.cmd, watermarkType=p, watermark=0}
D/MicloudPushService(12303): micloudPushType=MicloudPushType {packageName=com.miui.cloudservice, contentAuthority=com.miui.cloudservice, pushType=watermark, pushName=micloud.contact.sync, watermarkType=p, watermark=0}
D/MicloudPushService(12303): micloudPushType=MicloudPushType {packageName=com.miui.cloudservice, contentAuthority=com.miui.cloudservice, pushType=watermark, pushName=micloud.micard.default.sync, watermarkType=p, watermark=0}
D/MicloudPushService(12303): micloudPushType=MicloudPushType {packageName=com.miui.cloudservice, contentAuthority=com.miui.cloudservice, pushType=watermark, pushName=micloud.sms.sync, watermarkType=p, watermark=0}
D/MicloudPushService(12303): micloudPushType=MicloudPushType {packageName=com.miui.cloudservice, contentAuthority=com.miui.cloudservice, pushType=watermark, pushName=micloud.wifi.sync, watermarkType=p, watermark=1949749794}
D/MicloudPushService(12303): micloudPushType=MicloudPushType {packageName=com.miui.cloudservice, contentAuthority=com.miui.cloudservice, pushType=watermark, pushName=micloud.note.sync, watermarkType=p, watermark=0}
D/MicloudPushService(12303): micloudPushType=MicloudPushType {packageName=com.miui.cloudservice, contentAuthority=com.miui.cloudservice, pushType=watermark, pushName=micloud.calllog.sync, watermarkType=p, watermark=0}
D/MicloudPushService(12303): micloudPushType=MicloudPushType {packageName=com.miui.gallery, contentAuthority=com.miui.gallery.cloud.push, pushType=watermark, pushName=micloud.gallery.sync, watermarkType=p, watermark=0}
D/MicloudPushService(12303): micloudPushType=MicloudPushType {packageName=com.miui.gallery, contentAuthority=com.miui.gallery.cloud.push, pushType=watermark, pushName=micloud.gallery.sharerlist.sync, watermarkType=p, watermark=0}
D/MicloudPushService(12303): micloudPushType=MicloudPushType {packageName=com.miui.gallery, contentAuthority=com.miui.gallery.cloud.push, pushType=watermark, pushName=micloud.gallery.albuminfo.sync, watermarkType=p, watermark=0}
D/MicloudPushService(12303): micloudPushType=MicloudPushType {packageName=com.miui.gallery, contentAuthority=com.miui.gallery.cloud.push, pushType=watermark, pushName=micloud.gallery.albumlist.sync, watermarkType=p, watermark=0}
D/MicloudPushService(12303): micloudPushType=MicloudPushType {packageName=com.miui.gallery, contentAuthority=com.miui.gallery.cloud.push, pushType=watermark, pushName=micloud.gallery.imagelist.sync, watermarkType=p, watermark=0}
D/MicloudPushService(12303): micloudPushType=MicloudPushType {packageName=com.android.thememanager, contentAuthority=com.android.thememanager, pushType=cmd, pushName=micloud.theme.cmd, watermarkType=p, watermark=0}
D/MicloudPushService(12303): subscribe push <iq id="fJP0O-0" to="403808578@xiaomi.com" from="403808578@xiaomi.com/mWRx08Mbe5b1gKnR" chid="2" type="get"><watermark xmlns="xm:pns"><item name="miui.browser.navigation" type="s">12</item><item name="micloud.browser.history.sync" type="p">0</item><item name="micloud.browser.tab.sync" type="p">0</item><item name="micloud.browser.novel.sync" type="p">0</item><item name="micloud.browser.webapp.sync" type="p">0</item><item name="micloud.contact.sync" type="p">0</item><item name="micloud.micard.default.sync" type="p">0</item><item name="micloud.sms.sync" type="p">0</item><item name="micloud.wifi.sync" type="p">1949749794</item><item name="micloud.note.sync" type="p">0</item><item name="micloud.calllog.sync" type="p">0</item><item name="micloud.gallery.sync" type="p">0</item><item name="micloud.gallery.sharerlist.sync" type="p">0</item><item name="micloud.gallery.albuminfo.sync" type="p">0</item><item name="micloud.gallery.albumlist.sync" type="p">0</item><item name="micloud.gallery.imagelist.sync" type="p">0</item></watermark></iq>
D/dalvikvm(12617): GC_CONCURRENT freed 7831K, 54% free 6853K/14724K, paused 1ms+1ms, total 16ms
D/dalvikvm(12617): WAIT_FOR_CONCURRENT_GC blocked 15ms
D/MicloudPushService(12303): push service action : com.xiaomi.push.new_iq
D/MicloudPushService(12303): receive new iq:<iq id="fJP0O-0" to="403808578@xiaomi.com/mWRx08Mbe5b1gKnR" from="403808578@xiaomi.com" chid="2" type="result"><watermark xmlns="xm:pns"/></iq>
D/dalvikvm(12617): GC_CONCURRENT freed 2053K, 54% free 6847K/14724K, paused 4ms+1ms, total 15ms
D/dalvikvm(12617): WAIT_FOR_CONCURRENT_GC blocked 11ms
D/dalvikvm(12617): GC_CONCURRENT freed 2026K, 54% free 6846K/14724K, paused 1ms+1ms, total 10ms
D/dalvikvm(12617): WAIT_FOR_CONCURRENT_GC blocked 9ms
V/SimpleConfigParser(12617): start
V/SimpleConfigParser(12617): invalid line (comment or empty) """# '#'后面的是注释"""
V/SimpleConfigParser(12617): invalid line (comment or empty) """# {...}是在GalleryAppImpl中提供的变量，用于处理多SD卡等问题"""
V/SimpleConfigParser(12617): invalid line (comment or empty) """"""
V/SimpleConfigParser(12617): invalid line (comment or empty) """# samples"""
V/SimpleConfigParser(12617): invalid line (comment or empty) """#{SD}"""
V/SimpleConfigParser(12617): invalid line (comment or empty) """#{SD}/DCIM/Camera"""
V/SimpleConfigParser(12617): invalid line (comment or empty) """"""
V/SimpleConfigParser(12617): invalid line (comment or empty) """#下载目录"""
V/SimpleConfigParser(12617): pre-processed line ==> {SD}/Download
V/SimpleConfigParser(12617): compile to """/storage/emulated/0/Download"""
V/SimpleConfigParser(12617): invalid line (comment or empty) """"""
V/SimpleConfigParser(12617): invalid line (comment or empty) """#UC浏览器"""
V/SimpleConfigParser(12617): pre-processed line ==> {SD}/Ucdownloads/screenshot
V/SimpleConfigParser(12617): compile to """/storage/emulated/0/Ucdownloads/screenshot"""
W/WhiteListObserver(12617): please add exist folder! [/storage/emulated/0/Ucdownloads/screenshot]
V/SimpleConfigParser(12617): invalid line (comment or empty) """"""
V/SimpleConfigParser(12617): invalid line (comment or empty) """#QQ2012"""
V/SimpleConfigParser(12617): pre-processed line ==> {SD}/Tencent/MobileQQImgSave/
V/SimpleConfigParser(12617): compile to """/storage/emulated/0/Tencent/MobileQQImgSave/"""
W/WhiteListObserver(12617): please add exist folder! [/storage/emulated/0/Tencent/MobileQQImgSave/]
V/SimpleConfigParser(12617): invalid line (comment or empty) """"""
V/SimpleConfigParser(12617): invalid line (comment or empty) """#安卓壁纸"""
V/SimpleConfigParser(12617): pre-processed line ==> {SD}/androidesk/wallpapers
V/SimpleConfigParser(12617): compile to """/storage/emulated/0/androidesk/wallpapers"""
W/WhiteListObserver(12617): please add exist folder! [/storage/emulated/0/androidesk/wallpapers]
V/SimpleConfigParser(12617): invalid line (comment or empty) """"""
V/SimpleConfigParser(12617): invalid line (comment or empty) """#Q拍"""
V/SimpleConfigParser(12617): pre-processed line ==> {SD}/DCIM/OpaiPic
V/SimpleConfigParser(12617): compile to """/storage/emulated/0/DCIM/OpaiPic"""
W/WhiteListObserver(12617): please add exist folder! [/storage/emulated/0/DCIM/OpaiPic]
V/SimpleConfigParser(12617): invalid line (comment or empty) """"""
V/SimpleConfigParser(12617): invalid line (comment or empty) """#美图秀秀"""
V/SimpleConfigParser(12617): pre-processed line ==> {SD}/MTXX
V/SimpleConfigParser(12617): compile to """/storage/emulated/0/MTXX"""
W/WhiteListObserver(12617): please add exist folder! [/storage/emulated/0/MTXX]
V/SimpleConfigParser(12617): invalid line (comment or empty) """"""
V/SimpleConfigParser(12617): invalid line (comment or empty) """#米聊"""
V/SimpleConfigParser(12617): pre-processed line ==> {SD}/miliao/saved/
V/SimpleConfigParser(12617): compile to """/storage/emulated/0/miliao/saved/"""
W/WhiteListObserver(12617): please add exist folder! [/storage/emulated/0/miliao/saved/]
V/SimpleConfigParser(12617): invalid line (comment or empty) """"""
V/SimpleConfigParser(12617): invalid line (comment or empty) """#QQ HD"""
V/SimpleConfigParser(12617): pre-processed line ==> {SD}/Tencent/QQHD_pic/
V/SimpleConfigParser(12617): compile to """/storage/emulated/0/Tencent/QQHD_pic/"""
W/WhiteListObserver(12617): please add exist folder! [/storage/emulated/0/Tencent/QQHD_pic/]
V/SimpleConfigParser(12617): invalid line (comment or empty) """"""
V/SimpleConfigParser(12617): invalid line (comment or empty) """#陌陌"""
V/SimpleConfigParser(12617): pre-processed line ==> {SD}/immomo/camera/
V/SimpleConfigParser(12617): compile to """/storage/emulated/0/immomo/camera/"""
W/WhiteListObserver(12617): please add exist folder! [/storage/emulated/0/immomo/camera/]
V/SimpleConfigParser(12617): invalid line (comment or empty) """"""
V/SimpleConfigParser(12617): invalid line (comment or empty) """#微看电视"""
V/SimpleConfigParser(12617): pre-processed line ==> {SD}/weikan/weikan
V/SimpleConfigParser(12617): compile to """/storage/emulated/0/weikan/weikan"""
W/WhiteListObserver(12617): please add exist folder! [/storage/emulated/0/weikan/weikan]
V/SimpleConfigParser(12617): invalid line (comment or empty) """"""
V/SimpleConfigParser(12617): invalid line (comment or empty) """#QQ空间"""
V/SimpleConfigParser(12617): pre-processed line ==> {SD}/tencent/QzonePic
V/SimpleConfigParser(12617): compile to """/storage/emulated/0/tencent/QzonePic"""
W/WhiteListObserver(12617): please add exist folder! [/storage/emulated/0/tencent/QzonePic]
V/SimpleConfigParser(12617): invalid line (comment or empty) """"""
V/SimpleConfigParser(12617): invalid line (comment or empty) """#糗事百科"""
V/SimpleConfigParser(12617): pre-processed line ==> {SD}/qsbk/save
V/SimpleConfigParser(12617): compile to """/storage/emulated/0/qsbk/save"""
W/WhiteListObserver(12617): please add exist folder! [/storage/emulated/0/qsbk/save]
V/SimpleConfigParser(12617): invalid line (comment or empty) """"""
V/SimpleConfigParser(12617): invalid line (comment or empty) """#新浪微博"""
V/SimpleConfigParser(12617): pre-processed line ==> {SD}/sina/weibo/save
V/SimpleConfigParser(12617): compile to """/storage/emulated/0/sina/weibo/save"""
W/WhiteListObserver(12617): please add exist folder! [/storage/emulated/0/sina/weibo/save]
V/SimpleConfigParser(12617): invalid line (comment or empty) """"""
V/SimpleConfigParser(12617): invalid line (comment or empty) """#QQ浏览器"""
V/SimpleConfigParser(12617): pre-processed line ==> {SD}/QQBrowser/图片收藏
V/SimpleConfigParser(12617): compile to """/storage/emulated/0/QQBrowser/图片收藏"""
W/WhiteListObserver(12617): please add exist folder! [/storage/emulated/0/QQBrowser/图片收藏]
V/SimpleConfigParser(12617): invalid line (comment or empty) """"""
V/SimpleConfigParser(12617): invalid line (comment or empty) """#腾讯微博"""
V/SimpleConfigParser(12617): pre-processed line ==> {SD}/Android/Tencent/tencentWeibo
V/SimpleConfigParser(12617): compile to """/storage/emulated/0/Android/Tencent/tencentWeibo"""
W/WhiteListObserver(12617): please add exist folder! [/storage/emulated/0/Android/Tencent/tencentWeibo]
V/SimpleConfigParser(12617): invalid line (comment or empty) """"""
V/SimpleConfigParser(12617): invalid line (comment or empty) """#网易新闻"""
V/SimpleConfigParser(12617): pre-processed line ==> {SD}/netease/newsreader/netease_down_pic
V/SimpleConfigParser(12617): compile to """/storage/emulated/0/netease/newsreader/netease_down_pic"""
W/WhiteListObserver(12617): please add exist folder! [/storage/emulated/0/netease/newsreader/netease_down_pic]
V/SimpleConfigParser(12617): invalid line (comment or empty) """"""
V/SimpleConfigParser(12617): invalid line (comment or empty) """#人人"""
V/SimpleConfigParser(12617): pre-processed line ==> {SD}/Renren/image
V/SimpleConfigParser(12617): compile to """/storage/emulated/0/Renren/image"""
W/WhiteListObserver(12617): please add exist folder! [/storage/emulated/0/Renren/image]
V/SimpleConfigParser(12617): invalid line (comment or empty) """"""
V/SimpleConfigParser(12617): invalid line (comment or empty) """#真实美女"""
V/SimpleConfigParser(12617): pre-processed line ==> {SD}/ppmm_gallery
V/SimpleConfigParser(12617): compile to """/storage/emulated/0/ppmm_gallery"""
W/WhiteListObserver(12617): please add exist folder! [/storage/emulated/0/ppmm_gallery]
V/SimpleConfigParser(12617): invalid line (comment or empty) """"""
V/SimpleConfigParser(12617): invalid line (comment or empty) """#天猫"""
V/SimpleConfigParser(12617): pre-processed line ==> {SD}/DCIM/100MEDIA/
V/SimpleConfigParser(12617): compile to """/storage/emulated/0/DCIM/100MEDIA/"""
W/WhiteListObserver(12617): please add exist folder! [/storage/emulated/0/DCIM/100MEDIA/]
V/SimpleConfigParser(12617): invalid line (comment or empty) """"""
V/SimpleConfigParser(12617): invalid line (comment or empty) """#美女激情画册"""
V/SimpleConfigParser(12617): pre-processed line ==> {SD}/beautyPhone
V/SimpleConfigParser(12617): compile to """/storage/emulated/0/beautyPhone"""
W/WhiteListObserver(12617): please add exist folder! [/storage/emulated/0/beautyPhone]
V/SimpleConfigParser(12617): invalid line (comment or empty) """"""
V/SimpleConfigParser(12617): invalid line (comment or empty) """#VIVA畅读"""
V/SimpleConfigParser(12617): pre-processed line ==> {SD}/DCIM/viva-pics
V/SimpleConfigParser(12617): compile to """/storage/emulated/0/DCIM/viva-pics"""
W/WhiteListObserver(12617): please add exist folder! [/storage/emulated/0/DCIM/viva-pics]
V/SimpleConfigParser(12617): invalid line (comment or empty) """"""
V/SimpleConfigParser(12617): invalid line (comment or empty) """#百度浏览器"""
V/SimpleConfigParser(12617): pre-processed line ==> {SD}/baidu/flyflow/downloads
V/SimpleConfigParser(12617): compile to """/storage/emulated/0/baidu/flyflow/downloads"""
W/WhiteListObserver(12617): please add exist folder! [/storage/emulated/0/baidu/flyflow/downloads]
V/SimpleConfigParser(12617): invalid line (comment or empty) """"""
V/SimpleConfigParser(12617): invalid line (comment or empty) """#美图GIF"""
V/SimpleConfigParser(12617): pre-processed line ==> {SD}/MTGIF
V/SimpleConfigParser(12617): compile to """/storage/emulated/0/MTGIF"""
W/WhiteListObserver(12617): please add exist folder! [/storage/emulated/0/MTGIF]
V/SimpleConfigParser(12617): invalid line (comment or empty) """"""
V/SimpleConfigParser(12617): invalid line (comment or empty) """#汽车之家"""
V/SimpleConfigParser(12617): pre-processed line ==> {SD}/autohomemain
V/SimpleConfigParser(12617): compile to """/storage/emulated/0/autohomemain"""
W/WhiteListObserver(12617): please add exist folder! [/storage/emulated/0/autohomemain]
V/SimpleConfigParser(12617): invalid line (comment or empty) """"""
V/SimpleConfigParser(12617): invalid line (comment or empty) """#掌上百度"""
V/SimpleConfigParser(12617): pre-processed line ==> {SD}/baidu/bdmobile/downloads
V/SimpleConfigParser(12617): compile to """/storage/emulated/0/baidu/bdmobile/downloads"""
W/WhiteListObserver(12617): please add exist folder! [/storage/emulated/0/baidu/bdmobile/downloads]
V/SimpleConfigParser(12617): invalid line (comment or empty) """"""
V/SimpleConfigParser(12617): invalid line (comment or empty) """#百度贴吧"""
V/SimpleConfigParser(12617): pre-processed line ==> {SD}/tieba
V/SimpleConfigParser(12617): compile to """/storage/emulated/0/tieba"""
W/WhiteListObserver(12617): please add exist folder! [/storage/emulated/0/tieba]
V/SimpleConfigParser(12617): invalid line (comment or empty) """"""
V/SimpleConfigParser(12617): invalid line (comment or empty) """#JeffreyZhang.LongWB长微博生成"""
V/SimpleConfigParser(12617): pre-processed line ==> {SD}/LongWB
V/SimpleConfigParser(12617): compile to """/storage/emulated/0/LongWB"""
W/WhiteListObserver(12617): please add exist folder! [/storage/emulated/0/LongWB]
V/SimpleConfigParser(12617): finish
D/WhiteListObserver(12617): /storage/emulated/0/Download is old dir, skip it.
W/PushService( 1193): 2014-09-06 15:56:22,350 - [WARN::PushService] - Service called on timer
D/SizeAdaptiveLayout( 1081): com.android.internal.widget.SizeAdaptiveLayout{42a5c090 V.E..... ......ID 0,0-698,130 #7f0d00b6 app:id/adaptive}child view android.widget.FrameLayout{42c645d0 V.E..... ......ID 0,0-698,129 #1020315 android:id/status_bar_latest_event_content} measured out of bounds at 129px clamped to 130px
D/SizeAdaptiveLayout( 1081): com.android.internal.widget.SizeAdaptiveLayout{42ea0cc8 V.E..... ......ID 0,0-698,130 #7f0d00b6 app:id/adaptive}child view android.widget.FrameLayout{43e3a090 V.E..... ......ID 0,0-698,129 #1020315 android:id/status_bar_latest_event_content} measured out of bounds at 129px clamped to 130px
D/BatteryInfoReceiver( 1205): 现有电量：89
D/BatteryInfoReceiver( 1205): BatteryInfoReceiver.updateBatteryInfo(...).
D/BatteryInfoReceiver( 1205): 现有电量：89
D/StatusBar.NetworkControllerGemini( 1081): PhoneStateListener:onSignalStrengthsChanged, sim1 before.
D/StatusBar.NetworkControllerGemini( 1081): PhoneStateListener:onSignalStrengthsChanged, signalStrength=3
V/ExtraGmTelephonyManager( 1081): phone type for sim 0: 1
V/ExtraGmTelephonyManager( 1081): phone type for sim 1: 1
D/StatusBar.NetworkControllerGemini( 1081): mNetworkName, sim1Inserted is true, sim2Inserted is true.networkname[0]=联通 3G;networkname[1]=移动
D/StatusBar.NetworkControllerGemini( 1081): PhoneStateListener:onSignalStrengthsChanged, sim1 after.
E/Parcel  (  306): Reading a NULL string not supported here.
E/Parcel  (  306): Reading a NULL string not supported here.
I/MSimTelephonyRegistry(  845): notifyServiceState: 1 1 home null null null  Unknown Unknown CSS not supported -1 -1 RoamInd=-1 DefRoamInd=-1 EmergOnly=true
D/BluetoothPhoneService( 1253): handleMessage: 1
V/MSimPhoneGlobals( 1253): Action intent recieved:android.intent.action.SERVICE_STATE
D/MSimTelephonyRegistry(  845): Notify data connection state changed on sub: 0
D/StatusBar.NetworkControllerGemini( 1081): updateNetworkName showSpn=false spn= showPlmn=true plmn=只能拨打紧急呼救电话 slotId=0
V/Mms     ( 2070): [1] MmsSystemEventReceiver.java(166): Intent received: Intent { act=android.intent.action.ANY_DATA_STATE flg=0x10 (has extras) }
V/ExtraGmTelephonyManager( 1081): phone type for sim 0: 1
V/ExtraGmTelephonyManager( 1081): phone type for sim 1: 1
D/StatusBar.NetworkControllerGemini( 1081): mNetworkName, sim1Inserted is true, sim2Inserted is true.networkname[0]=只能拨打紧急呼救电话;networkname[1]=移动
D/MobileDataStateTracker(  845): fota: subscription=0, dds=0
D/StatusBar.NetworkControllerGemini( 1081): PhoneStateListener:onServiceStateChanged, sim1 before.
D/StatusBar.NetworkControllerGemini( 1081): PhoneStateListener:onServiceStateChanged, state=1
D/StatusBar.NetworkControllerGemini( 1081): PhoneStateListener:onServiceStateChanged sim1 mDataNetType= [I@42766330
V/ExtraGmTelephonyManager( 1081): phone type for sim 0: 1
V/ExtraGmTelephonyManager( 1081): phone type for sim 1: 1
V/Mms     ( 2070): [1] MmsSystemEventReceiver.java(166): Intent received: Intent { act=android.intent.action.ANY_DATA_STATE flg=0x10 (has extras) }
V/Mms     ( 2070): [1] MmsSystemEventReceiver.java(166): Intent received: Intent { act=android.intent.action.ANY_DATA_STATE flg=0x10 (has extras) }
V/Mms     ( 2070): [1] MmsSystemEventReceiver.java(166): Intent received: Intent { act=android.intent.action.ANY_DATA_STATE flg=0x10 (has extras) }
D/MobileDataStateTracker(  845): dun: subscription=0, dds=0
D/MobileDataStateTracker(  845): supl: subscription=0, dds=0
V/Mms     ( 2070): [1] MmsSystemEventReceiver.java(166): Intent received: Intent { act=android.intent.action.ANY_DATA_STATE flg=0x10 (has extras) }
V/Mms     ( 2070): [1] MmsSystemEventReceiver.java(166): Intent received: Intent { act=android.intent.action.ANY_DATA_STATE flg=0x10 (has extras) }
V/ExtraGmTelephonyManager( 1081): phone type for sim 0: 1
V/Mms     ( 2070): [1] MmsSystemEventReceiver.java(166): Intent received: Intent { act=android.intent.action.ANY_DATA_STATE flg=0x10 (has extras) }
V/ExtraGmTelephonyManager( 1081): phone type for sim 1: 1
D/StatusBar.NetworkControllerGemini( 1081): mNetworkName, sim1Inserted is true, sim2Inserted is true.networkname[0]=只能拨打紧急呼救电话;networkname[1]=移动
D/StatusBar.NetworkControllerGemini( 1081): PhoneStateListener:onServiceStateChanged, sim1 after.
D/StatusBar.NetworkControllerGemini( 1081): PhoneStateListener:onDataConnectionStateChanged, sim1 before.
D/StatusBar.NetworkControllerGemini( 1081): PhoneStateListener:onDataConnectionStateChanged, state=0 type=0
D/MobileDataStateTracker(  845): hipri: subscription=0, dds=0
D/MobileDataStateTracker(  845): ims: subscription=0, dds=0
D/MobileDataStateTracker(  845): default: subscription=0, dds=0
V/Mms     ( 2070): [1] MmsSystemEventReceiver.java(166): Intent received: Intent { act=android.intent.action.ANY_DATA_STATE flg=0x10 (has extras) }
V/ExtraGmTelephonyManager( 1081): phone type for sim 0: 1
V/Mms     ( 2070): [1] MmsSystemEventReceiver.java(166): Intent received: Intent { act=android.intent.action.ANY_DATA_STATE flg=0x10 (has extras) }
E/Parcel  (  306): Reading a NULL string not supported here.
E/Parcel  (  306): Reading a NULL string not supported here.
E/Parcel  (  306): Reading a NULL string not supported here.
V/ExtraGmTelephonyManager( 1081): phone type for sim 1: 1
D/StatusBar.NetworkControllerGemini( 1081): mNetworkName, sim1Inserted is true, sim2Inserted is true.networkname[0]=只能拨打紧急呼救电话;networkname[1]=移动
D/StatusBar.NetworkControllerGemini( 1081): PhoneStateListener:onDataConnectionStateChanged, sim1 after.
V/Mms     ( 2070): [1] MmsSystemEventReceiver.java(166): Intent received: Intent { act=android.intent.action.ANY_DATA_STATE flg=0x10 (has extras) }
V/Mms     ( 2070): [1] MmsSystemEventReceiver.java(166): Intent received: Intent { act=android.intent.action.ANY_DATA_STATE flg=0x10 (has extras) }
V/Mms     ( 2070): [1] MmsSystemEventReceiver.java(166): Intent received: Intent { act=android.intent.action.ANY_DATA_STATE flg=0x10 (has extras) }
D/MobileDataStateTracker(  845): mms: subscription=0, dds=0
D/MobileDataStateTracker(  845): cbs: subscription=0, dds=0
D/MobileDataStateTracker(  845): fota: subscription=0, dds=0
V/Mms     ( 2070): [1] MmsSystemEventReceiver.java(166): Intent received: Intent { act=android.intent.action.ANY_DATA_STATE flg=0x10 (has extras) }
V/Mms     ( 2070): [1] MmsSystemEventReceiver.java(166): Intent received: Intent { act=android.intent.action.ANY_DATA_STATE flg=0x10 (has extras) }
V/Mms     ( 2070): [1] MmsSystemEventReceiver.java(166): Intent received: Intent { act=android.intent.action.ANY_DATA_STATE flg=0x10 (has extras) }
V/MSimPhoneGlobals( 1253): Action intent recieved:android.intent.action.ANY_DATA_STATE
D/PhoneApp( 1253): mReceiver: ACTION_ANY_DATA_CONNECTION_STATE_CHANGED
D/PhoneApp( 1253): - state: DISCONNECTED
D/PhoneApp( 1253): - reason: dataDetached
V/MSimPhoneGlobals( 1253): Action intent recieved:android.intent.action.ANY_DATA_STATE
D/PhoneApp( 1253): mReceiver: ACTION_ANY_DATA_CONNECTION_STATE_CHANGED
D/PhoneApp( 1253): - state: DISCONNECTED
D/PhoneApp( 1253): - reason: dataDetached
V/MSimPhoneGlobals( 1253): Action intent recieved:android.intent.action.ANY_DATA_STATE
D/PhoneApp( 1253): mReceiver: ACTION_ANY_DATA_CONNECTION_STATE_CHANGED
D/PhoneApp( 1253): - state: DISCONNECTED
D/PhoneApp( 1253): - reason: dataDetached
V/MSimPhoneGlobals( 1253): Action intent recieved:android.intent.action.ANY_DATA_STATE
D/PhoneApp( 1253): mReceiver: ACTION_ANY_DATA_CONNECTION_STATE_CHANGED
D/PhoneApp( 1253): - state: DISCONNECTED
D/PhoneApp( 1253): - reason: dataDetached
V/MSimPhoneGlobals( 1253): Action intent recieved:android.intent.action.ANY_DATA_STATE
D/PhoneApp( 1253): mReceiver: ACTION_ANY_DATA_CONNECTION_STATE_CHANGED
D/PhoneApp( 1253): - state: DISCONNECTED
D/PhoneApp( 1253): - reason: dataDetached
V/MSimPhoneGlobals( 1253): Action intent recieved:android.intent.action.ANY_DATA_STATE
D/PhoneApp( 1253): mReceiver: ACTION_ANY_DATA_CONNECTION_STATE_CHANGED
D/PhoneApp( 1253): - state: DISCONNECTED
D/PhoneApp( 1253): - reason: dataDetached
W/System.err( 3320): java.lang.NumberFormatException: Invalid int: "n"
V/MSimPhoneGlobals( 1253): Action intent recieved:android.intent.action.ANY_DATA_STATE
V/Mms     ( 2070): [1] MmsSystemEventReceiver.java(166): Intent received: Intent { act=android.intent.action.ANY_DATA_STATE flg=0x10 (has extras) }
D/PhoneApp( 1253): mReceiver: ACTION_ANY_DATA_CONNECTION_STATE_CHANGED
D/PhoneApp( 1253): - state: DISCONNECTED
D/PhoneApp( 1253): - reason: dataDetached
V/MSimPhoneGlobals( 1253): Action intent recieved:android.intent.action.ANY_DATA_STATE
W/System.err( 3320): 	at java.lang.Integer.parseInt(Integer.java:332)
W/System.err( 3320): 	at java.lang.Integer.valueOf(Integer.java:490)
D/PhoneApp( 1253): mReceiver: ACTION_ANY_DATA_CONNECTION_STATE_CHANGED
D/PhoneApp( 1253): - state: DISCONNECTED
W/System.err( 3320): 	at com.baidu.location.c.a(Unknown Source)
D/PhoneApp( 1253): - reason: dataDetached
W/System.err( 3320): 	at com.baidu.location.c.a(Unknown Source)
W/System.err( 3320): 	at com.baidu.location.c$b.onCellLocationChanged(Unknown Source)
V/MSimPhoneGlobals( 1253): Action intent recieved:android.intent.action.ANY_DATA_STATE
W/System.err( 3320): 	at android.telephony.PhoneStateListener$2.handleMessage(PhoneStateListener.java:393)
D/PhoneApp( 1253): mReceiver: ACTION_ANY_DATA_CONNECTION_STATE_CHANGED
W/System.err( 3320): 	at android.os.Handler.dispatchMessage(Handler.java:99)
D/PhoneApp( 1253): - state: DISCONNECTED
W/System.err( 3320): 	at android.os.Looper.loop(Looper.java:137)
W/System.err( 3320): 	at android.app.ActivityThread.main(ActivityThread.java:5155)
W/System.err( 3320): 	at java.lang.reflect.Method.invokeNative(Native Method)
W/System.err( 3320): 	at java.lang.reflect.Method.invoke(Method.java:525)
W/System.err( 3320): 	at com.android.internal.os.ZygoteInit$MethodAndArgsCaller.run(ZygoteInit.java:756)
D/PhoneApp( 1253): - reason: dataDetached
W/System.err( 3320): 	at com.android.internal.os.ZygoteInit.main(ZygoteInit.java:572)
W/System.err( 3320): 	at miui.dexspy.DexspyInstaller.main(DexspyInstaller.java:171)
W/System.err( 3320): 	at dalvik.system.NativeStart.main(Native Method)
V/MSimPhoneGlobals( 1253): Action intent recieved:android.intent.action.ANY_DATA_STATE
D/PhoneApp( 1253): mReceiver: ACTION_ANY_DATA_CONNECTION_STATE_CHANGED
D/PhoneApp( 1253): - state: DISCONNECTED
D/PhoneApp( 1253): - reason: dataDetached
V/MSimPhoneGlobals( 1253): Action intent recieved:android.intent.action.ANY_DATA_STATE
D/PhoneApp( 1253): mReceiver: ACTION_ANY_DATA_CONNECTION_STATE_CHANGED
D/PhoneApp( 1253): - state: DISCONNECTED
D/PhoneApp( 1253): - reason: dataDetached
D/MobileDataStateTracker(  845): dun: subscription=0, dds=0
D/MobileDataStateTracker(  845): supl: subscription=0, dds=0
D/MobileDataStateTracker(  845): hipri: subscription=0, dds=0
D/MobileDataStateTracker(  845): ims: subscription=0, dds=0
D/MobileDataStateTracker(  845): default: subscription=0, dds=0
V/MSimPhoneGlobals( 1253): Action intent recieved:android.intent.action.ANY_DATA_STATE
D/PhoneApp( 1253): mReceiver: ACTION_ANY_DATA_CONNECTION_STATE_CHANGED
D/PhoneApp( 1253): - state: DISCONNECTED
D/PhoneApp( 1253): - reason: dataDetached
V/MSimPhoneGlobals( 1253): Action intent recieved:android.intent.action.ANY_DATA_STATE
D/PhoneApp( 1253): mReceiver: ACTION_ANY_DATA_CONNECTION_STATE_CHANGED
D/PhoneApp( 1253): - state: DISCONNECTED
D/PhoneApp( 1253): - reason: dataDetached
V/MSimPhoneGlobals( 1253): Action intent recieved:android.intent.action.ANY_DATA_STATE
D/PhoneApp( 1253): mReceiver: ACTION_ANY_DATA_CONNECTION_STATE_CHANGED
D/PhoneApp( 1253): - state: DISCONNECTED
D/PhoneApp( 1253): - reason: dataDetached
V/MSimPhoneGlobals( 1253): Action intent recieved:android.intent.action.ANY_DATA_STATE
D/PhoneApp( 1253): mReceiver: ACTION_ANY_DATA_CONNECTION_STATE_CHANGED
D/PhoneApp( 1253): - state: DISCONNECTED
D/PhoneApp( 1253): - reason: dataDetached
V/MSimPhoneGlobals( 1253): Action intent recieved:android.intent.action.ANY_DATA_STATE
E/Parcel  (  306): Reading a NULL string not supported here.
E/Parcel  (  306): Reading a NULL string not supported here.
D/PhoneApp( 1253): mReceiver: ACTION_ANY_DATA_CONNECTION_STATE_CHANGED
D/PhoneApp( 1253): - state: DISCONNECTED
D/PhoneApp( 1253): - reason: dataDetached
E/Parcel  (  306): Reading a NULL string not supported here.
D/MobileDataStateTracker(  845): mms: subscription=0, dds=0
D/MobileDataStateTracker(  845): cbs: subscription=0, dds=0
D/StatusBar.NetworkControllerGemini( 1081): PhoneStateListener:onSignalStrengthsChanged, sim1 before.
D/StatusBar.NetworkControllerGemini( 1081): PhoneStateListener:onSignalStrengthsChanged, signalStrength=2
E/Parcel  (  306): Reading a NULL string not supported here.
E/Parcel  (  306): Reading a NULL string not supported here.
V/ExtraGmTelephonyManager( 1081): phone type for sim 0: 1
V/ExtraGmTelephonyManager( 1081): phone type for sim 1: 1
D/StatusBar.NetworkControllerGemini( 1081): mNetworkName, sim1Inserted is true, sim2Inserted is true.networkname[0]=只能拨打紧急呼救电话;networkname[1]=移动
D/StatusBar.NetworkControllerGemini( 1081): PhoneStateListener:onSignalStrengthsChanged, sim1 after.
E/Parcel  (  306): Reading a NULL string not supported here.
E/Parcel  (  306): Reading a NULL string not supported here.
D/StatusBar.NetworkControllerGemini( 1081): PhoneStateListener:onSignalStrengthsChanged, sim1 before.
D/StatusBar.NetworkControllerGemini( 1081): PhoneStateListener:onSignalStrengthsChanged, signalStrength=2
V/ExtraGmTelephonyManager( 1081): phone type for sim 0: 1
V/ExtraGmTelephonyManager( 1081): phone type for sim 1: 1
D/AlarmManagerService(  845): Kernel timezone updated to -480 minutes west of GMT
D/StatusBar.NetworkControllerGemini( 1081): mNetworkName, sim1Inserted is true, sim2Inserted is true.networkname[0]=只能拨打紧急呼救电话;networkname[1]=移动
D/StatusBar.NetworkControllerGemini( 1081): PhoneStateListener:onSignalStrengthsChanged, sim1 after.
V/ExtraGmTelephonyManager( 1081): phone type for sim 0: 1
D/AlarmManagerService(  845): Kernel timezone updated to -480 minutes west of GMT
V/ExtraGmTelephonyManager( 1081): phone type for sim 1: 1
D/StatusBar.NetworkControllerGemini( 1081): mNetworkName, sim1Inserted is true, sim2Inserted is true.networkname[0]=联通 3G;networkname[1]=移动

D/BluetoothPhoneService( 1253): handleMessage: 1
V/MSimPhoneGlobals( 1253): Action intent recieved:android.intent.action.SERVICE_STATE
D/StatusBar.NetworkControllerGemini( 1081): updateNetworkName showSpn=false spn=中国联通 3G showPlmn=true plmn=中国联通 3G slotId=0
I/MSimTelephonyRegistry(  845): notifyServiceState: 0 0 home CHN-UNICOM UNICOM 46001  UMTS UMTS CSS not supported -1 -1 RoamInd=-1 DefRoamInd=-1 EmergOnly=false
D/MSimTelephonyRegistry(  845): Notify data connection state changed on sub: 0
V/Mms     ( 2070): [1] MmsSystemEventReceiver.java(166): Intent received: Intent { act=android.intent.action.ANY_DATA_STATE flg=0x10 (has extras) }
V/Mms     ( 2070): [1] MmsSystemEventReceiver.java(166): Intent received: Intent { act=android.intent.action.ANY_DATA_STATE flg=0x10 (has extras) }
V/Mms     ( 2070): [1] MmsSystemEventReceiver.java(166): Intent received: Intent { act=android.intent.action.ANY_DATA_STATE flg=0x10 (has extras) }
V/Mms     ( 2070): [1] MmsSystemEventReceiver.java(166): Intent received: Intent { act=android.intent.action.ANY_DATA_STATE flg=0x10 (has extras) }
V/Mms     ( 2070): [1] MmsSystemEventReceiver.java(166): Intent received: Intent { act=android.intent.action.ANY_DATA_STATE flg=0x10 (has extras) }
D/MobileDataStateTracker(  845): fota: subscription=0, dds=0
D/MobileDataStateTracker(  845): dun: subscription=0, dds=0
D/MobileDataStateTracker(  845): supl: subscription=0, dds=0
D/MobileDataStateTracker(  845): hipri: subscription=0, dds=0
D/MobileDataStateTracker(  845): ims: subscription=0, dds=0
D/StatusBar.NetworkControllerGemini( 1081): PhoneStateListener:onServiceStateChanged, sim1 before.
D/StatusBar.NetworkControllerGemini( 1081): PhoneStateListener:onServiceStateChanged, state=0
V/Mms     ( 2070): [1] MmsSystemEventReceiver.java(166): Intent received: Intent { act=android.intent.action.ANY_DATA_STATE flg=0x10 (has extras) }
D/StatusBar.NetworkControllerGemini( 1081): PhoneStateListener:onServiceStateChanged sim1 mDataNetType= [I@42766330
V/Mms     ( 2070): [1] MmsSystemEventReceiver.java(166): Intent received: Intent { act=android.intent.action.ANY_DATA_STATE flg=0x10 (has extras) }
E/Parcel  (  306): Reading a NULL string not supported here.
E/Parcel  (  306): Reading a NULL string not supported here.
E/Parcel  (  306): Reading a NULL string not supported here.
V/Mms     ( 2070): [1] MmsSystemEventReceiver.java(166): Intent received: Intent { act=android.intent.action.ANY_DATA_STATE flg=0x10 (has extras) }
V/ExtraGmTelephonyManager( 1081): phone type for sim 0: 1
D/MobileDataStateTracker(  845): default: subscription=0, dds=0
D/MobileDataStateTracker(  845): mms: subscription=0, dds=0
D/MobileDataStateTracker(  845): cbs: subscription=0, dds=0
V/Mms     ( 2070): [1] MmsSystemEventReceiver.java(166): Intent r