W/WhiteListObserver(10880): please add exist folder! [/storage/emulated/0/netease/newsreader/netease_down_pic]
V/SimpleConfigParser(10880): invalid line (comment or empty) """"""
V/SimpleConfigParser(10880): invalid line (comment or empty) """#人人"""
V/SimpleConfigParser(10880): pre-processed line ==> {SD}/Renren/image
V/SimpleConfigParser(10880): compile to """/storage/emulated/0/Renren/image"""
W/WhiteListObserver(10880): please add exist folder! [/storage/emulated/0/Renren/image]
V/SimpleConfigParser(10880): invalid line (comment or empty) """"""
V/SimpleConfigParser(10880): invalid line (comment or empty) """#真实美女"""

V/SimpleConfigParser(10880): pre-processed line ==> {SD}/ppmm_gallery
V/SimpleConfigParser(10880): compile to """/storage/emulated/0/ppmm_gallery"""
W/WhiteListObserver(10880): please add exist folder! [/storage/emulated/0/ppmm_gallery]
V/SimpleConfigParser(10880): invalid line (comment or empty) """"""
V/SimpleConfigParser(10880): invalid line (comment or empty) """#天猫"""
V/SimpleConfigParser(10880): pre-processed line ==> {SD}/DCIM/100MEDIA/
V/SimpleConfigParser(10880): compile to """/storage/emulated/0/DCIM/100MEDIA/"""
W/WhiteListObserver(10880): please add exist folder! [/storage/emulated/0/DCIM/100MEDIA/]
V/SimpleConfigParser(10880): invalid line (comment or empty) """"""
V/SimpleConfigParser(10880): invalid line (comment or empty) """#美女激情画册"""

V/SimpleConfigParser(10880): pre-processed line ==> {SD}/beautyPhone
V/SimpleConfigParser(10880): compile to """/storage/emulated/0/beautyPhone"""
W/WhiteListObserver(10880): please add exist folder! [/storage/emulated/0/beautyPhone]
V/SimpleConfigParser(10880): invalid line (comment or empty) """"""
V/SimpleConfigParser(10880): invalid line (comment or empty) """#VIVA畅读"""
V/SimpleConfigParser(10880): pre-processed line ==> {SD}/DCIM/viva-pics
V/SimpleConfigParser(10880): compile to """/storage/emulated/0/DCIM/viva-pics"""
W/WhiteListObserver(10880): please add exist folder! [/storage/emulated/0/DCIM/viva-pics]
V/SimpleConfigParser(10880): invalid line (comment or empty) """"""
V/SimpleConfigParser(10880): invalid line (comment or empty) """#百度浏览器"""

V/SimpleConfigParser(10880): pre-processed line ==> {SD}/baidu/flyflow/downloads
V/SimpleConfigParser(10880): compile to """/storage/emulated/0/baidu/flyflow/downloads"""
W/WhiteListObserver(10880): please add exist folder! [/storage/emulated/0/baidu/flyflow/downloads]
V/SimpleConfigParser(10880): invalid line (comment or empty) """"""
V/SimpleConfigParser(10880): invalid line (comment or empty) """#美图GIF"""
V/SimpleConfigParser(10880): pre-processed line ==> {SD}/MTGIF
V/SimpleConfigParser(10880): compile to """/storage/emulated/0/MTGIF"""
W/WhiteListObserver(10880): please add exist folder! [/storage/emulated/0/MTGIF]
V/SimpleConfigParser(10880): invalid line (comment or empty) """"""
V/SimpleConfigParser(10880): invalid line (comment or empty) """#汽车之家"""

V/SimpleConfigParser(10880): pre-processed line ==> {SD}/autohomemain
V/SimpleConfigParser(10880): compile to """/storage/emulated/0/autohomemain"""
W/WhiteListObserver(10880): please add exist folder! [/storage/emulated/0/autohomemain]
V/SimpleConfigParser(10880): invalid line (comment or empty) """"""
V/SimpleConfigParser(10880): invalid line (comment or empty) """#掌上百度"""
V/SimpleConfigParser(10880): pre-processed line ==> {SD}/baidu/bdmobile/downloads
V/SimpleConfigParser(10880): compile to """/storage/emulated/0/baidu/bdmobile/downloads"""
W/WhiteListObserver(10880): please add exist folder! [/storage/emulated/0/baidu/bdmobile/downloads]
V/SimpleConfigParser(10880): invalid line (comment or empty) """"""

V/SimpleConfigParser(10880): invalid line (comment or empty) """#百度贴吧"""
V/SimpleConfigParser(10880): pre-processed line ==> {SD}/tieba
V/SimpleConfigParser(10880): compile to """/storage/emulated/0/tieba"""
W/WhiteListObserver(10880): please add exist folder! [/storage/emulated/0/tieba]
V/SimpleConfigParser(10880): invalid line (comment or empty) """"""
V/SimpleConfigParser(10880): invalid line (comment or empty) """#JeffreyZhang.LongWB长微博生成"""
V/SimpleConfigParser(10880): pre-processed line ==> {SD}/LongWB
V/SimpleConfigParser(10880): compile to """/storage/emulated/0/LongWB"""
W/WhiteListObserver(10880): please add exist folder! [/storage/emulated/0/LongWB]

V/SimpleConfigParser(10880): finish
D/WhiteListObserver(10880): /storage/emulated/0/Download is old dir, skip it.
W/PushService( 1193): 2014-09-06 14:51:22,337 - [WARN::PushService] - JOB: check the ping-pong.
W/PushService( 1193): 2014-09-06 14:51:22,369 - [WARN::PushService] - Service called on timer
D/SizeAdaptiveLayout( 1081): com.android.internal.widget.SizeAdaptiveLayout{42a5c090 V.E..... ......ID 0,0-698,130 #7f0d00b6 app:id/adaptive}child view android.widget.FrameLayout{42c645d0 V.E..... ......ID 0,0-698,129 #1020315 android:id/status_bar_latest_event_content} measured out of bounds at 129px clamped to 130px
D/SizeAdaptiveLayout( 1081): com.android.internal.widget.SizeAdaptiveLayout{42ea0cc8 V.E..... ......ID 0,0-698,130 #7f0d00b6 app:id/adaptive}child view android.widget.FrameLayout{43e3a090 V.E..... ......ID 0,0-698,129 #1020315 android:id/status_bar_latest_event_content} measured out of bounds at 129px clamped to 130px
D/SizeAdaptiveLayout( 1081): com.android.internal.widget.SizeAdaptiveLayout{42a5c090 V.E..... ......ID 0,0-698,130 #7f0d00b6 app:id/adaptive}child view android.widget.FrameLayout{42c645d0 V.E..... ......ID 0,0-698,129 #1020315 android:id/status_bar_latest_event_content} measured out of bounds at 129px clamped to 130px
D/SizeAdaptiveLayout( 1081): com.android.internal.widget.SizeAdaptiveLayout{42ea0cc8 V.E..... ......ID 0,0-698,130 #7f0d00b6 app:id/adaptive}child view android.widget.FrameLayout{43e3a090 V.E..... ......ID 0,0-698,129 #1020315 android:id/status_bar_latest_event_content} measured out of bounds at 129px clamped to 130px
D/SizeAdaptiveLayout( 1081): com.android.internal.widget.SizeAdaptiveLayout{42a5c090 V.E..... ......ID 0,0-698,130 #7f0d00b6 app:id/adaptive}child view android.widget.FrameLayout{42c645d0 V.E..... ......ID 0,0-698,129 #1020315 android:id/status_bar_latest_event_content} measured out of bounds at 129px clamped to 130px

D/SizeAdaptiveLayout( 1081): com.android.internal.widget.SizeAdaptiveLayout{42ea0cc8 V.E..... ......ID 0,0-698,130 #7f0d00b6 app:id/adaptive}child view android.widget.FrameLayout{43e3a090 V.E..... ......ID 0,0-698,129 #1020315 android:id/status_bar_latest_event_content} measured out of bounds at 129px clamped to 130px
D/SizeAdaptiveLayout( 1081): com.android.internal.widget.SizeAdaptiveLayout{42a5c090 V.E..... ......ID 0,0-698,130 #7f0d00b6 app:id/adaptive}child view android.widget.FrameLayout{42c645d0 V.E..... ......ID 0,0-698,129 #1020315 android:id/status_bar_latest_event_content} measured out of bounds at 129px clamped to 130px
D/SizeAdaptiveLayout( 1081): com.android.internal.widget.SizeAdaptiveLayout{42ea0cc8 V.E..... ......ID 0,0-698,130 #7f0d00b6 app:id/adaptive}child view android.widget.FrameLayout{43e3a090 V.E..... ......ID 0,0-698,129 #1020315 android:id/status_bar_latest_event_content} measured out of bounds at 129px clamped to 130px
D/SizeAdaptiveLayout( 1081): com.android.internal.widget.SizeAdaptiveLayout{42a5c090 V.E..... ......ID 0,0-698,130 #7f0d00b6 app:id/adaptive}child view android.widget.FrameLayout{42c645d0 V.E..... ......ID 0,0-698,129 #1020315 android:id/status_bar_latest_event_content} measured out of bounds at 129px clamped to 130px
D/SizeAdaptiveLayout( 1081): com.android.internal.widget.SizeAdaptiveLayout{42ea0cc8 V.E..... ......ID 0,0-698,130 #7f0d00b6 app:id/adaptive}child view android.widget.FrameLayout{43e3a090 V.E..... ......ID 0,0-698,129 #1020315 android:id/status_bar_latest_event_content} measured out of bounds at 129px clamped to 130px
W/PushService( 1193): 2014-09-06 14:56:21,600 - [WARN::PushService] - JOB: check the ping-pong.
W/PushService( 1193): 2014-09-06 14:56:22,065 - [WARN::PushService] - JOB: check the ping-pong.
W/PushService( 1193): 2014-09-06 14:56:22,383 - [WARN::PushService] - Service called on timer
D/SizeAdaptiveLayout( 1081): com.android.internal.widget.SizeAdaptiveLayout{42a5c090 V.E..... ......ID 0,0-698,130 #7f0d00b6 app:id/adaptive}child view android.widget.FrameLayout{42c645d0 V.E..... ......ID 0,0-698,129 #1020315 android:id/status_bar_latest_event_content} measured out of bounds at 129px clamped to 130px
D/SizeAdaptiveLayout( 1081): com.android.internal.widget.SizeAdaptiveLayout{42ea0cc8 V.E..... ......ID 0,0-698,130 #7f0d00b6 app:id/adaptive}child view android.widget.FrameLayout{43e3a090 V.E..... ......ID 0,0-698,129 #1020315 android:id/status_bar_latest_event_content} measured out of bounds at 129px clamped to 130px
D/SizeAdaptiveLayout( 1081): com.android.internal.widget.SizeAdaptiveLayout{42a5c090 V.E..... ......ID 0,0-698,130 #7f0d00b6 app:id/adaptive}child view android.widget.FrameLayout{42c645d0 V.E..... ......ID 0,0-698,129 #1020315 android:id/status_bar_latest_event_content} measured out of bounds at 129px clamped to 130px
D/SizeAdaptiveLayout( 1081): com.android.internal.widget.SizeAdaptiveLayout{42ea0cc8 V.E..... ......ID 0,0-698,130 #7f0d00b6 app:id/adaptive}child view android.widget.FrameLayout{43e3a090 V.E..... ......ID 0,0-698,129 #1020315 android:id/status_bar_latest_event_content} measured out of bounds at 129px clamped to 130px
W/PushService( 1193): 2014-09-06 15:01:22,363 - [WARN::PushService] - Service called on timer
D/SizeAdaptiveLayout( 1081): com.android.internal.widget.SizeAdaptiveLayout{42a5c090 V.E..... ......ID 0,0-698,130 #7f0d00b6 app:id/adaptive}child view android.widget.FrameLayout{42c645d0 V.E..... ......ID 0,0-698,129 #1020315 android:id/status_bar_latest_event_content} measured out of bounds at 129px clamped to 130px
D/SizeAdaptiveLayout( 1081): com.android.internal.widget.SizeAdaptiveLayout{42ea0cc8 V.E..... ......ID 0,0-698,130 #7f0d00b6 app:id/adaptive}child view android.widget.FrameLayout{43e3a090 V.E..... ......ID 0,0-698,129 #1020315 android:id/status_bar_latest_event_content} measured out of bounds at 129px clamped to 130px
D/BatteryInfoReceiver( 1205): 现有电量：92
D/SizeAdaptiveLayout( 1081): com.android.internal.widget.SizeAdaptiveLayout{42a5c090 V.E..... ......ID 0,0-698,130 #7f0d00b6 app:id/
adaptive}child view android.widget.FrameLayout{42c645d0 V.E..... ......ID 0,0-698,129 #1020315 android:id/status_bar_latest_event_content} measured out of bounds at 129px clamped to 130px
D/SizeAdaptiveLayout( 1081): com.android.internal.widget.SizeAdaptiveLayout{42ea0cc8 V.E..... ......ID 0,0-698,130 #7f0d00b6 app:id/adaptive}child view android.widget.FrameLayout{43e3a090 V.E..... ......ID 0,0-698,129 #1020315 android:id/status_bar_latest_event_content} measured out of bounds at 129px clamped to 130px
D/SizeAdaptiveLayout( 1081): com.android.internal.widget.SizeAdaptiveLayout{42a5c090 V.E..... ......ID 0,0-698,130 #7f0d00b6 app:id/adaptive}child view android.widget.FrameLayout{42c645d0 V.E..... ......ID 0,0-698,129 #1020315 android:id/status_bar_latest_event_content} measured out of bounds at 129px clamped to 130px
D/SizeAdaptiveLayout( 1081): com.android.internal.widget.SizeAdaptiveLayout{42ea0cc8 V.E..... ......ID 0,0-698,130 #7f0d00b6 app:id/adaptive}child view android.widget.FrameLayout{43e3a090 V.E..... ......ID 0,0-698,129 #1020315 android:id/status_bar_latest_event_content} measured out of bounds at 129px clamped to 130px
W/PushService( 1193): 2014-09-06 15:06:22,355 - [WARN::PushService] - Service called on timer
D/BatteryInfoReceiver( 1205): 现有电量：91
D/BatteryInfoReceiver( 1205): BatteryInfoReceiver.updateBatteryInfo(...).
D/BatteryInfoReceiver( 1205): 现有电量：91
D/SizeAdaptiveLayout( 1081): com.android.internal.widget.SizeAdaptiveLayout{42a5c090 V.E..... ......ID 0,0-698,130 #7f0d00b6 app:id/adaptive}child view android.widget.FrameLayout{42c645d0 V.E..... ......ID 0,0-698,129 #1020315 android:id/status_bar_latest_event_content} measured out of bounds at 129px clamped to 130px
D/SizeAdaptiveLayout( 1081): com.android.internal.widget.SizeAdaptiveLayout{42ea0cc8 V.E..... ......ID 0,0-698,130 #7f0d00b6 app:id/adaptive}child view android.widget.FrameLayout{43e3a090 V.E..... ......ID 0,0-698,129 #1020315 android:id/status_bar_latest_event_content} measured out of bounds at 129px clamped to 130px
D/SizeAdaptiveLayout( 1081): com.android.internal.widget.SizeAdaptiveLayout{42a5c090 V.E..... ......ID 0,0-698,130 #7f0d00b6 app:id/adaptive}child view android.widget.FrameLayout{42c645d0 V.E..... ......ID 0,0-698,129 #1020315 android:id/status_bar_latest_event_content} measured out of bounds at 129px clamped to 130px
D/SizeAdaptiveLayout( 1081): com.android.internal.widget.SizeAdaptiveLayout{42ea0cc8 V.E..... ......ID 0,0-698,130 #7f0d00b6 app:id/adaptive}child view android.widget.FrameLayout{43e3a090 V.E..... ......ID 0,0-698,129 #1020315 android:id/status_bar_latest_event_content} measured out of bounds at 129px clamped to 130px
W/PushService( 1193): 2014-09-06 15:11:22,351 - [WARN::PushService] - Service called on timer
V/SmsReceiverService( 2070): onStart: #1 mResultCode: -1 = Activity.RESULT_OK
I/XIAOMIANALYTICS( 2070): start session(com.android.mms)
I/XIAOMIANALYTICS( 2070): end session(com.android.mms)

V/MmsSmsProvider( 1253): Start query content://mms-sms/threadID?recipient=1065795555 with selection null
V/MmsSmsProvider( 1253): Query content://mms-sms/threadID?recipient=1065795555 with selection null returns 1 results
D/SizeAdaptiveLayout( 1081): com.android.internal.widget.SizeAdaptiveLayout{42a5c090 V.E..... ......ID 0,0-698,130 #7f0d00b6 app:id/adaptive}child view android.widget.FrameLayout{42c645d0 V.E..... ......ID 0,0-698,129 #1020315 android:id/status_bar_latest_event_content} measured out of bounds at 129px clamped to 130px
D/SizeAdaptiveLayout( 1081): com.android.internal.widget.SizeAdaptiveLayout{42ea0cc8 V.E..... ......ID 0,0-698,130 #7f0d00b6 app:id/adaptive}child view android.widget.FrameLayout{43e3a090 V.E..... ......ID 0,0-698,129 #1020315 android:id/status_bar_latest_event_content} measured out of bounds at 129px clamped to 130px
D/dalvikvm( 1253): GC_EXPLICIT freed 514K, 23% free 15072K/19508K, paused 3ms+5ms, total 37ms
D/dalvikvm(  845): GC_EXPLICIT freed 3316K, 21% free 24759K/31020K, paused 4ms+10ms, total 130ms
I/ GuardProvider( 9752): LRL update:uri:content://guard/sms_judge match:1003
I/MmsSmsDatabaseHelper( 1253): Deleted 0 obsolete threads
D/YellowPage( 1253): YellowPageUtils:getLocalPhoneInfo:The number 1065795555 is a local yellowpage

I/ContentProviderBinder(  845): ChangeObserver: content changed.
I/ContentProviderBinder(  845): ChangeObserver: content changed.
D/YellowPage( 2070): YellowPageUtils:getLocalPhoneInfo:The number 1065795555 is a local yellowpage
D/Mms     ( 2070): [4285] ComposeMessageRouterActivity.java(80): routing: threadId=11, messageCount=10, recipientCount=1
D/YellowPage( 2070): YellowPageUtils:getLocalPhoneInfo:The number 1065795555 is a local yellowpage
D/YellowPage( 2070): YellowPageUtils:getLocalPhoneInfo:The number 1065795555 is a local yellowpage
I/OMXNodeInstance(  255): OMX_FreeBuffer for buffer header 0xb7349578 successful
I/OMXNodeInstance(  255): OMX_FreeBuffer for buffer header 0xb73494c0 successful
I/OMXNodeInstance(  255): OMX_FreeBuffer for buffer header 0xb73493f0 successful
I/OMXNodeInstance(  255): OMX_FreeBuffer for buffer header 0xb73492e8 successful
I/OMXNodeInstance(  255): OMX_FreeBuffer for buffer header 0xb734b2b0 successful

I/OMXNodeInstance(  255): OMX_FreeBuffer for buffer header 0xb734b188 successful
I/OMXNodeInstance(  255): OMX_FreeBuffer for buffer header 0xb734b080 successful
I/OMXNodeInstance(  255): OMX_FreeBuffer for buffer header 0xb734afa8 successful
W/AudioFlinger(  255): session id 133 not found for pid 1081
I/AudioService(  845):  AudioFocus  abandonAudioFocus() from android.media.AudioManager@4276e4b0
D/PhoneStatusBar( 1081): addNotification pkg=com.android.mms;targetpkg=com.android.mms;id=124
D/Reminder( 2070): Acquire wakelock with sequence5
D/AbstractScreenOnProximityLock(  845): try to aquire
D/AbstractScreenOnProximityLock(  845): aquire

D/AwesomeLockScreen(  845): onResume
D/AwesomeLockScreen(  845): onRefreshBatteryInfo: false false 91
I/RenderThread(  845): RenderThread resumed
I/PowerManagerService(  845): Waking up from sleep...
I/QCOM PowerHAL(  845): Got set_interactive hint
I/NotifierManager(  845): onRegister: miui.maml.NotifierManager$MultiBroadcastNotifier@430f1278
I/NotifierManager(  845): onRegister: miui.maml.NotifierManager$BroadcastNotifier@439a5180
I/WindowManager(  845): Lock screen displayed!
I/NotifierManager(  845): onRegister: miui.maml.NotifierManager$BroadcastNotifier@42d90c08
I/NotifierManager(  845): onRegister: miui.maml.NotifierManager$BroadcastNotifier@435a2400

I/NotifierManager(  845): onNotify: miui.maml.NotifierManager$BroadcastNotifier@42d90c08
D/SurfaceFlinger(  252): Screen acquired, type=0 flinger=0xb7592478
D/qdhwcomposer(  252): hwc_blank: Unblanking display: 0
D/wpa_supplicant(25698): wlan0: Control interface command 'SIGNAL_POLL'
E/EventHub(  845): Error opening /sys/class/input/input/enabled: No such file or directory
E/EventHub(  845): Error opening /sys/class/input/input4/enabled: Permission denied
E/EventHub(  845): Error opening /sys/class/input/input3/enabled: Permission denied
D/AwesomePlayer(  255): Before reset_l
D/AwesomePlayer(  255): printFileName fd(35) -> /system/media/audio/notifications/FadeIn.ogg
D/wpa_supplicant(25698): nl80211: survey data missing!

D/QCUtils (  255): extended extractor not needed, return default
D/wpa_supplicant(25698): wlan0: Control interface command 'DRIVER SETSUSPENDMODE 0'
I/AudioService(  845):  AudioFocus  requestAudioFocus() from android.media.AudioManager@4276e4b0
D/PhoneStatusBar( 1081): Notification has fullScreenIntent; sending fullScreenIntent
V/AudioHardwareALSA(  255): virtual android::status_t android_audio_legacy::AudioHardwareALSA::setParameters(const android::String8&)() ,screen_state=on
V/AudioHardwareALSA(  255): status = 0, param.size =1
I/OMXNodeInstance(  255): OMX_FreeBuffer for buffer header 0xb73502b8 successful
I/OMXNodeInstance(  255): OMX_FreeBuffer for buffer header 0xb7350450 successful
I/OMXNodeInstance(  255): OMX_FreeBuffer for buffer header 0xb7350590 successful

I/OMXNodeInstance(  255): OMX_FreeBuffer for buffer header 0xb73506b8 successful
I/ActivityManager(  845): START u0 {dat=content://sms/819 flg=0x34000000 cmp=com.android.mms/.ui.NewMessagePopupActivity (has extras)} from pid -1
D/PhoneStatusBar( 1081): Notification has exitFloatingIntent; sending exitFloatingIntent
D/AudioPolicyManagerALSA(  255): isStreamActive: 0
D/wpa_supplicant(25698): wpa_driver_nl80211_driver_cmd SETSUSPENDMODE 0 len = 0, 4096
D/wpa_supplicant(25698): wlan0: Control interface command 'SIGNAL_POLL'
D/PhoneStatusBar( 1081): addNotification pkg=com.android.mms;targetpkg=com.android.mms;id=123
I/ContentProviderBinder(  845): query result count: 5 content://sms/inbox
W/InputMethodManager( 2070): Bind error! start to finishInputLocked and closeCurrentInput
W/InputMethodManager( 2070): Bind error! end to finishInputLocked and closeCurrentInput
W/InputMethodManagerService(  845): Starting input on non-focused client com.android.internal.view.IInputMethodClient$Stub$Proxy@431ed238 (uid=10039 pid=2070)
V/EffectDiracSound(  255): DiracSound_command() start, cmdCode=9
V/EffectDiracSound(  255): DiracSound_Command EFFECT_CMD_SET_DEVICE: 0x00000002
E/ALSAStreamOps(  255): setParameters(): keyRouting with device2 0x2
D/AudioHardwareALSA(  255): device = 0x2,mCurDevice 0x2
I/AudioHardwareALSA(  255): Device and mCurDevice is the same, no need to routing
I/AudioFlinger(  255): setAppName(), name=[com.android.systemui], active=[1]
V/EffectDiracSound(  255): DiracSound_command() start, cmdCode=22
V/EffectDiracSound(  255): DiracSound_Command EFFECT_CMD_SET_APP_NAME: +com.android.systemui
E/qcom_sensors_hal(  845): hal_sam_gen_prox: Proximity data: 65536.000000 0.000000 0.000000
D/AbstractScreenOnProximityLock(  845): handle change = too close
D/ALSADevice(  255): route: devices 0x2 in mode 0
D/ALSADevice(  255): setEndpDevice: device 2
D/ALSADevice(  255): setMixerControl:: name DS1 DAP Endpoint count 1
D/ALSADevice(  255): DMID value: 0
D/ALSADevice(  255): setMixerControl:: name DS1 Security count 1
D/ALSADevice(  255): switchDevice: device 0x2 mode:0
D/ALSADevice(  255): getUCMDevice for output device: devices:2 is input device:0
D/ALSADevice(  255): switchDevice: rxDevice Speaker devices:0x2
D/ALSADevice(  255): getUCMDevice for input device: devices:0 is input device:1
D/ALSADevice(  255): No valid input device: 0
D/ALSADevice(  255): switchDevice: txDevice:(null) devices:0x2
D/alsa_ucm(  255): snd_use_case_set(): uc_mgr 0xb6ffd380 identifier _enadev value Speaker
D/ALSADevice(  255): switchDevice: mCurTxUCMDevice DMIC Endfire mCurRxDevDevice Speaker
D/ALSADevice(  255): rx_ACDB_id=14, tx_ACDB_id=41
D/alsa_ucm(  255): snd_use_case_set(): uc_mgr 0xb6ffd380 identifier _verb value HiFi
D/alsa_ucm(  255): Set mixer controls for Speaker enable 1
D/alsa_ucm(  255): acdb_id 14 cap 1 enable 1
D/ACDB-LOADER(  255): ACDB -> send_audio_cal, acdb_id = 14, path =  0
D/ACDB-LOADER(  255): ACDB -> send_adm_topology
D/ACDB-LOADER(  255): ACDB -> ACDB_CMD_GET_AUDPROC_COMMON_TOPOLOGY_ID
D/ACDB-LOADER(  255): ACDB -> send_audtable
D/ACDB-LOADER(  255): ACDB -> ACDB_CMD_GET_AUDPROC_COMMON_TABLE
D/ACDB-LOADER(  255): ACDB -> AUDIO_SET_AUDPROC_CAL
D/ACDB-LOADER(  255): ACDB -> send_audvoltable
D/ACDB-LOADER(  255): ACDB -> ACDB_CMD_GET_AUDPROC_GAIN_DEP_STEP_TABLE
D/ACDB-LOADER(  255): ACDB -> AUDIO_SET_AUDPROC_VOL_CAL
D/ACDB-LOADER(  255): ACDB -> AUDIO_SET_AFE_CAL
D/alsa_ucm(  255): Setting mixer control: SLIM RX1 MUX, value: AIF1_PB
D/alsa_ucm(  255): Setting mixer control: SLIM_0_RX Channels, value: One
D/alsa_ucm(  255): Setting mixer control: RX4 MIX1 INP1, value: RX1
D/alsa_ucm(  255): Setting mixer control: RX4 Digital Volume, value: 70
D/alsa_ucm(  255): Setting mixer control: SPK DAC Switch, value: 1
D/alsa_ucm(  255): Setting mixer control: COMP0 Switch, value: 1
D/alsa_ucm(  255): Set mixer controls for HiFi enable 1
D/alsa_ucm(  255): Setting mixer control: SLIMBUS_0_RX Audio Mixer MultiMedia1, value: 1
D/ALSADevice(  255): close: handle 0xb70dfb50 h 0x0
D/ALSADevice(  255): open: handle 0xb70dfb50, format 0x2
D/ALSADevice(  255): Music case
D/ALSADevice(  255): Device value returned is hw:0,0
D/ALSADevice(  255): flags 0, devName hw:0,0
D/ALSADevice(  255): handle->format: 0x2
D/ALSADevice(  255): setHardwareParams: reqBuffSize 2048 channels 2 sampleRate 48000
D/AbstractScreenOnProximityLock(  845): too close screen, show hint...
D/ALSADevice(  255): setHardwareParams: buffer_size 16384, period_size 2048, period_cnt 8
I/ContentProviderBinder(  845): query result count: 5 content://sms/inbox
D/wpa_supplicant(25698): nl80211: survey data missing!
D/wpa_supplicant(25698): nl80211: Event message available
D/wpa_supplicant(25698): nl80211: Rekey offload event for BSSID 4c:60:de:27:f0:35
D/wpa_supplicant(25698): nl80211: Rekey offload - Replay Counter - hexdump(len=8): 00 00 00 00 00 00 00 07
D/wpa_supplicant(25698): wlan0: Event DRIVER_GTK_REKEY (45) received
D/wpa_supplicant(25698): wlan0: Control interface command 'PKTCNT_POLL'
I/ContentProviderBinder(  845): query result count: 0 content://com.android.contacts/data
I/ContentProviderBinder(  845): query result count: 0 content://com.android.contacts/data
E/qcom_sensors_hal(  845): hal_process_report_ind: Bad item quality: 11 
D/SizeAdaptiveLayout( 1081): com.android.internal.widget.SizeAdaptiveLayout{4277b420 V.E..... ......I. 0,0-0,0 #7f0d00b6 app:id/adaptive}child view android.widget.FrameLayout{42df26a0 G.E..... ......I. 0,0-0,0 #1020315 android:id/status_bar_latest_event_content} measured out of bounds at 129px clamped to 130px
D/SizeAdaptiveLayout( 1081): com.android.internal.widget.SizeAdaptiveLayout{42a51250 V.E..... ......I. 0,0-0,0 #7f0d00b6 app:id/adaptive}child view android.widget.LinearLayout{42ea05d0 G.E..... ......I. 0,0-0,0} measured out of bounds at 129px clamped to 130px
V/ExtraGmTelephonyManager( 1081): phone type for sim 0: 1
V/ExtraGmTelephonyManager( 1081): phone type for sim 1: 1
D/dalvikvm( 1157): GC_EXPLICIT freed 1681K, 41% free 8821K/14724K, paused 3ms+9ms, total 150ms
D/YellowPage( 2070): YellowPageUtils:getLocalPhoneInfo:The number 1065795555 is a local yellowpage
V/ExtraGmTelephonyManager( 1081): phone type for sim 0: 1
V/ExtraGmTelephonyManager( 1081): phone type for sim 1: 1
D/StatusBar.NetworkControllerGemini( 1081): mNetworkName, sim1Inserted is true, sim2Inserted is true.networkname[0]=联通 3G;networkname[1]=移动
V/ExtraGmTelephonyManager( 1081): phone type for sim 0: 1
V/ExtraGmTelephonyManager( 1081): phone type for sim 1: 1
V/ExtraGmTelephonyManager( 1081): phone type for sim 0: 1
V/ExtraGmTelephonyManager( 1081): phone type for sim 1: 1
D/StatusBar.NetworkControllerGemini( 1081): mNetworkName, sim1Inserted is true, sim2Inserted is true.networkname[0]=联通 3G;networkname[1]=移动
D/StatusBar.NetworkControllerGemini( 1081): PhoneStateListener:onSignalStrengthsChanged, sim1 before.
D/StatusBar.NetworkControllerGemini( 1081): PhoneStateListener:onSignalStrengthsChanged, signalStrength=3
V/ExtraGmTelephonyManager( 1081): phone type for sim 0: 1
V/ExtraGmTelephonyManager( 1081): phone type for sim 1: 1
V/ExtraGmTelephonyManager( 1081): phone type for sim 0: 1
V/ExtraGmTelephonyManager( 1081): phone type for sim 1: 1
D/StatusBar.NetworkControllerGemini( 1081): mNetworkName, sim1Inserted is true, sim2Inserted is true.networkname[0]=联通 3G;networkname[1]=移动
D/StatusBar.NetworkControllerGemini( 1081): PhoneStateListener:onSignalStrengthsChanged, sim1 after.
D/StatusBar.NetworkControllerGemini( 1081): PhoneStateListener:onSignalStrengthsChanged, sim2 before.
D/StatusBar.NetworkControllerGemini( 1081): PhoneStateListener:onSignalStrengthsChanged, signalStrength=3
V/ExtraGmTelephonyManager( 1081): phone type for sim 0: 1
V/ExtraGmTelephonyManager( 1081): phone type for sim 1: 1
D/StatusBar.NetworkControllerGemini( 1081): mNetworkName, sim1Inserted is true, sim2Inserted is true.networkname[0]=联通 3G;networkname[1]=移动
D/StatusBar.NetworkControllerGemini( 1081): PhoneStateListener:onSignalStrengthsChanged, sim2 after.
D/qdhwcomposer(  252): hwc_blank: Done unblanking display: 0
D/SurfaceControl(  845): Excessive delay in unblankDisplay() while turning screen on: 331ms
D/DisplayPowerController(  845): PROPERTY_SCREEN_COLOR set, currValue:3, default:2
D/DisplayPowerController(  845): PROPERTY_SCREEN_SATURATION set, currValue:11, default:11
D/wpa_supplicant(25698): wlan0: Control interface command 'SCAN TYPE=ONLY'
D/wpa_supplicant(25698): wlan0: Setting scan request: 0 sec 0 usec
D/wpa_supplicant(25698): wlan0: Starting AP scan for wildcard SSID
D/wpa_supplicant(25698): wlan0: nl80211: scan request
D/wpa_supplicant(25698): nl80211: Scan SSID - hexdump(len=0): [NULL]
D/wpa_supplicant(25698): Scan requested (ret=0) - scan timeout 30 seconds

D/wpa_supplicant(25698): nl80211: Event message available
D/wpa_supplicant(25698): wlan0: nl80211: Scan trigger
E/qcom_sensors_hal(  845): hal_process_report_ind: Bad item quality: 11 
E/Parcel  (  306): Reading a NULL string not supported here.
E/Parcel  (  306): Reading a NULL string not supported here.
D/PhoneStatusBar( 1081): disable: < expand icons alerts ticker system_info back* home* RECENT clock >
V/PhoneStatusBar( 1081): setLightsOn(true)
I/NotifierManager(  845): onUnregister: miui.maml.NotifierManager$BroadcastNotifier@439a5180
I/NotifierManager(  845): onUnregister: miui.maml.NotifierManager$MultiBroadcastNotifier@430f1278
I/NotifierManager(  845): onUnregister: miui.maml.NotifierManager$BroadcastNotifier@42d90c08
I/NotifierManager(  845): onUnregister: miui.maml.NotifierManager$BroadcastNotifier@435a2400
D/LifecycleResourceManager(  845): begin check cache... 
I/RenderThread(  845): RenderThread paused, waiting for signal
D/wpa_supplicant(25698): nl80211: Event message available
D/wpa_supplicant(25698): wlan0: nl80211: New scan results available
D/wpa_supplicant(25698): wlan0: Event SCAN_RESULTS (3) received
D/wpa_supplicant(25698): nl80211: Associated on 2412 MHz
D/wpa_supplicant(25698): nl80211: Associated with 4c:60:de:27:f0:35
D/wpa_supplicant(25698): nl80211: Received scan results (7 BSSes)
D/wpa_supplicant(25698): nl80211: Survey data missing
D/wpa_supplicant(25698): nl80211: Scan results indicate BSS status with 4c:60:de:27:f0:35 as associated
D/wpa_supplicant(25698): 4c:60:de:27:f0:35 freq=2412 qual=0 noise=0 level=-45 flags=0x2b age=0
D/wpa_supplicant(25698): 38:83:45:7f:c0:e4 freq=2437 qual=0 noise=0 level=-60 flags=0xb age=0
D/wpa_supplicant(25698): 08:10:76:a5:8d:3e freq=2437 qual=0 noise=0 level=-75 flags=0xb age=0
D/wpa_supplicant(25698): f4:ec:38:4e:85:68 freq=2412 qual=0 noise=0 level=-78 flags=0xb age=0
D/wpa_supplicant(25698): c8:3a:35:0a:3b:c8 freq=2412 qual=0 noise=0 level=-80 flags=0xb age=0
D/wpa_supplicant(25698): 0c:72:2c:30:62:06 freq=2462 qual=0 noise=0 level=-92 flags=0xb age=0
D/wpa_supplicant(25698): 00:25:86:1f:1f:ae freq=2412 qual=0 noise=0 level=-84 flags=0xb age=0

D/wpa_supplicant(25698): wlan0: BSS: Start scan result update 172
D/wpa_supplicant(25698): wlan0: BSS: Add new id 633 BSSID 38:83:45:7f:c0:e4 SSID 'TP-LINK_PocketAP_7FC0E4'
D/wpa_supplicant(25698): wlan0: BSS: Add new id 634 BSSID 08:10:76:a5:8d:3e SSID 'ip'
D/wpa_supplicant(25698): wlan0: BSS: Add new id 635 BSSID f4:ec:38:4e:85:68 SSID 'TP-LINK_4E8568'
D/wpa_supplicant(25698): wlan0: BSS: Add new id 636 BSSID c8:3a:35:0a:3b:c8 SSID 'Tenda_0A3BC8'
D/wpa_supplicant(25698): wlan0: BSS: Add new id 637 BSSID 0c:72:2c:30:62:06 SSID 'tydic2014'
D/wpa_supplicant(25698): wlan0: BSS: Add new id 638 BSSID 00:25:86:1f:1f:ae SSID 'TP-LINK_Eric'
D/wpa_supplicant(25698): BSS: last_scan_res_used=7/64 last_scan_full=0
D/wpa_supplicant(25698): wlan0: Scan-only results received
D/wpa_supplicant(25698): wlan0: P2P: Station mode scan operation not pending anymore (sta_scan_pending=0 p2p_cb_on_scan_complete=0)
D/wpa_supplicant(25698): RTM_NEWLINK: operstate=1 ifi_flags=0x11043 ([UP][RUNNING][LOWER_UP])
D/wpa_supplicant(25698): RTM_NEWLINK, IFLA_IFNAME: Interface 'wlan0' added
D/wpa_supplicant(25698): nl80211: if_removed already cleared - ignore event
D/wpa_supplicant(25698): wlan0: Control interface command 'BSS RANGE=0- MASK=0x21987'
D/wifi_gbk2utf(  845): parseScanResults, line=id=627
D/wifi_gbk2utf(  845):  
D/wifi_gbk2utf(  845): parseScanResults, line=bssid=4c:60:de:27:f0:35
D/wifi_gbk2utf(  845):  
D/wifi_gbk2utf(  845): parseScanResults, line=freq=2412
D/wifi_gbk2utf(  845):  
D/wifi_gbk2utf(  845): parseScanResults, line=level=-45

D/wifi_gbk2utf(  845):  
D/wifi_gbk2utf(  845): parseScanResults, line=tsf=0000101588396145
D/wifi_gbk2utf(  845):  
D/wifi_gbk2utf(  845): parseScanResults, line=flags=[WPA2-PSK-CCMP][ESS]
D/wifi_gbk2utf(  845):  
D/wifi_gbk2utf(  845): parseScanResults, line=ssid=dd-wrt
D/wifi_gbk2utf(  845):  
D/wifi_gbk2utf(  845): parseScanResults, ssid = dd-wrt, buf = dd-wrt,isUTF8= 0, isCh = 0
D/wifi_gbk2utf(  845): parseScanResults, line=====
D/wifi_gbk2utf(  845):  
D/wifi_gbk2utf(  845): After sscanf,ssid:dd-wrt, isCh:0
D/wifi_gbk2utf(  845): parseScanResults, line=id=633
D/wifi_gbk2utf(  845):  

D/wifi_gbk2utf(  845): parseScanResults, line=bssid=38:83:45:7f:c0:e4
D/wifi_gbk2utf(  845):  
D/wifi_gbk2utf(  845): parseScanResults, line=freq=2437
D/wifi_gbk2utf(  845):  
D/wifi_gbk2utf(  845): parseScanResults, line=level=-60
D/wifi_gbk2utf(  845):  
D/wifi_gbk2utf(  845): parseScanResults, line=tsf=0000101588396187
D/wifi_gbk2utf(  845):  
D/wifi_gbk2utf(  845): parseScanResults, line=flags=[WPA-PSK-CCMP][WPA2-PSK-CCMP][ESS]
D/wifi_gbk2utf(  845):  
D/wifi_gbk2utf(  845): parseScanResults, line=ssid=TP-LINK_PocketAP_7FC0E4
D/wifi_gbk2utf(  845):  
D/wifi_gbk2utf(  845): parseScanResults, ssid = TP-LINK_PocketAP_7FC0E4, buf = TP-LINK_PocketAP_7FC0E4,isUTF8= 0, isCh = 0
D/wifi_gbk2utf(  845): parseScanResults, line=====
D/wifi_gbk2utf(  845):  
D/wifi_gbk2utf(  845): After sscanf,ssid:TP-LINK_PocketAP_7FC0E4, isCh:0
D/wifi_gbk2utf(  845): parseScanResults, line=id=634
D/wifi_gbk2utf(  845):  
D/wifi_gbk2utf(  845): parseScanResults, line=bssid=08:10:76:a5:8d:3e
D/wifi_gbk2utf(  845):  
D/wifi_gbk2utf(  845): parseScanResults, line=freq=2437
D/wifi_gbk2utf(  845):  
D/wifi_gbk2utf(  845): parseScanResults, line=level=-75
D/wifi_gbk2utf(  845):  
D/wifi_gbk2utf(  845): parseScanResults, line=tsf=0000101588396219
D/wifi_gbk2utf(  845):  
D/wifi_gbk2utf(  845): parseScanResults, line=flags=[WPA-PSK-CCMP+TKIP][WPA2-PSK-CCMP+TKIP][ESS]
D/wifi_gbk2utf(  845):  
D/wifi_gbk2utf(  845): parseScanResults, line=ssid=ip
D/wifi_gbk2utf(  845):  
D/wifi_gbk2utf(  845): parseScanResults, ssid = ip, buf = ip,isUTF8= 0, isCh = 0
D/wifi_gbk2utf(  845): parseScanResults, line=====
D/wifi_gbk2utf(  845):  
D/wifi_gbk2utf(  845): After sscanf,ssid:ip, isCh:0
D/wifi_gbk2utf(  845): parseScanResults, line=id=635
D/wifi_gbk2utf(  845):  
D/wifi_gbk2utf(  845): parseScanResults, line=bssid=f4:ec:38:4e:85:68
D/wifi_gbk2utf(  845):  
D/wifi_gbk2utf(  845): parseScanResults, line=freq=2412
D/wifi_gbk2utf(  845):  
D/wifi_gbk2utf(  845): parseScanResults, line=level=-78
D/wifi_gbk2utf(  845):  
D/wifi_gbk2utf(  845): parseScanResults, line=tsf=0000101588396272
D/wifi_gbk2utf(  845):  
D/wifi_gbk2utf(  845): parseScanResults, line=flags=[WPA-PSK-CCMP][WPA2-PSK-CCMP][WPS][ESS]
D/wifi_gbk2utf(  845):  
D/wifi_gbk2utf(  845): parseScanResults, line=ssid=TP-LINK_4E8568
D/wifi_gbk2utf(  845):  
D/wifi_gbk2utf(  845): parseScanResults, ssid = TP-LINK_4E8568, buf = TP-LINK_4E8568,isUTF8= 0, isCh = 0
D/wifi_gbk2utf(  845): parseScanResults, line=====
D/wifi_gbk2utf(  845):  
D/wifi_gbk2utf(  845): After sscanf,ssid:TP-LINK_4E8568, isCh:0
D/wifi_gbk2utf(  845): parseScanResults, line=id=636
D/wifi_gbk2utf(  845):  
D/wifi_gbk2utf(  845): parseScanResults, line=bssid=c8:3a:35:0a:3b:c8
D/wifi_gbk2utf(  845):  
D/wifi_gbk2utf(  845): parseScanResults, line=freq=2412
D/wifi_gbk2utf(  845):  
D/wifi_gbk2utf(  845): parseScanResults, line=level=-80
D/wifi_gbk2utf(  845):  
D/wifi_gbk2utf(  845): parseScanResults, line=tsf=0000101588396246
D/wifi_gbk2utf(  845):  
D/wifi_gbk2utf(  845): parseScanResults, line=flags=[WPA-PSK-CCMP][ESS]
D/wifi_gbk2utf(  845):  
D/wifi_gbk2utf(  845): parseScanResults, line=ssid=Tenda_0A3BC8
D/wifi_gbk2utf(  845):  
D/wifi_gbk2utf(  845): parseScanResults, ssid = Tenda_0A3BC8, buf = Tenda_0A3BC8,isUTF8= 0, isCh = 0
D/wifi_gbk2utf(  845): parseScanResults, line=====
D/wifi_gbk2utf(  845):  

D/wifi_gbk2utf(  845): After sscanf,ssid:Tenda_0A3BC8, isCh:0
D/wifi_gbk2utf(  845): parseScanResults, line=id=637
D/wifi_gbk2utf(  845):  
D/wifi_gbk2utf(  845): parseScanResults, line=bssid=0c:72:2c:30:62:06
D/wifi_gbk2utf(  845):  
D/wifi_gbk2utf(  845): parseScanResults, line=freq=2462
D/wifi_gbk2utf(  845):  
D/wifi_gbk2utf(  845): parseScanResults, line=level=-92
D/wifi_gbk2utf(  845):  
D/wifi_gbk2utf(  845): parseScanResults, line=tsf=0000101588396330
D/wifi_gbk2utf(  845):  

D/wifi_gbk2utf(  845): parseScanResults, line=flags=[WPA-PSK-CCMP][WPA2-PSK-CCMP][WPS][ESS]
D/wifi_gbk2utf(  845):  
D/wifi_gbk2utf(  845): parseScanResults, line=ssid=tydic2014
D/wifi_gbk2utf(  845):  
D/wifi_gbk2utf(  845): parseScanResults, ssid = tydic2014, buf = tydic2014,isUTF8= 0, isCh = 0
D/wifi_gbk2utf(  845): parseScanResults, line=====
D/wifi_gbk2utf(  845):  
D/wifi_gbk2utf(  845): After sscanf,ssid:tydic2014, isCh:0
D/wifi_gbk2utf(  845): parseScanResults, line=id=638
D/wifi_gbk2utf(  845):  
D/wifi_gbk2utf(  845): parseScanResults, line=bssid=00:25:86:1f:1f:ae
D/wifi_gbk2utf(  845):  
D/wifi_gbk2utf(  845): parseScanResults, line=freq=2412
D/wifi_gbk2utf(  845):  

D/wifi_gbk2utf(  845): parseScanResults, line=level=-84
D/wifi_gbk2utf(  845):  
D/wifi_gbk2utf(  845): parseScanResults, line=tsf=0000101588396300
D/wifi_gbk2utf(  845):  
D/wifi_gbk2utf(  845): parseScanResults, line=flags=[WEP][ESS]
D/wifi_gbk2utf(  845):  
D/wifi_gbk2utf(  845): parseScanResults, line=ssid=TP-LINK_Eric
D/wifi_gbk2utf(  845):  
D/wifi_gbk2utf(  845): parseScanResults, ssid = TP-LINK_Eric, buf = TP-LINK_Eric,isUTF8= 0, isCh = 0
D/wifi_gbk2utf(  845): parseScanResults, line=#### 
D/LBSSystemMonitorService(  845): handleMessage what - 4
D/Wiper_jni(  845): Send Network Location.

E/LocSvc_utils_q(  845): D/msg_q_snd: Sending message with handle = 0x62EC5870
E/LocSvc_utils_ll(  845): D/linked_list_add: Adding to list data_obj = 0x62EC5870
E/LocSvc_utils_q(  845): D/msg_q_snd: Finished Sending message with handle = 0x62EC5870
E/LocSvc_utils_ll(  845): D/linked_list_remove: Removing from list
E/LocSvc_utils_q(  845): D/msg_q_rcv: Received message 0x62EC5870 rv = 0
E/LocSvc_api_v02(  845): I/---> locClientSendReq line 2144 QMI_LOC_INJECT_WIFI_POSITION_REQ_V02
E/LocSvc_ApiV02(  845): I/<--- void globalRespCb(locClientHandleType, uint32_t, locClientRespIndUnionType, void*) line 106 QMI_LOC_INJECT_WIFI_POSITION_REQ_V02
E/LocSvc_api_v02(  845): D/loc_free_slot:299]: freeing slot 0
E/LocSvc_MsgTask(  845): D/MsgTask::loop() 274 listening ...

E/LocSvc_utils_q(  845): D/msg_q_rcv: Waiting on message
D/wpa_supplicant(25698): wlan0: Control interface command 'SIGNAL_POLL'
D/wpa_supplicant(25698): nl80211: survey data missing!
D/wpa_supplicant(25698): wlan0: Control interface command 'PKTCNT_POLL'
I/XiaomiFirewall( 1875): firewall pkgName:com.xiaomi.xmsf, result:0
D/wpa_supplicant(25698): wlan0: Control interface command 'SIGNAL_POLL'
D/wpa_supplicant(25698): nl80211: survey data missing!
D/wpa_supplicant(25698): wlan0: Control interface command 'PKTCNT_POLL'

I/AudioService(  845):  AudioFocus  abandonAudioFocus() from android.media.AudioManager@4276e4b0
I/AudioFlinger(  255): setAppName(), name=[/system/bin/mediaserver], active=[0]
V/EffectDiracSound(  255): DiracSound_command() start, cmdCode=22
V/EffectDiracSound(  255): DiracSound_Command EFFECT_CMD_SET_APP_NAME: -/system/bin/mediaserver
D/Uploader(10644): Network request failed class org.apache.http.conn.ConnectTimeoutException(Connect to /74.125.31.95:443 timed out)
D/wpa_supplicant(25698): wlan0: Control interface command 'SIGNAL_POLL'
D/wpa_supplicant(25698): nl80211: survey data missing!
D/wpa_supplicant(25698): wlan0: Control interface command 'SIGNAL_POLL'
D/wpa_supplicant(25698): nl80211: survey data missing!

D/wpa_supplicant(25698): wlan0: Control interface command 'PKTCNT_POLL'
E/Parcel  (  306): Reading a NULL string not supported here.
E/Parcel  (  306): Reading a NULL string not supported here.
D/StatusBar.NetworkControllerGemini( 1081): PhoneStateListener:onSignalStrengthsChanged, sim2 before.
D/StatusBar.NetworkControllerGemini( 1081): PhoneStateListener:onSignalStrengthsChanged, signalStrength=3
V/ExtraGmTelephonyManager( 1081): phone type for sim 0: 1
V/ExtraGmTelephonyManager( 1081): phone type for sim 1: 1
D/StatusBar.NetworkControllerGemini( 1081): mNetworkName, sim1Inserted is true, sim2Inserted is true.networkname[0]=联通 3G;networkname[1]=移动
D/StatusBar.NetworkControllerGemini( 1081): PhoneStateListener:onSignalStrengthsChanged, sim2 after.

D/StatusBar.NetworkControllerGemini( 1081): PhoneStateListener:onSignalStrengthsChanged, sim1 before.
D/StatusBar.NetworkControllerGemini( 1081): PhoneStateListener:onSignalStrengthsChanged, signalStrength=3
V/ExtraGmTelephonyManager( 1081): phone type for sim 0: 1
V/ExtraGmTelephonyManager( 1081): phone type for sim 1: 1
D/StatusBar.NetworkControllerGemini( 1081): mNetworkName, sim1Inserted is true, sim2Inserted is true.networkname[0]=联通 3G;networkname[1]=移动
D/StatusBar.NetworkControllerGemini( 1081): PhoneStateListener:onSignalStrengthsChanged, sim1 after.
V/ExtraGmTelephonyManager( 1081): phone type for sim 0: 1
V/ExtraGmTelephonyManager( 1081): phone type for sim 1: 1

D/wpa_supplicant(25698): wlan0: Control interface command 'SIGNAL_POLL'
V/ExtraGmTelephonyManager( 1081): phone type for sim 0: 1
V/ExtraGmTelephonyManager( 1081): phone type for sim 1: 1
D/wpa_supplicant(25698): nl80211: survey data missing!
D/wpa_supplicant(25698): wlan0: Control interface command 'PKTCNT_POLL'
D/StatusBar.NetworkControllerGemini( 1081): mNetworkName, sim1Inserted is true, sim2Inserted is true.networkname[0]=联通 3G;networkname[1]=移动
V/ExtraGmTelephonyManager( 1081): phone type for sim 0: 1
V/ExtraGmTelephonyManager( 1081): phone type for sim 1: 1

V/ExtraGmTelephonyManager( 1081): phone type for sim 0: 1
V/ExtraGmTelephonyManager( 1081): phone type for sim 1: 1
D/StatusBar.NetworkControllerGemini( 1081): mNetworkName, sim1Inserted is true, sim2Inserted is true.networkname[0]=联通 3G;networkname[1]=移动
D/wpa_supplicant(25698): wlan0: Control interface command 'SIGNAL_POLL'
D/wpa_supplicant(25698): nl80211: survey data missing!
D/wpa_supplicant(25698): wlan0: Control interface command 'PKTCNT_POLL'
D/ALSADevice(  255): standby: handle 0xb70dfb50 h 0x0
D/ALSADevice(  255): standby handle h 0xb7136dc8

D/alsa_ucm(  255): snd_use_case_set(): uc_mgr 0xb6ffd380 identifier _verb value Inactive
D/alsa_ucm(  255): Set mixer controls for HiFi enable 0
D/alsa_ucm(  255): Setting mixer control: SLIMBUS_0_RX Audio Mixer MultiMedia1, value: 0
D/ALSADevice(  255): usecase_type is 0
D/alsa_ucm(  255): snd_use_case_set(): uc_mgr 0xb6ffd380 identifier _disdev value DMIC Endfire
D/alsa_ucm(  255): disdev: device DMIC Endfire not enabled, no need to disable
D/alsa_ucm(  255): snd_use_case_set(): uc_mgr 0xb6ffd380 identifier _disdev value Speaker
D/alsa_ucm(  255): Set mixer controls for Speaker enable 0

D/alsa_ucm(  255): Setting mixer control: SLIM RX1 MUX, value: ZERO
D/alsa_ucm(  255): Setting mixer control: RX4 MIX1 INP1, value: ZERO
D/alsa_ucm(  255): Setting mixer control: SPK DAC Switch, value: 0
D/alsa_ucm(  255): Setting mixer control: COMP0 Switch, value: 0
D/AudioHardwareALSA(  255): closeUsbPlaybackIfNothingActive, musbPlaybackState: 0
V/AudioHardwareALSA(  255): getExtOutActiveUseCases_l: mExtOutActiveUseCases = 0
D/AudioUsbALSA(  255): exitPlaybackThread, mproxypfdPlayback: -1
D/AudioUsbALSA(  255): closeDevice handle 0x0
D/AudioUsbALSA(  255): closeDevice handle 0x0

V/EffectDiracSound(  255): DiracSound_command() start, cmdCode=21
V/EffectDiracSound(  255): DiracSound_Command EFFECT_CMD_SET_AUDIO_STANDBY, current mode = 0
D/wpa_supplicant(25698): wlan0: Control interface command 'SIGNAL_POLL'
D/wpa_supplicant(25698): nl80211: survey data missing!
D/wpa_supplicant(25698): nl80211: survey data missing!
D/wpa_supplicant(25698): wlan0: Control interface command 'PKTCNT_POLL'
D/wpa_supplicant(25698): wlan0: Control interface command 'SIGNAL_POLL'
W/PushService( 1193): 2014-09-06 15:14:42,673 - [WARN::PushService] - JOB: check the ping-pong.

D/wpa_supplicant(25698): wlan0: Control interface command 'SIGNAL_POLL'
D/wpa_supplicant(25698): nl80211: survey data missing!
D/wpa_supplicant(25698): wlan0: Control interface command 'PKTCNT_POLL'
D/wpa_supplicant(25698): wlan0: Control interface command 'SIGNAL_POLL'
D/wpa_supplicant(25698): nl80211: survey data missing!
D/wpa_supplicant(25698): wlan0: Control interface command 'PKTCNT_POLL'
D/wpa_supplicant(25698): wlan0: Control interface command 'SIGNAL_POLL'
D/wpa_supplicant(25698): nl80211: survey data missing!
D/wpa_supplicant(25698): wlan0: Control interface command 'SIGNAL_POLL'

D/wpa_supplicant(25698): nl80211: survey data missing!
D/wpa_supplicant(25698): wlan0: Control interface command 'PKTCNT_POLL'
W/PushService( 1193): 2014-09-06 15:14:45,574 - [WARN::PushService] - JOB: check the ping-pong.
D/wpa_supplicant(25698): wlan0: Control interface command 'SIGNAL_POLL'
D/wpa_supplicant(25698): nl80211: survey data missing!
D/wpa_supplicant(25698): wlan0: Control interface command 'PKTCNT_POLL'
W/PushService( 1193): 2014-09-06 15:14:47,052 - [WARN::PushService] - JOB: check the ping-pong.
D/wpa_supplicant(25698): wlan0: Control interface command 'SIGNAL_POLL'
D/wpa_supplicant(25698): nl80211: survey data missing!

D/wpa_supplicant(25698): wlan0: Control interface command 'PKTCNT_POLL'
D/wpa_supplicant(25698): wlan0: Control interface command 'SIGNAL_POLL'
D/wpa_supplicant(25698): nl80211: survey data missing!
D/wpa_supplicant(25698): wlan0: Control interface command 'PKTCNT_POLL'
D/wpa_supplicant(25698): wlan0: Control interface command 'SIGNAL_POLL'
D/wpa_supplicant(25698): nl80211: survey data missing!
D/wpa_supplicant(25698): wlan0: Control interface command 'SIGNAL_POLL'
D/wpa_supplicant(25698): nl80211: survey data missing!

D/wpa_supplicant(25698): wlan0: Control interface command 'PKTCNT_POLL'
W/PushService( 1193): 2014-09-06 15:14:49,607 - [WARN::PushService] - JOB: check the ping-pong.
W/PushService( 1193): 2014-09-06 15:14:50,488 - [WARN::PushService] - JOB: check the ping-pong.
D/wpa_supplicant(25698): wlan0: Control interface command 'SIGNAL_POLL'
D/wpa_supplicant(25698): nl80211: survey data missing!
D/wpa_supplicant(25698): wlan0: Control interface command 'PKTCNT_POLL'
D/wpa_supplicant(25698): wlan0: Control interface command 'SIGNAL_POLL'
D/wpa_supplicant(25698): nl80211: survey data missing!
D/wpa_supplicant(25698): wlan0: Control interface command 'PKTCNT_POLL'
D/wpa_supplicant(25698): wlan0: Control interface command 'SIGNAL_POLL'
D/wpa_supplicant(25698): nl80211: survey data missing!
D/wpa_supplicant(25698): wlan0: Control interface command 'SIGNAL_POLL'
D/wpa_supplicant(25698): nl80211: survey data missing!
D/wpa_supplicant(25698): wlan0: Control interface command 'PKTCNT_POLL'
D/wpa_supplicant(25698): wlan0: Control interface command 'SIGNAL_POLL'
D/wpa_supplicant(25698): nl80211: survey data missing!
D/wpa_supplicant(25698): wlan0: Control interface command 'PKTCNT_POLL'
D/wpa_supplicant(25698): wlan0: Control interface command 'SIGNAL_POLL'
D/wpa_supplicant(25698): nl80211: survey data missing!
D/wpa_supplicant(25698): wlan0: Control interface command 'PKTCNT_POLL'
D/wpa_supplicant(25698): wlan0: Control interface command 'SIGNAL_POLL'
D/wpa_supplicant(25698): nl80211: survey data missing!
D/wpa_supplicant(25698): wlan0: Control interface command 'SIGNAL_POLL'
D/wpa_supplicant(25698): nl80211: survey data missing!
D/wpa_supplicant(25698): wlan0: Control interface command 'PKTCNT_POLL'
D/wpa_supplicant(25698): wlan0: Control interface command 'SIGNAL_POLL'
D/wpa_supplicant(25698): nl80211: survey data missing!
D/wpa_supplicant(25698): wlan0: Control interface command 'PKTCNT_POLL'
D/wpa_supplicant(25698): wlan0: Control interface command 'SIGNAL_POLL'
D/wpa_supplicant(25698): nl80211: survey data missing!
D/wpa_supplicant(25698): wlan0: Control interface command 'PKTCNT_POLL'
D/wpa_supplicant(25698): wlan0: Control interface command 'SIGNAL_POLL'
D/wpa_supplicant(25698): nl80211: survey data missing!
D/wpa_supplicant(25698): wlan0: Control interface command 'SIGNAL_POLL'
D/wpa_supplicant(25698): nl80211: survey data missing!
D/wpa_supplicant(25698): wlan0: Control interface command 'PKTCNT_POLL'
D/wpa_supplicant(25698): wlan0: Control interface command 'SIGNAL_POLL'
D/wpa_supplicant(25698): nl80211: survey data missing!
D/wpa_supplicant(25698): wlan0: Control interface command 'PKTCNT_POLL'
D/SizeAdaptiveLayout( 1081): com.android.internal.widget.SizeAdaptiveLayout{42a5c090 V.E..... ......ID 0,0-698,130 #7f0d00b6 app:id/adaptive}child view android.widget.FrameLayout{42c645d0 V.E..... ......ID 0,0-698,129 #1020315 android:id/status_bar_latest_event_content} measured out of bounds at 129px clamped to 130px
D/SizeAdaptiveLayout( 1081): com.android.internal.widget.SizeAdaptiveLayout{42ea0cc8 V.E..... ......ID 0,0-698,130 #7f0d00b6 app:id/adaptive}child view android.widget.FrameLayout{43e3a090 V.E..... ......ID 0,0-698,129 #1020315 android:id/status_bar_latest_event_content} measured out of bounds at 129px clamped to 130px
D/wpa_supplicant(25698): wlan0: Control interface command 'SIGNAL_POLL'
D/wpa_supplicant(25698): nl80211: survey data missing!
D/wpa_supplicant(25698): wlan0: Control interface command 'PKTCNT_POLL'
D/wpa_supplicant(25698): nl80211: survey data missing!
D/wpa_supplicant(25698): wlan0: Control interface command 'SIGNAL_POLL'
D/Reminder( 2070): Release wakelock with sequence5
I/PowerManagerService(  845): Going to sleep due to screen timeout...
D/wpa_supplicant(25698): wlan0: Control interface command 'SIGNAL_POLL'
D/wpa_supplicant(25698): nl80211: survey data missing!
D/wpa_supplicant(25698): wlan0: Control interface command 'PKTCNT_POLL'
E/EventHub(  845): Error opening /sys/class/input/input/enabled: No such file or directory
E/EventHub(  845): Error opening /sys/class/input/input4/enabled: Permission denied
E/EventHub(  845): Error opening /sys/class/input/input3/enabled: Permission denied
D/AbstractScreenOnProximityLock(  845): try to release
D/AbstractScreenOnProximityLock(  845): release
D/AwesomeLockScreen(  845): onPause
D/LockPatternKeyguardView(  845): getUnlockMode sim1=READY sim2=READY

D/AbstractScreenOnProximityLock(  845): far from the screen, hide hint...
W/ContextImpl(  845): Calling a method in the system process without a qualified user: android.app.ContextImpl.sendBroadcast:1083 android.content.ContextWrapper.sendBroadcast:349 com.android.internal.policy.impl.MiuiLockPatternKeyguardView.sendKeyguardDurationAnalytics:824 com.android.internal.policy.impl.MiuiLockPatternKeyguardView.onScreenTurnedOff:783 com.android.internal.policy.impl.AbstractKeyguardViewManager.onScreenTurnedOff:248 
D/AwesomeLockScreen(  845): onPause
D/LockPatternKeyguardView(  845): getUnlockMode sim1=READY sim2=READY
